Archive member included to satisfy reference by file (symbol)

.\CortexM0p\ARM_GCC_541\Debug\Bootloader.a(Bootloader.o)
                              .\CortexM0p\ARM_GCC_541\Debug\Cm0plusStart.o (CyBtldr_CheckLaunch)
.\CortexM0p\ARM_GCC_541\Debug\Bootloader.a(I2C_I2C_BOOT.o)
                              .\CortexM0p\ARM_GCC_541\Debug\Bootloader.a(Bootloader.o) (I2C_I2CCyBtldrCommStart)
.\CortexM0p\ARM_GCC_541\Debug\Bootloader.a(I2C_I2C_SLAVE.o)
                              .\CortexM0p\ARM_GCC_541\Debug\Bootloader.a(I2C_I2C_BOOT.o) (I2C_slStatus)
.\CortexM0p\ARM_GCC_541\Debug\Bootloader.a(Bootload_EN.o)
                              .\CortexM0p\ARM_GCC_541\Debug\main.o (Bootload_EN_Read)
.\CortexM0p\ARM_GCC_541\Debug\Bootloader.a(CyFlash.o)
                              .\CortexM0p\ARM_GCC_541\Debug\Bootloader.a(Bootloader.o) (CySysFlashWriteRow)
.\CortexM0p\ARM_GCC_541\Debug\Bootloader.a(CyLib.o)
                              .\CortexM0p\ARM_GCC_541\Debug\Bootloader.a(I2C_I2C_SLAVE.o) (CyIntEnable)
.\CortexM0p\ARM_GCC_541\Debug\Bootloader.a(CyLFClk.o)
                              .\CortexM0p\ARM_GCC_541\Debug\Bootloader.a(CyLib.o) (CySysClkWcoEnabled)
.\CortexM0p\ARM_GCC_541\Debug\Bootloader.a(Red_LED.o)
                              .\CortexM0p\ARM_GCC_541\Debug\main.o (Red_LED_Write)
.\CortexM0p\ARM_GCC_541\Debug\Bootloader.a(Blue_LED.o)
                              .\CortexM0p\ARM_GCC_541\Debug\main.o (Blue_LED_Write)
.\CortexM0p\ARM_GCC_541\Debug\Bootloader.a(CyBootAsmGnu.o)
                              .\CortexM0p\ARM_GCC_541\Debug\Bootloader.a(CyLib.o) (CyDelayCycles)
.\CortexM0p\ARM_GCC_541\Debug\Bootloader.a(I2C.o)
                              .\CortexM0p\ARM_GCC_541\Debug\Bootloader.a(I2C_I2C_BOOT.o) (I2C_Start)
.\CortexM0p\ARM_GCC_541\Debug\Bootloader.a(I2C_I2C.o)
                              .\CortexM0p\ARM_GCC_541\Debug\Bootloader.a(I2C.o) (I2C_I2CInit)
.\CortexM0p\ARM_GCC_541\Debug\Bootloader.a(I2C_I2C_INT.o)
                              .\CortexM0p\ARM_GCC_541\Debug\Bootloader.a(I2C_I2C.o) (I2C_I2C_ISR)
c:/program files (x86)/cypress/psoc creator/4.1/psoc creator/import/gnu/arm/5.4.1/bin/../lib/gcc/arm-none-eabi/5.4.1/armv6-m\libgcc.a(_udivsi3.o)
                              .\CortexM0p\ARM_GCC_541\Debug\Bootloader.a(CyLib.o) (__aeabi_uidiv)
c:/program files (x86)/cypress/psoc creator/4.1/psoc creator/import/gnu/arm/5.4.1/bin/../lib/gcc/arm-none-eabi/5.4.1/armv6-m\libgcc.a(_dvmd_tls.o)
                              c:/program files (x86)/cypress/psoc creator/4.1/psoc creator/import/gnu/arm/5.4.1/bin/../lib/gcc/arm-none-eabi/5.4.1/armv6-m\libgcc.a(_udivsi3.o) (__aeabi_idiv0)
c:/program files (x86)/cypress/psoc creator/4.1/psoc creator/import/gnu/arm/5.4.1/bin/../lib/gcc/arm-none-eabi/5.4.1/../../../../arm-none-eabi/lib/armv6-m\libg_nano.a(lib_a-errno.o)
                              .\CortexM0p\ARM_GCC_541\Debug\Cm0plusStart.o (__errno)
c:/program files (x86)/cypress/psoc creator/4.1/psoc creator/import/gnu/arm/5.4.1/bin/../lib/gcc/arm-none-eabi/5.4.1/../../../../arm-none-eabi/lib/armv6-m\libg_nano.a(lib_a-exit.o)
                              c:/program files (x86)/cypress/psoc creator/4.1/psoc creator/import/gnu/arm/5.4.1/bin/../lib/gcc/arm-none-eabi/5.4.1/../../../../arm-none-eabi/lib/armv6-m/crt0.o (exit)
c:/program files (x86)/cypress/psoc creator/4.1/psoc creator/import/gnu/arm/5.4.1/bin/../lib/gcc/arm-none-eabi/5.4.1/../../../../arm-none-eabi/lib/armv6-m\libg_nano.a(lib_a-impure.o)
                              c:/program files (x86)/cypress/psoc creator/4.1/psoc creator/import/gnu/arm/5.4.1/bin/../lib/gcc/arm-none-eabi/5.4.1/../../../../arm-none-eabi/lib/armv6-m\libg_nano.a(lib_a-exit.o) (_global_impure_ptr)
c:/program files (x86)/cypress/psoc creator/4.1/psoc creator/import/gnu/arm/5.4.1/bin/../lib/gcc/arm-none-eabi/5.4.1/../../../../arm-none-eabi/lib/armv6-m\libg_nano.a(lib_a-init.o)
                              c:/program files (x86)/cypress/psoc creator/4.1/psoc creator/import/gnu/arm/5.4.1/bin/../lib/gcc/arm-none-eabi/5.4.1/../../../../arm-none-eabi/lib/armv6-m/crt0.o (__libc_init_array)
c:/program files (x86)/cypress/psoc creator/4.1/psoc creator/import/gnu/arm/5.4.1/bin/../lib/gcc/arm-none-eabi/5.4.1/../../../../arm-none-eabi/lib/armv6-m\libg_nano.a(lib_a-memcpy-stub.o)
                              .\CortexM0p\ARM_GCC_541\Debug\Bootloader.a(Bootloader.o) (memcpy)
c:/program files (x86)/cypress/psoc creator/4.1/psoc creator/import/gnu/arm/5.4.1/bin/../lib/gcc/arm-none-eabi/5.4.1/../../../../arm-none-eabi/lib/armv6-m\libg_nano.a(lib_a-memset.o)
                              c:/program files (x86)/cypress/psoc creator/4.1/psoc creator/import/gnu/arm/5.4.1/bin/../lib/gcc/arm-none-eabi/5.4.1/../../../../arm-none-eabi/lib/armv6-m/crt0.o (memset)

Allocating common symbols
Common symbol       size              file

I2C_slRdBufIndex    0x4               .\CortexM0p\ARM_GCC_541\Debug\Bootloader.a(I2C_I2C_SLAVE.o)
I2C_slRdBufIndexTmp
                    0x4               .\CortexM0p\ARM_GCC_541\Debug\Bootloader.a(I2C_I2C_SLAVE.o)
I2C_state           0x1               .\CortexM0p\ARM_GCC_541\Debug\Bootloader.a(I2C_I2C.o)
I2C_slStatus        0x1               .\CortexM0p\ARM_GCC_541\Debug\Bootloader.a(I2C_I2C_SLAVE.o)
I2C_slWrBufIndex    0x4               .\CortexM0p\ARM_GCC_541\Debug\Bootloader.a(I2C_I2C_SLAVE.o)
I2C_slRdBufSize     0x4               .\CortexM0p\ARM_GCC_541\Debug\Bootloader.a(I2C_I2C_SLAVE.o)
I2C_slWrBufSize     0x4               .\CortexM0p\ARM_GCC_541\Debug\Bootloader.a(I2C_I2C_SLAVE.o)
I2C_slWrBufPtr      0x4               .\CortexM0p\ARM_GCC_541\Debug\Bootloader.a(I2C_I2C_SLAVE.o)
I2C_slRdBufPtr      0x4               .\CortexM0p\ARM_GCC_541\Debug\Bootloader.a(I2C_I2C_SLAVE.o)
I2C_slOverFlowCount
                    0x1               .\CortexM0p\ARM_GCC_541\Debug\Bootloader.a(I2C_I2C_SLAVE.o)

Discarded input sections

 .text          0x00000000        0x0 c:/program files (x86)/cypress/psoc creator/4.1/psoc creator/import/gnu/arm/5.4.1/bin/../lib/gcc/arm-none-eabi/5.4.1/armv6-m/crti.o
 .data          0x00000000        0x0 c:/program files (x86)/cypress/psoc creator/4.1/psoc creator/import/gnu/arm/5.4.1/bin/../lib/gcc/arm-none-eabi/5.4.1/armv6-m/crti.o
 .bss           0x00000000        0x0 c:/program files (x86)/cypress/psoc creator/4.1/psoc creator/import/gnu/arm/5.4.1/bin/../lib/gcc/arm-none-eabi/5.4.1/armv6-m/crti.o
 .data          0x00000000        0x4 c:/program files (x86)/cypress/psoc creator/4.1/psoc creator/import/gnu/arm/5.4.1/bin/../lib/gcc/arm-none-eabi/5.4.1/armv6-m/crtbegin.o
 .text          0x00000000       0x78 c:/program files (x86)/cypress/psoc creator/4.1/psoc creator/import/gnu/arm/5.4.1/bin/../lib/gcc/arm-none-eabi/5.4.1/../../../../arm-none-eabi/lib/armv6-m/crt0.o
 .data          0x00000000        0x0 c:/program files (x86)/cypress/psoc creator/4.1/psoc creator/import/gnu/arm/5.4.1/bin/../lib/gcc/arm-none-eabi/5.4.1/../../../../arm-none-eabi/lib/armv6-m/crt0.o
 .bss           0x00000000        0x0 c:/program files (x86)/cypress/psoc creator/4.1/psoc creator/import/gnu/arm/5.4.1/bin/../lib/gcc/arm-none-eabi/5.4.1/../../../../arm-none-eabi/lib/armv6-m/crt0.o
 .ARM.extab     0x00000000        0x0 c:/program files (x86)/cypress/psoc creator/4.1/psoc creator/import/gnu/arm/5.4.1/bin/../lib/gcc/arm-none-eabi/5.4.1/../../../../arm-none-eabi/lib/armv6-m/crt0.o
 .ARM.exidx     0x00000000        0x8 c:/program files (x86)/cypress/psoc creator/4.1/psoc creator/import/gnu/arm/5.4.1/bin/../lib/gcc/arm-none-eabi/5.4.1/../../../../arm-none-eabi/lib/armv6-m/crt0.o
 .text          0x00000000        0x0 .\CortexM0p\ARM_GCC_541\Debug\main.o
 .data          0x00000000        0x0 .\CortexM0p\ARM_GCC_541\Debug\main.o
 .bss           0x00000000        0x0 .\CortexM0p\ARM_GCC_541\Debug\main.o
 .text          0x00000000        0x0 .\CortexM0p\ARM_GCC_541\Debug\cyfitter_cfg.o
 .data          0x00000000        0x0 .\CortexM0p\ARM_GCC_541\Debug\cyfitter_cfg.o
 .bss           0x00000000        0x0 .\CortexM0p\ARM_GCC_541\Debug\cyfitter_cfg.o
 .text          0x00000000        0x0 .\CortexM0p\ARM_GCC_541\Debug\cymetadata.o
 .data          0x00000000        0x0 .\CortexM0p\ARM_GCC_541\Debug\cymetadata.o
 .bss           0x00000000        0x0 .\CortexM0p\ARM_GCC_541\Debug\cymetadata.o
 .text          0x00000000        0x0 .\CortexM0p\ARM_GCC_541\Debug\Cm0plusStart.o
 .data          0x00000000        0x4 .\CortexM0p\ARM_GCC_541\Debug\Cm0plusStart.o
 .bss           0x00000000        0x0 .\CortexM0p\ARM_GCC_541\Debug\Cm0plusStart.o
 .text._exit    0x00000000        0xc .\CortexM0p\ARM_GCC_541\Debug\Cm0plusStart.o
 .text._sbrk    0x00000000       0x30 .\CortexM0p\ARM_GCC_541\Debug\Cm0plusStart.o
 .text          0x00000000        0x0 .\CortexM0p\ARM_GCC_541\Debug\Bootloader.a(Bootloader.o)
 .text.Bootloader_InitCallback
                0x00000000        0xc .\CortexM0p\ARM_GCC_541\Debug\Bootloader.a(Bootloader.o)
 .text          0x00000000        0x0 .\CortexM0p\ARM_GCC_541\Debug\Bootloader.a(I2C_I2C_BOOT.o)
 .data          0x00000000        0x0 .\CortexM0p\ARM_GCC_541\Debug\Bootloader.a(I2C_I2C_BOOT.o)
 .text.I2C_I2CCyBtldrCommReset
                0x00000000       0x24 .\CortexM0p\ARM_GCC_541\Debug\Bootloader.a(I2C_I2C_BOOT.o)
 .text          0x00000000        0x0 .\CortexM0p\ARM_GCC_541\Debug\Bootloader.a(I2C_I2C_SLAVE.o)
 .data          0x00000000        0x0 .\CortexM0p\ARM_GCC_541\Debug\Bootloader.a(I2C_I2C_SLAVE.o)
 .bss           0x00000000        0x0 .\CortexM0p\ARM_GCC_541\Debug\Bootloader.a(I2C_I2C_SLAVE.o)
 .text.I2C_I2CSlaveStatus
                0x00000000        0xc .\CortexM0p\ARM_GCC_541\Debug\Bootloader.a(I2C_I2C_SLAVE.o)
 .text.I2C_I2CSlaveClearReadStatus
                0x00000000       0x28 .\CortexM0p\ARM_GCC_541\Debug\Bootloader.a(I2C_I2C_SLAVE.o)
 .text.I2C_I2CSlaveClearWriteStatus
                0x00000000       0x28 .\CortexM0p\ARM_GCC_541\Debug\Bootloader.a(I2C_I2C_SLAVE.o)
 .text.I2C_I2CSlaveSetAddress
                0x00000000       0x18 .\CortexM0p\ARM_GCC_541\Debug\Bootloader.a(I2C_I2C_SLAVE.o)
 .text.I2C_I2CSlaveSetAddressMask
                0x00000000       0x18 .\CortexM0p\ARM_GCC_541\Debug\Bootloader.a(I2C_I2C_SLAVE.o)
 .text.I2C_I2CSlaveGetReadBufSize
                0x00000000        0xc .\CortexM0p\ARM_GCC_541\Debug\Bootloader.a(I2C_I2C_SLAVE.o)
 .text.I2C_I2CSlaveGetWriteBufSize
                0x00000000        0xc .\CortexM0p\ARM_GCC_541\Debug\Bootloader.a(I2C_I2C_SLAVE.o)
 .text.I2C_I2CSlaveClearReadBuf
                0x00000000        0xc .\CortexM0p\ARM_GCC_541\Debug\Bootloader.a(I2C_I2C_SLAVE.o)
 .text.I2C_I2CSlaveClearWriteBuf
                0x00000000        0xc .\CortexM0p\ARM_GCC_541\Debug\Bootloader.a(I2C_I2C_SLAVE.o)
 .text          0x00000000        0x0 .\CortexM0p\ARM_GCC_541\Debug\Bootloader.a(Bootload_EN.o)
 .data          0x00000000        0x0 .\CortexM0p\ARM_GCC_541\Debug\Bootloader.a(Bootload_EN.o)
 .bss           0x00000000        0x0 .\CortexM0p\ARM_GCC_541\Debug\Bootloader.a(Bootload_EN.o)
 .text.Bootload_EN_SetDriveMode
                0x00000000       0x18 .\CortexM0p\ARM_GCC_541\Debug\Bootloader.a(Bootload_EN.o)
 .text.Bootload_EN_Write
                0x00000000       0x18 .\CortexM0p\ARM_GCC_541\Debug\Bootloader.a(Bootload_EN.o)
 .text.Bootload_EN_ReadDataReg
                0x00000000       0x10 .\CortexM0p\ARM_GCC_541\Debug\Bootloader.a(Bootload_EN.o)
 .text.Bootload_EN_SetInterruptMode
                0x00000000       0x14 .\CortexM0p\ARM_GCC_541\Debug\Bootloader.a(Bootload_EN.o)
 .text.Bootload_EN_ClearInterrupt
                0x00000000       0x14 .\CortexM0p\ARM_GCC_541\Debug\Bootloader.a(Bootload_EN.o)
 .text          0x00000000        0x0 .\CortexM0p\ARM_GCC_541\Debug\Bootloader.a(CyFlash.o)
 .data          0x00000000        0x0 .\CortexM0p\ARM_GCC_541\Debug\Bootloader.a(CyFlash.o)
 .text.CySysSFlashWriteUserRow
                0x00000000      0x108 .\CortexM0p\ARM_GCC_541\Debug\Bootloader.a(CyFlash.o)
 .text          0x00000000        0x0 .\CortexM0p\ARM_GCC_541\Debug\Bootloader.a(CyLib.o)
 .bss           0x00000000       0x18 .\CortexM0p\ARM_GCC_541\Debug\Bootloader.a(CyLib.o)
 .text.CySysClkImoStart
                0x00000000       0x14 .\CortexM0p\ARM_GCC_541\Debug\Bootloader.a(CyLib.o)
 .text.CySysClkImoStop
                0x00000000       0x18 .\CortexM0p\ARM_GCC_541\Debug\Bootloader.a(CyLib.o)
 .text.CySysClkWriteHfclkDirect
                0x00000000       0x20 .\CortexM0p\ARM_GCC_541\Debug\Bootloader.a(CyLib.o)
 .text.CySysEnablePumpClock
                0x00000000       0x34 .\CortexM0p\ARM_GCC_541\Debug\Bootloader.a(CyLib.o)
 .text.CySysClkGetSysclkSource
                0x00000000       0x1c .\CortexM0p\ARM_GCC_541\Debug\Bootloader.a(CyLib.o)
 .text.CySysClkWriteSysclkDiv
                0x00000000       0x24 .\CortexM0p\ARM_GCC_541\Debug\Bootloader.a(CyLib.o)
 .text.CySysClkWriteHfclkDiv
                0x00000000       0x24 .\CortexM0p\ARM_GCC_541\Debug\Bootloader.a(CyLib.o)
 .text.CySysGetResetReason
                0x00000000       0x14 .\CortexM0p\ARM_GCC_541\Debug\Bootloader.a(CyLib.o)
 .text.CyDisableInts
                0x00000000       0x10 .\CortexM0p\ARM_GCC_541\Debug\Bootloader.a(CyLib.o)
 .text.CyEnableInts
                0x00000000        0xc .\CortexM0p\ARM_GCC_541\Debug\Bootloader.a(CyLib.o)
 .text.CyIntGetState
                0x00000000       0x18 .\CortexM0p\ARM_GCC_541\Debug\Bootloader.a(CyLib.o)
 .text.CyIntSetPending
                0x00000000       0x14 .\CortexM0p\ARM_GCC_541\Debug\Bootloader.a(CyLib.o)
 .text.CyIntSetSysVector
                0x00000000       0x20 .\CortexM0p\ARM_GCC_541\Debug\Bootloader.a(CyLib.o)
 .text.CyIntGetSysVector
                0x00000000       0x1c .\CortexM0p\ARM_GCC_541\Debug\Bootloader.a(CyLib.o)
 .text.CyIntGetVector
                0x00000000       0x20 .\CortexM0p\ARM_GCC_541\Debug\Bootloader.a(CyLib.o)
 .text.CyIntGetPriority
                0x00000000       0x2c .\CortexM0p\ARM_GCC_541\Debug\Bootloader.a(CyLib.o)
 .text.CyDelayUs
                0x00000000       0x14 .\CortexM0p\ARM_GCC_541\Debug\Bootloader.a(CyLib.o)
 .text.CyDelayFreq
                0x00000000       0x4c .\CortexM0p\ARM_GCC_541\Debug\Bootloader.a(CyLib.o)
 .text.CySysTickStop
                0x00000000       0x10 .\CortexM0p\ARM_GCC_541\Debug\Bootloader.a(CyLib.o)
 .text.CySysTickEnableInterrupt
                0x00000000       0x10 .\CortexM0p\ARM_GCC_541\Debug\Bootloader.a(CyLib.o)
 .text.CySysTickEnable
                0x00000000       0x18 .\CortexM0p\ARM_GCC_541\Debug\Bootloader.a(CyLib.o)
 .text.CySysTickDisableInterrupt
                0x00000000       0x10 .\CortexM0p\ARM_GCC_541\Debug\Bootloader.a(CyLib.o)
 .text.CySysTickSetReload
                0x00000000       0x10 .\CortexM0p\ARM_GCC_541\Debug\Bootloader.a(CyLib.o)
 .text.CySysTickGetReload
                0x00000000       0x10 .\CortexM0p\ARM_GCC_541\Debug\Bootloader.a(CyLib.o)
 .text.CySysTickGetValue
                0x00000000       0x10 .\CortexM0p\ARM_GCC_541\Debug\Bootloader.a(CyLib.o)
 .text.CySysTickSetClockSource
                0x00000000       0x20 .\CortexM0p\ARM_GCC_541\Debug\Bootloader.a(CyLib.o)
 .text.CySysTickGetClockSource
                0x00000000       0x10 .\CortexM0p\ARM_GCC_541\Debug\Bootloader.a(CyLib.o)
 .text.CySysTickGetCountFlag
                0x00000000       0x10 .\CortexM0p\ARM_GCC_541\Debug\Bootloader.a(CyLib.o)
 .text.CySysTickServiceCallbacks
                0x00000000       0x28 .\CortexM0p\ARM_GCC_541\Debug\Bootloader.a(CyLib.o)
 .text.CySysTickClear
                0x00000000        0xc .\CortexM0p\ARM_GCC_541\Debug\Bootloader.a(CyLib.o)
 .text.CySysTickInit
                0x00000000       0x44 .\CortexM0p\ARM_GCC_541\Debug\Bootloader.a(CyLib.o)
 .text.CySysTickStart
                0x00000000       0x20 .\CortexM0p\ARM_GCC_541\Debug\Bootloader.a(CyLib.o)
 .text.CySysTickSetCallback
                0x00000000       0x10 .\CortexM0p\ARM_GCC_541\Debug\Bootloader.a(CyLib.o)
 .text.CySysTickGetCallback
                0x00000000        0xc .\CortexM0p\ARM_GCC_541\Debug\Bootloader.a(CyLib.o)
 .text.CyGetUniqueId
                0x00000000       0x70 .\CortexM0p\ARM_GCC_541\Debug\Bootloader.a(CyLib.o)
 .text          0x00000000        0x0 .\CortexM0p\ARM_GCC_541\Debug\Bootloader.a(CyLFClk.o)
 .data          0x00000000        0x0 .\CortexM0p\ARM_GCC_541\Debug\Bootloader.a(CyLFClk.o)
 .bss           0x00000000        0x8 .\CortexM0p\ARM_GCC_541\Debug\Bootloader.a(CyLFClk.o)
 .text.CySysClkIloStart
                0x00000000       0x14 .\CortexM0p\ARM_GCC_541\Debug\Bootloader.a(CyLFClk.o)
 .text.CySysClkIloStop
                0x00000000       0x10 .\CortexM0p\ARM_GCC_541\Debug\Bootloader.a(CyLFClk.o)
 .text.CySysClkIloStartMeasurement
                0x00000000       0x34 .\CortexM0p\ARM_GCC_541\Debug\Bootloader.a(CyLFClk.o)
 .text.CySysClkIloStopMeasurement
                0x00000000       0x28 .\CortexM0p\ARM_GCC_541\Debug\Bootloader.a(CyLFClk.o)
 .text.CySysClkIloCompensate
                0x00000000      0x10c .\CortexM0p\ARM_GCC_541\Debug\Bootloader.a(CyLFClk.o)
 .text.CySysClkWcoStart
                0x00000000       0x40 .\CortexM0p\ARM_GCC_541\Debug\Bootloader.a(CyLFClk.o)
 .text.CySysClkWcoStop
                0x00000000       0x1c .\CortexM0p\ARM_GCC_541\Debug\Bootloader.a(CyLFClk.o)
 .text.CySysClkWcoSetPowerMode
                0x00000000       0x4c .\CortexM0p\ARM_GCC_541\Debug\Bootloader.a(CyLFClk.o)
 .text.CySysClkWcoClockOutSelect
                0x00000000       0x2c .\CortexM0p\ARM_GCC_541\Debug\Bootloader.a(CyLFClk.o)
 .text.CySysWdtGetEnabledStatus
                0x00000000       0x1c .\CortexM0p\ARM_GCC_541\Debug\Bootloader.a(CyLFClk.o)
 .text.CySysWdtEnable
                0x00000000        0xc .\CortexM0p\ARM_GCC_541\Debug\Bootloader.a(CyLFClk.o)
 .text.CySysWdtSetMatch
                0x00000000       0x18 .\CortexM0p\ARM_GCC_541\Debug\Bootloader.a(CyLFClk.o)
 .text.CySysWdtGetMatch
                0x00000000       0x10 .\CortexM0p\ARM_GCC_541\Debug\Bootloader.a(CyLFClk.o)
 .text.CySysWdtGetCount
                0x00000000        0xc .\CortexM0p\ARM_GCC_541\Debug\Bootloader.a(CyLFClk.o)
 .text.CySysWdtSetIgnoreBits
                0x00000000       0x20 .\CortexM0p\ARM_GCC_541\Debug\Bootloader.a(CyLFClk.o)
 .text.CySysWdtGetIgnoreBits
                0x00000000       0x10 .\CortexM0p\ARM_GCC_541\Debug\Bootloader.a(CyLFClk.o)
 .text.CySysWdtClearInterrupt
                0x00000000       0x10 .\CortexM0p\ARM_GCC_541\Debug\Bootloader.a(CyLFClk.o)
 .text.CySysWdtMaskInterrupt
                0x00000000       0x10 .\CortexM0p\ARM_GCC_541\Debug\Bootloader.a(CyLFClk.o)
 .text.CySysWdtUnmaskInterrupt
                0x00000000       0x10 .\CortexM0p\ARM_GCC_541\Debug\Bootloader.a(CyLFClk.o)
 .text.CySysWdtSetInterruptCallback
                0x00000000       0x10 .\CortexM0p\ARM_GCC_541\Debug\Bootloader.a(CyLFClk.o)
 .text.CySysWdtGetInterruptCallback
                0x00000000        0xc .\CortexM0p\ARM_GCC_541\Debug\Bootloader.a(CyLFClk.o)
 .text.CySysWdtIsr
                0x00000000       0x18 .\CortexM0p\ARM_GCC_541\Debug\Bootloader.a(CyLFClk.o)
 .text          0x00000000        0x0 .\CortexM0p\ARM_GCC_541\Debug\Bootloader.a(Red_LED.o)
 .data          0x00000000        0x0 .\CortexM0p\ARM_GCC_541\Debug\Bootloader.a(Red_LED.o)
 .bss           0x00000000        0x0 .\CortexM0p\ARM_GCC_541\Debug\Bootloader.a(Red_LED.o)
 .text.Red_LED_SetDriveMode
                0x00000000       0x14 .\CortexM0p\ARM_GCC_541\Debug\Bootloader.a(Red_LED.o)
 .text.Red_LED_Read
                0x00000000       0x10 .\CortexM0p\ARM_GCC_541\Debug\Bootloader.a(Red_LED.o)
 .text.Red_LED_ReadDataReg
                0x00000000       0x10 .\CortexM0p\ARM_GCC_541\Debug\Bootloader.a(Red_LED.o)
 .text.Red_LED_SetInterruptMode
                0x00000000       0x14 .\CortexM0p\ARM_GCC_541\Debug\Bootloader.a(Red_LED.o)
 .text.Red_LED_ClearInterrupt
                0x00000000       0x10 .\CortexM0p\ARM_GCC_541\Debug\Bootloader.a(Red_LED.o)
 .text          0x00000000        0x0 .\CortexM0p\ARM_GCC_541\Debug\Bootloader.a(Blue_LED.o)
 .data          0x00000000        0x0 .\CortexM0p\ARM_GCC_541\Debug\Bootloader.a(Blue_LED.o)
 .bss           0x00000000        0x0 .\CortexM0p\ARM_GCC_541\Debug\Bootloader.a(Blue_LED.o)
 .text.Blue_LED_SetDriveMode
                0x00000000       0x18 .\CortexM0p\ARM_GCC_541\Debug\Bootloader.a(Blue_LED.o)
 .text.Blue_LED_Read
                0x00000000       0x10 .\CortexM0p\ARM_GCC_541\Debug\Bootloader.a(Blue_LED.o)
 .text.Blue_LED_ReadDataReg
                0x00000000       0x10 .\CortexM0p\ARM_GCC_541\Debug\Bootloader.a(Blue_LED.o)
 .text.Blue_LED_SetInterruptMode
                0x00000000       0x14 .\CortexM0p\ARM_GCC_541\Debug\Bootloader.a(Blue_LED.o)
 .text.Blue_LED_ClearInterrupt
                0x00000000       0x14 .\CortexM0p\ARM_GCC_541\Debug\Bootloader.a(Blue_LED.o)
 .data          0x00000000        0x0 .\CortexM0p\ARM_GCC_541\Debug\Bootloader.a(CyBootAsmGnu.o)
 .bss           0x00000000        0x0 .\CortexM0p\ARM_GCC_541\Debug\Bootloader.a(CyBootAsmGnu.o)
 .text          0x00000000        0x0 .\CortexM0p\ARM_GCC_541\Debug\Bootloader.a(I2C.o)
 .data          0x00000000        0x0 .\CortexM0p\ARM_GCC_541\Debug\Bootloader.a(I2C.o)
 .text.I2C_SetRxFifoLevel
                0x00000000       0x14 .\CortexM0p\ARM_GCC_541\Debug\Bootloader.a(I2C.o)
 .text.I2C_SetTxFifoLevel
                0x00000000       0x14 .\CortexM0p\ARM_GCC_541\Debug\Bootloader.a(I2C.o)
 .text          0x00000000        0x0 .\CortexM0p\ARM_GCC_541\Debug\Bootloader.a(I2C_I2C.o)
 .data          0x00000000        0x0 .\CortexM0p\ARM_GCC_541\Debug\Bootloader.a(I2C_I2C.o)
 .bss           0x00000000        0x0 .\CortexM0p\ARM_GCC_541\Debug\Bootloader.a(I2C_I2C.o)
 .text          0x00000000        0x0 .\CortexM0p\ARM_GCC_541\Debug\Bootloader.a(I2C_I2C_INT.o)
 .data          0x00000000        0x0 .\CortexM0p\ARM_GCC_541\Debug\Bootloader.a(I2C_I2C_INT.o)
 .bss           0x00000000        0x0 .\CortexM0p\ARM_GCC_541\Debug\Bootloader.a(I2C_I2C_INT.o)
 .text          0x00000000      0x114 c:/program files (x86)/cypress/psoc creator/4.1/psoc creator/import/gnu/arm/5.4.1/bin/../lib/gcc/arm-none-eabi/5.4.1/armv6-m\libgcc.a(_udivsi3.o)
 .data          0x00000000        0x0 c:/program files (x86)/cypress/psoc creator/4.1/psoc creator/import/gnu/arm/5.4.1/bin/../lib/gcc/arm-none-eabi/5.4.1/armv6-m\libgcc.a(_udivsi3.o)
 .bss           0x00000000        0x0 c:/program files (x86)/cypress/psoc creator/4.1/psoc creator/import/gnu/arm/5.4.1/bin/../lib/gcc/arm-none-eabi/5.4.1/armv6-m\libgcc.a(_udivsi3.o)
 .text          0x00000000        0x4 c:/program files (x86)/cypress/psoc creator/4.1/psoc creator/import/gnu/arm/5.4.1/bin/../lib/gcc/arm-none-eabi/5.4.1/armv6-m\libgcc.a(_dvmd_tls.o)
 .data          0x00000000        0x0 c:/program files (x86)/cypress/psoc creator/4.1/psoc creator/import/gnu/arm/5.4.1/bin/../lib/gcc/arm-none-eabi/5.4.1/armv6-m\libgcc.a(_dvmd_tls.o)
 .bss           0x00000000        0x0 c:/program files (x86)/cypress/psoc creator/4.1/psoc creator/import/gnu/arm/5.4.1/bin/../lib/gcc/arm-none-eabi/5.4.1/armv6-m\libgcc.a(_dvmd_tls.o)
 .text          0x00000000        0x0 c:/program files (x86)/cypress/psoc creator/4.1/psoc creator/import/gnu/arm/5.4.1/bin/../lib/gcc/arm-none-eabi/5.4.1/../../../../arm-none-eabi/lib/armv6-m\libg_nano.a(lib_a-errno.o)
 .data          0x00000000        0x0 c:/program files (x86)/cypress/psoc creator/4.1/psoc creator/import/gnu/arm/5.4.1/bin/../lib/gcc/arm-none-eabi/5.4.1/../../../../arm-none-eabi/lib/armv6-m\libg_nano.a(lib_a-errno.o)
 .bss           0x00000000        0x0 c:/program files (x86)/cypress/psoc creator/4.1/psoc creator/import/gnu/arm/5.4.1/bin/../lib/gcc/arm-none-eabi/5.4.1/../../../../arm-none-eabi/lib/armv6-m\libg_nano.a(lib_a-errno.o)
 .text          0x00000000        0x0 c:/program files (x86)/cypress/psoc creator/4.1/psoc creator/import/gnu/arm/5.4.1/bin/../lib/gcc/arm-none-eabi/5.4.1/../../../../arm-none-eabi/lib/armv6-m\libg_nano.a(lib_a-exit.o)
 .data          0x00000000        0x0 c:/program files (x86)/cypress/psoc creator/4.1/psoc creator/import/gnu/arm/5.4.1/bin/../lib/gcc/arm-none-eabi/5.4.1/../../../../arm-none-eabi/lib/armv6-m\libg_nano.a(lib_a-exit.o)
 .bss           0x00000000        0x0 c:/program files (x86)/cypress/psoc creator/4.1/psoc creator/import/gnu/arm/5.4.1/bin/../lib/gcc/arm-none-eabi/5.4.1/../../../../arm-none-eabi/lib/armv6-m\libg_nano.a(lib_a-exit.o)
 .text.exit     0x00000000       0x2c c:/program files (x86)/cypress/psoc creator/4.1/psoc creator/import/gnu/arm/5.4.1/bin/../lib/gcc/arm-none-eabi/5.4.1/../../../../arm-none-eabi/lib/armv6-m\libg_nano.a(lib_a-exit.o)
 .text          0x00000000        0x0 c:/program files (x86)/cypress/psoc creator/4.1/psoc creator/import/gnu/arm/5.4.1/bin/../lib/gcc/arm-none-eabi/5.4.1/../../../../arm-none-eabi/lib/armv6-m\libg_nano.a(lib_a-impure.o)
 .data          0x00000000        0x0 c:/program files (x86)/cypress/psoc creator/4.1/psoc creator/import/gnu/arm/5.4.1/bin/../lib/gcc/arm-none-eabi/5.4.1/../../../../arm-none-eabi/lib/armv6-m\libg_nano.a(lib_a-impure.o)
 .bss           0x00000000        0x0 c:/program files (x86)/cypress/psoc creator/4.1/psoc creator/import/gnu/arm/5.4.1/bin/../lib/gcc/arm-none-eabi/5.4.1/../../../../arm-none-eabi/lib/armv6-m\libg_nano.a(lib_a-impure.o)
 .rodata._global_impure_ptr
                0x00000000        0x4 c:/program files (x86)/cypress/psoc creator/4.1/psoc creator/import/gnu/arm/5.4.1/bin/../lib/gcc/arm-none-eabi/5.4.1/../../../../arm-none-eabi/lib/armv6-m\libg_nano.a(lib_a-impure.o)
 .text          0x00000000        0x0 c:/program files (x86)/cypress/psoc creator/4.1/psoc creator/import/gnu/arm/5.4.1/bin/../lib/gcc/arm-none-eabi/5.4.1/../../../../arm-none-eabi/lib/armv6-m\libg_nano.a(lib_a-init.o)
 .data          0x00000000        0x0 c:/program files (x86)/cypress/psoc creator/4.1/psoc creator/import/gnu/arm/5.4.1/bin/../lib/gcc/arm-none-eabi/5.4.1/../../../../arm-none-eabi/lib/armv6-m\libg_nano.a(lib_a-init.o)
 .bss           0x00000000        0x0 c:/program files (x86)/cypress/psoc creator/4.1/psoc creator/import/gnu/arm/5.4.1/bin/../lib/gcc/arm-none-eabi/5.4.1/../../../../arm-none-eabi/lib/armv6-m\libg_nano.a(lib_a-init.o)
 .text          0x00000000        0x0 c:/program files (x86)/cypress/psoc creator/4.1/psoc creator/import/gnu/arm/5.4.1/bin/../lib/gcc/arm-none-eabi/5.4.1/../../../../arm-none-eabi/lib/armv6-m\libg_nano.a(lib_a-memcpy-stub.o)
 .data          0x00000000        0x0 c:/program files (x86)/cypress/psoc creator/4.1/psoc creator/import/gnu/arm/5.4.1/bin/../lib/gcc/arm-none-eabi/5.4.1/../../../../arm-none-eabi/lib/armv6-m\libg_nano.a(lib_a-memcpy-stub.o)
 .bss           0x00000000        0x0 c:/program files (x86)/cypress/psoc creator/4.1/psoc creator/import/gnu/arm/5.4.1/bin/../lib/gcc/arm-none-eabi/5.4.1/../../../../arm-none-eabi/lib/armv6-m\libg_nano.a(lib_a-memcpy-stub.o)
 .text          0x00000000        0x0 c:/program files (x86)/cypress/psoc creator/4.1/psoc creator/import/gnu/arm/5.4.1/bin/../lib/gcc/arm-none-eabi/5.4.1/../../../../arm-none-eabi/lib/armv6-m\libg_nano.a(lib_a-memset.o)
 .data          0x00000000        0x0 c:/program files (x86)/cypress/psoc creator/4.1/psoc creator/import/gnu/arm/5.4.1/bin/../lib/gcc/arm-none-eabi/5.4.1/../../../../arm-none-eabi/lib/armv6-m\libg_nano.a(lib_a-memset.o)
 .bss           0x00000000        0x0 c:/program files (x86)/cypress/psoc creator/4.1/psoc creator/import/gnu/arm/5.4.1/bin/../lib/gcc/arm-none-eabi/5.4.1/../../../../arm-none-eabi/lib/armv6-m\libg_nano.a(lib_a-memset.o)
 .text          0x00000000        0x0 c:/program files (x86)/cypress/psoc creator/4.1/psoc creator/import/gnu/arm/5.4.1/bin/../lib/gcc/arm-none-eabi/5.4.1/armv6-m/crtend.o
 .data          0x00000000        0x0 c:/program files (x86)/cypress/psoc creator/4.1/psoc creator/import/gnu/arm/5.4.1/bin/../lib/gcc/arm-none-eabi/5.4.1/armv6-m/crtend.o
 .bss           0x00000000        0x0 c:/program files (x86)/cypress/psoc creator/4.1/psoc creator/import/gnu/arm/5.4.1/bin/../lib/gcc/arm-none-eabi/5.4.1/armv6-m/crtend.o
 .text          0x00000000        0x0 c:/program files (x86)/cypress/psoc creator/4.1/psoc creator/import/gnu/arm/5.4.1/bin/../lib/gcc/arm-none-eabi/5.4.1/armv6-m/crtn.o
 .data          0x00000000        0x0 c:/program files (x86)/cypress/psoc creator/4.1/psoc creator/import/gnu/arm/5.4.1/bin/../lib/gcc/arm-none-eabi/5.4.1/armv6-m/crtn.o
 .bss           0x00000000        0x0 c:/program files (x86)/cypress/psoc creator/4.1/psoc creator/import/gnu/arm/5.4.1/bin/../lib/gcc/arm-none-eabi/5.4.1/armv6-m/crtn.o

Memory Configuration

Name             Origin             Length             Attributes
rom              0x00000000         0x00004000         xr
ram              0x20000000         0x00000800         xrw
*default*        0x00000000         0xffffffff

Linker script and memory map

LOAD c:/program files (x86)/cypress/psoc creator/4.1/psoc creator/import/gnu/arm/5.4.1/bin/../lib/gcc/arm-none-eabi/5.4.1/armv6-m/crti.o
LOAD c:/program files (x86)/cypress/psoc creator/4.1/psoc creator/import/gnu/arm/5.4.1/bin/../lib/gcc/arm-none-eabi/5.4.1/armv6-m/crtbegin.o
LOAD c:/program files (x86)/cypress/psoc creator/4.1/psoc creator/import/gnu/arm/5.4.1/bin/../lib/gcc/arm-none-eabi/5.4.1/../../../../arm-none-eabi/lib/armv6-m/crt0.o
START GROUP
LOAD .\CortexM0p\ARM_GCC_541\Debug\main.o
LOAD .\CortexM0p\ARM_GCC_541\Debug\cyfitter_cfg.o
LOAD .\CortexM0p\ARM_GCC_541\Debug\cymetadata.o
LOAD .\CortexM0p\ARM_GCC_541\Debug\Cm0plusStart.o
LOAD .\CortexM0p\ARM_GCC_541\Debug\Bootloader.a
END GROUP
START GROUP
LOAD c:/program files (x86)/cypress/psoc creator/4.1/psoc creator/import/gnu/arm/5.4.1/bin/../lib/gcc/arm-none-eabi/5.4.1/armv6-m\libgcc.a
LOAD c:/program files (x86)/cypress/psoc creator/4.1/psoc creator/import/gnu/arm/5.4.1/bin/../lib/gcc/arm-none-eabi/5.4.1/../../../../arm-none-eabi/lib/armv6-m\libg_nano.a
LOAD c:/program files (x86)/cypress/psoc creator/4.1/psoc creator/import/gnu/arm/5.4.1/bin/../lib/gcc/arm-none-eabi/5.4.1/../../../../arm-none-eabi/lib/armv6-m\libc_nano.a
END GROUP
START GROUP
LOAD c:/program files (x86)/cypress/psoc creator/4.1/psoc creator/import/gnu/arm/5.4.1/bin/../lib/gcc/arm-none-eabi/5.4.1/armv6-m\libgcc.a
LOAD c:/program files (x86)/cypress/psoc creator/4.1/psoc creator/import/gnu/arm/5.4.1/bin/../lib/gcc/arm-none-eabi/5.4.1/../../../../arm-none-eabi/lib/armv6-m\libc_nano.a
END GROUP
LOAD c:/program files (x86)/cypress/psoc creator/4.1/psoc creator/import/gnu/arm/5.4.1/bin/../lib/gcc/arm-none-eabi/5.4.1/armv6-m/crtend.o
LOAD c:/program files (x86)/cypress/psoc creator/4.1/psoc creator/import/gnu/arm/5.4.1/bin/../lib/gcc/arm-none-eabi/5.4.1/armv6-m/crtn.o
START GROUP
LOAD c:/program files (x86)/cypress/psoc creator/4.1/psoc creator/import/gnu/arm/5.4.1/bin/../lib/gcc/arm-none-eabi/5.4.1/armv6-m\libgcc.a
LOAD c:/program files (x86)/cypress/psoc creator/4.1/psoc creator/import/gnu/arm/5.4.1/bin/../lib/gcc/arm-none-eabi/5.4.1/../../../../arm-none-eabi/lib/armv6-m\libc.a
LOAD c:/program files (x86)/cypress/psoc creator/4.1/psoc creator/import/gnu/arm/5.4.1/bin/../lib/gcc/arm-none-eabi/5.4.1/../../../../arm-none-eabi/lib/armv6-m\libnosys.a
END GROUP
                0x00000000                CY_APPL_ORIGIN = 0x0
                0x00000080                CY_FLASH_ROW_SIZE = 0x80
                0x00000001                CY_APPL_NUM = 0x1
                0x00000001                CY_APPL_MAX = 0x1
                0x00000040                CY_METADATA_SIZE = 0x40
                0x00000000                CY_APPL_LOADABLE = 0x0
                0x00000000                CY_CHECKSUM_EXCLUDE_SIZE = ALIGN (0x0, CY_FLASH_ROW_SIZE)
                0x00000000                CY_APP_FOR_STACK_AND_COPIER = 0x0
                [!provide]                PROVIDE (__cy_heap_start, _end)
                0x00000001                PROVIDE (__cy_region_num, ((__cy_regions_end - __cy_regions) / 0x10))
                0x20000800                PROVIDE (__cy_stack, (ORIGIN (ram) + LENGTH (ram)))
                [!provide]                PROVIDE (__cy_heap_end, (__cy_stack - 0x400))

.cybootloader   0x00000000        0x0
 *(.cybootloader)
                0x00000000                appl1_start = CY_APPL_ORIGIN?CY_APPL_ORIGIN:ALIGN (CY_FLASH_ROW_SIZE)
                0x00001f80                appl2_start = (appl1_start + ALIGN ((((LENGTH (rom) - appl1_start) - (0x2 * CY_FLASH_ROW_SIZE)) / 0x2), CY_FLASH_ROW_SIZE))
                0x00000000                appl_start = (CY_APPL_NUM == 0x1)?appl1_start:appl2_start
                0x00000001                cy_project_type_bootloader = (appl_start == 0x0)?0x1:0x0
                0x00000000                cy_project_type_app_for_stack_and_copier = (CY_APP_FOR_STACK_AND_COPIER == 0x1)?0x1:0x0

.text           0x00000000     0x1721
 CREATE_OBJECT_SYMBOLS
                0x00000000                PROVIDE (__cy_interrupt_vector, RomVectors)
 *(.romvectors)
 .romvectors    0x00000000       0x10 .\CortexM0p\ARM_GCC_541\Debug\Cm0plusStart.o
                0x00000000                RomVectors
                0x00000001                ASSERT ((. != __cy_interrupt_vector), No interrupt vector)
                0x00000001                ASSERT (CY_APPL_ORIGIN?(SIZEOF (.cybootloader) <= CY_APPL_ORIGIN):0x1, Wrong image location)
                0x00000010                PROVIDE (__cy_reset, Reset)
 *(.text.Reset)
 .text.Reset    0x00000010       0x10 .\CortexM0p\ARM_GCC_541\Debug\Cm0plusStart.o
                0x00000010                Reset
                0x00000001                ASSERT ((. != __cy_reset), No reset code)
 *(.psocinit)
 .psocinit      0x00000020       0x9c .\CortexM0p\ARM_GCC_541\Debug\cyfitter_cfg.o
                0x00000068                cyfitter_cfg
                0x00000100                . = MAX (., 0x100)
 *fill*         0x000000bc       0x44 
 *(.text .text.* .gnu.linkonce.t.*)
 .text          0x00000100       0x60 c:/program files (x86)/cypress/psoc creator/4.1/psoc creator/import/gnu/arm/5.4.1/bin/../lib/gcc/arm-none-eabi/5.4.1/armv6-m/crtbegin.o
 .text.main     0x00000160       0x38 .\CortexM0p\ARM_GCC_541\Debug\main.o
                0x00000160                main
 .text.IntDefaultHandler
                0x00000198       0x10 .\CortexM0p\ARM_GCC_541\Debug\Cm0plusStart.o
                0x00000198                IntDefaultHandler
 .text.Start_c  0x000001a8       0x48 .\CortexM0p\ARM_GCC_541\Debug\Cm0plusStart.o
                0x000001a8                Start_c
 .text.initialize_psoc
                0x000001f0       0x50 .\CortexM0p\ARM_GCC_541\Debug\Cm0plusStart.o
                0x000001f0                initialize_psoc
 .text.Bootloader_CalcPacketChecksum
                0x00000240       0x1c .\CortexM0p\ARM_GCC_541\Debug\Bootloader.a(Bootloader.o)
 .text.Bootloader_LaunchBootloadable
                0x0000025c        0x4 .\CortexM0p\ARM_GCC_541\Debug\Bootloader.a(Bootloader.o)
 .text.Bootloader_LaunchApplication
                0x00000260       0x14 .\CortexM0p\ARM_GCC_541\Debug\Bootloader.a(Bootloader.o)
 .text.Bootloader_WritePacket
                0x00000274       0x44 .\CortexM0p\ARM_GCC_541\Debug\Bootloader.a(Bootloader.o)
 .text.Bootloader_Calc8BitSum
                0x000002b8       0x28 .\CortexM0p\ARM_GCC_541\Debug\Bootloader.a(Bootloader.o)
                0x000002b8                Bootloader_Calc8BitSum
 .text.Bootloader_SetFlashByte
                0x000002e0       0x38 .\CortexM0p\ARM_GCC_541\Debug\Bootloader.a(Bootloader.o)
                0x000002e0                Bootloader_SetFlashByte
 .text.Bootloader_GetMetadata
                0x00000318      0x13c .\CortexM0p\ARM_GCC_541\Debug\Bootloader.a(Bootloader.o)
                0x00000318                Bootloader_GetMetadata
 .text.CyBtldr_CheckLaunch
                0x00000454       0x40 .\CortexM0p\ARM_GCC_541\Debug\Bootloader.a(Bootloader.o)
                0x00000454                CyBtldr_CheckLaunch
 .text.Bootloader_ValidateBootloadable
                0x00000494       0x64 .\CortexM0p\ARM_GCC_541\Debug\Bootloader.a(Bootloader.o)
                0x00000494                Bootloader_ValidateBootloadable
 .text.Bootloader_Exit
                0x000004f8       0x5c .\CortexM0p\ARM_GCC_541\Debug\Bootloader.a(Bootloader.o)
                0x000004f8                Bootloader_Exit
 .text.Bootloader_HostLink
                0x00000554      0x424 .\CortexM0p\ARM_GCC_541\Debug\Bootloader.a(Bootloader.o)
 .text.Bootloader_Start
                0x00000978       0x68 .\CortexM0p\ARM_GCC_541\Debug\Bootloader.a(Bootloader.o)
                0x00000978                Bootloader_Start
 .text.I2C_I2CResposeInsert
                0x000009e0       0x54 .\CortexM0p\ARM_GCC_541\Debug\Bootloader.a(I2C_I2C_BOOT.o)
 .text.I2C_I2CCyBtldrCommStart
                0x00000a34       0x30 .\CortexM0p\ARM_GCC_541\Debug\Bootloader.a(I2C_I2C_BOOT.o)
                0x00000a34                I2C_I2CCyBtldrCommStart
 .text.I2C_I2CCyBtldrCommStop
                0x00000a64        0x8 .\CortexM0p\ARM_GCC_541\Debug\Bootloader.a(I2C_I2C_BOOT.o)
                0x00000a64                I2C_I2CCyBtldrCommStop
 .text.I2C_I2CCyBtldrCommRead
                0x00000a6c       0x6c .\CortexM0p\ARM_GCC_541\Debug\Bootloader.a(I2C_I2C_BOOT.o)
                0x00000a6c                I2C_I2CCyBtldrCommRead
 .text.I2C_I2CCyBtldrCommWrite
                0x00000ad8       0x30 .\CortexM0p\ARM_GCC_541\Debug\Bootloader.a(I2C_I2C_BOOT.o)
                0x00000ad8                I2C_I2CCyBtldrCommWrite
 .text.I2C_I2CSlaveInitReadBuf
                0x00000b08       0x3c .\CortexM0p\ARM_GCC_541\Debug\Bootloader.a(I2C_I2C_SLAVE.o)
                0x00000b08                I2C_I2CSlaveInitReadBuf
 .text.I2C_I2CSlaveInitWriteBuf
                0x00000b44       0x34 .\CortexM0p\ARM_GCC_541\Debug\Bootloader.a(I2C_I2C_SLAVE.o)
                0x00000b44                I2C_I2CSlaveInitWriteBuf
 .text.Bootload_EN_Read
                0x00000b78       0x10 .\CortexM0p\ARM_GCC_541\Debug\Bootloader.a(Bootload_EN.o)
                0x00000b78                Bootload_EN_Read
 .text.CySysFlashClockBackup
                0x00000b88       0x64 .\CortexM0p\ARM_GCC_541\Debug\Bootloader.a(CyFlash.o)
 .text.CySysFlashClockConfig
                0x00000bec       0x54 .\CortexM0p\ARM_GCC_541\Debug\Bootloader.a(CyFlash.o)
 .text.CySysFlashClockRestore
                0x00000c40       0x64 .\CortexM0p\ARM_GCC_541\Debug\Bootloader.a(CyFlash.o)
 .text.CySysFlashWriteRow
                0x00000ca4      0x118 .\CortexM0p\ARM_GCC_541\Debug\Bootloader.a(CyFlash.o)
                0x00000ca4                CySysFlashWriteRow
 .text.CySysFlashSetWaitCycles
                0x00000dbc       0x54 .\CortexM0p\ARM_GCC_541\Debug\Bootloader.a(CyFlash.o)
                0x00000dbc                CySysFlashSetWaitCycles
 .text.CySysClkImoDisableWcoLock
                0x00000e10       0x14 .\CortexM0p\ARM_GCC_541\Debug\Bootloader.a(CyLib.o)
                0x00000e10                CySysClkImoDisableWcoLock
 .text.CySysClkImoGetWcoLock
                0x00000e24       0x14 .\CortexM0p\ARM_GCC_541\Debug\Bootloader.a(CyLib.o)
                0x00000e24                CySysClkImoGetWcoLock
 .text.CyIntEnable
                0x00000e38       0x14 .\CortexM0p\ARM_GCC_541\Debug\Bootloader.a(CyLib.o)
                0x00000e38                CyIntEnable
 .text.CyIntDisable
                0x00000e4c       0x14 .\CortexM0p\ARM_GCC_541\Debug\Bootloader.a(CyLib.o)
                0x00000e4c                CyIntDisable
 .text.CyIntClearPending
                0x00000e60       0x14 .\CortexM0p\ARM_GCC_541\Debug\Bootloader.a(CyLib.o)
                0x00000e60                CyIntClearPending
 .text.CyHalt   0x00000e74        0x4 .\CortexM0p\ARM_GCC_541\Debug\Bootloader.a(CyLib.o)
                0x00000e74                CyHalt
 .text.CyIntSetVector
                0x00000e78       0x24 .\CortexM0p\ARM_GCC_541\Debug\Bootloader.a(CyLib.o)
                0x00000e78                CyIntSetVector
 .text.CyIntSetPriority
                0x00000e9c       0x4c .\CortexM0p\ARM_GCC_541\Debug\Bootloader.a(CyLib.o)
                0x00000e9c                CyIntSetPriority
 .text.CySoftwareReset
                0x00000ee8       0x18 .\CortexM0p\ARM_GCC_541\Debug\Bootloader.a(CyLib.o)
                0x00000ee8                CySoftwareReset
 .text.CyDelay  0x00000f00       0x30 .\CortexM0p\ARM_GCC_541\Debug\Bootloader.a(CyLib.o)
                0x00000f00                CyDelay
 .text.CySysClkImoEnableWcoLock
                0x00000f30       0xcc .\CortexM0p\ARM_GCC_541\Debug\Bootloader.a(CyLib.o)
                0x00000f30                CySysClkImoEnableWcoLock
 .text.CySysClkWriteImoFreq
                0x00000ffc       0xd8 .\CortexM0p\ARM_GCC_541\Debug\Bootloader.a(CyLib.o)
                0x00000ffc                CySysClkWriteImoFreq
 .text.CySysClkWcoEnabled
                0x000010d4       0x14 .\CortexM0p\ARM_GCC_541\Debug\Bootloader.a(CyLFClk.o)
                0x000010d4                CySysClkWcoEnabled
 .text.CySysWdtDisable
                0x000010e8       0x10 .\CortexM0p\ARM_GCC_541\Debug\Bootloader.a(CyLFClk.o)
                0x000010e8                CySysWdtDisable
 .text.Red_LED_Write
                0x000010f8       0x18 .\CortexM0p\ARM_GCC_541\Debug\Bootloader.a(Red_LED.o)
                0x000010f8                Red_LED_Write
 .text.Blue_LED_Write
                0x00001110       0x18 .\CortexM0p\ARM_GCC_541\Debug\Bootloader.a(Blue_LED.o)
                0x00001110                Blue_LED_Write
 .text          0x00001128       0x20 .\CortexM0p\ARM_GCC_541\Debug\Bootloader.a(CyBootAsmGnu.o)
                0x00001128                CyDelayCycles
                0x0000113a                CyEnterCriticalSection
                0x00001142                CyExitCriticalSection
 .text.I2C_ScbEnableIntr
                0x00001148        0xc .\CortexM0p\ARM_GCC_541\Debug\Bootloader.a(I2C.o)
 .text.I2C_ScbModeStop
                0x00001154        0x8 .\CortexM0p\ARM_GCC_541\Debug\Bootloader.a(I2C.o)
 .text.I2C_Init
                0x0000115c        0x8 .\CortexM0p\ARM_GCC_541\Debug\Bootloader.a(I2C.o)
                0x0000115c                I2C_Init
 .text.I2C_Enable
                0x00001164       0x18 .\CortexM0p\ARM_GCC_541\Debug\Bootloader.a(I2C.o)
                0x00001164                I2C_Enable
 .text.I2C_Start
                0x0000117c       0x20 .\CortexM0p\ARM_GCC_541\Debug\Bootloader.a(I2C.o)
                0x0000117c                I2C_Start
 .text.I2C_Stop
                0x0000119c       0x2c .\CortexM0p\ARM_GCC_541\Debug\Bootloader.a(I2C.o)
                0x0000119c                I2C_Stop
 .text.I2C_SetCustomInterruptHandler
                0x000011c8        0xc .\CortexM0p\ARM_GCC_541\Debug\Bootloader.a(I2C.o)
                0x000011c8                I2C_SetCustomInterruptHandler
 .text.I2C_I2CInit
                0x000011d4       0xcc .\CortexM0p\ARM_GCC_541\Debug\Bootloader.a(I2C_I2C.o)
                0x000011d4                I2C_I2CInit
 .text.I2C_I2CStop
                0x000012a0        0xc .\CortexM0p\ARM_GCC_541\Debug\Bootloader.a(I2C_I2C.o)
                0x000012a0                I2C_I2CStop
 .text.I2C_I2C_ISR
                0x000012ac      0x3f4 .\CortexM0p\ARM_GCC_541\Debug\Bootloader.a(I2C_I2C_INT.o)
                0x000012ac                I2C_I2C_ISR
 .text.__errno  0x000016a0        0xc c:/program files (x86)/cypress/psoc creator/4.1/psoc creator/import/gnu/arm/5.4.1/bin/../lib/gcc/arm-none-eabi/5.4.1/../../../../arm-none-eabi/lib/armv6-m\libg_nano.a(lib_a-errno.o)
                0x000016a0                __errno
 .text.__libc_init_array
                0x000016ac       0x4c c:/program files (x86)/cypress/psoc creator/4.1/psoc creator/import/gnu/arm/5.4.1/bin/../lib/gcc/arm-none-eabi/5.4.1/../../../../arm-none-eabi/lib/armv6-m\libg_nano.a(lib_a-init.o)
                0x000016ac                __libc_init_array
 .text.memcpy   0x000016f8       0x12 c:/program files (x86)/cypress/psoc creator/4.1/psoc creator/import/gnu/arm/5.4.1/bin/../lib/gcc/arm-none-eabi/5.4.1/../../../../arm-none-eabi/lib/armv6-m\libg_nano.a(lib_a-memcpy-stub.o)
                0x000016f8                memcpy
 .text.memset   0x0000170a       0x10 c:/program files (x86)/cypress/psoc creator/4.1/psoc creator/import/gnu/arm/5.4.1/bin/../lib/gcc/arm-none-eabi/5.4.1/../../../../arm-none-eabi/lib/armv6-m\libg_nano.a(lib_a-memset.o)
                0x0000170a                memset
 *(.plt)
 *(.gnu.warning)
 *(.glue_7t)
 .glue_7t       0x0000171a        0x0 linker stubs
 *(.glue_7)
 .glue_7        0x0000171a        0x0 linker stubs
 *(.vfp11_veneer)
 .vfp11_veneer  0x0000171a        0x0 linker stubs
 *(.bootloader)
 *fill*         0x0000171a        0x2 
 .bootloader    0x0000171c        0x5 .\CortexM0p\ARM_GCC_541\Debug\Bootloader.a(Bootloader.o)
                0x0000171c                Bootloader_SizeBytes
                0x00001720                Bootloader_Checksum
 *(.ARM.extab* .gnu.linkonce.armextab.*)
 *(.gcc_except_table)

.v4_bx          0x00001724        0x0
 .v4_bx         0x00001724        0x0 linker stubs

.iplt           0x00001724        0x0
 .iplt          0x00001724        0x0 c:/program files (x86)/cypress/psoc creator/4.1/psoc creator/import/gnu/arm/5.4.1/bin/../lib/gcc/arm-none-eabi/5.4.1/armv6-m/crtbegin.o

.eh_frame_hdr
 *(.eh_frame_hdr)

.eh_frame       0x00001724        0x4
 *(.eh_frame)
 .eh_frame      0x00001724        0x0 c:/program files (x86)/cypress/psoc creator/4.1/psoc creator/import/gnu/arm/5.4.1/bin/../lib/gcc/arm-none-eabi/5.4.1/armv6-m/crtbegin.o
 .eh_frame      0x00001724        0x4 c:/program files (x86)/cypress/psoc creator/4.1/psoc creator/import/gnu/arm/5.4.1/bin/../lib/gcc/arm-none-eabi/5.4.1/armv6-m/crtend.o
                [!provide]                PROVIDE (__exidx_start, .)

.ARM.exidx
 *(.ARM.exidx* .gnu.linkonce.armexidx.*)
                0x00001728                __exidx_end = .

.rodata         0x00001728       0xb8
 *(.rodata .rodata.* .gnu.linkonce.r.*)
 .rodata        0x00001728       0x68 .\CortexM0p\ARM_GCC_541\Debug\Bootloader.a(Bootloader.o)
 .rodata        0x00001790       0x17 .\CortexM0p\ARM_GCC_541\Debug\Bootloader.a(CyLib.o)
                0x00001790                cyImoFreqMhz2DpllOffset
 .rodata.str1.1
                0x000017a7        0x2 c:/program files (x86)/cypress/psoc creator/4.1/psoc creator/import/gnu/arm/5.4.1/bin/../lib/gcc/arm-none-eabi/5.4.1/../../../../arm-none-eabi/lib/armv6-m\libg_nano.a(lib_a-impure.o)
                0x000017ac                . = ALIGN (0x4)
 *fill*         0x000017a9        0x3 
 *(.init)
 .init          0x000017ac        0x4 c:/program files (x86)/cypress/psoc creator/4.1/psoc creator/import/gnu/arm/5.4.1/bin/../lib/gcc/arm-none-eabi/5.4.1/armv6-m/crti.o
                0x000017ac                _init
 .init          0x000017b0        0x8 c:/program files (x86)/cypress/psoc creator/4.1/psoc creator/import/gnu/arm/5.4.1/bin/../lib/gcc/arm-none-eabi/5.4.1/armv6-m/crtn.o
                0x000017b8                . = ALIGN (0x4)
                0x000017b8                __preinit_array_start = .
 *(.preinit_array)
                0x000017b8                __preinit_array_end = .
                0x000017b8                . = ALIGN (0x4)
                0x000017b8                __init_array_start = .
 *(SORT(.init_array.*))
 *(.init_array)
 .init_array    0x000017b8        0x4 c:/program files (x86)/cypress/psoc creator/4.1/psoc creator/import/gnu/arm/5.4.1/bin/../lib/gcc/arm-none-eabi/5.4.1/armv6-m/crtbegin.o
 .init_array    0x000017bc        0x4 .\CortexM0p\ARM_GCC_541\Debug\Cm0plusStart.o
                0x000017c0                __init_array_end = .
                0x000017c0                . = ALIGN (0x4)
 *(.fini)
 .fini          0x000017c0        0x4 c:/program files (x86)/cypress/psoc creator/4.1/psoc creator/import/gnu/arm/5.4.1/bin/../lib/gcc/arm-none-eabi/5.4.1/armv6-m/crti.o
                0x000017c0                _fini
 .fini          0x000017c4        0x8 c:/program files (x86)/cypress/psoc creator/4.1/psoc creator/import/gnu/arm/5.4.1/bin/../lib/gcc/arm-none-eabi/5.4.1/armv6-m/crtn.o
                0x000017cc                . = ALIGN (0x4)
                0x000017cc                __fini_array_start = .
 *(.fini_array)
 .fini_array    0x000017cc        0x4 c:/program files (x86)/cypress/psoc creator/4.1/psoc creator/import/gnu/arm/5.4.1/bin/../lib/gcc/arm-none-eabi/5.4.1/armv6-m/crtbegin.o
 *(SORT(.fini_array.*))
                0x000017d0                __fini_array_end = .
                0x000017d0                . = ALIGN (0x4)
 *crtbegin.o(.ctors)
 *(EXCLUDE_FILE(*crtend.o) .ctors)
 *(SORT(.ctors.*))
 *crtend.o(.ctors)
                0x000017d0                . = ALIGN (0x4)
 *crtbegin.o(.dtors)
 *(EXCLUDE_FILE(*crtend.o) .dtors)
 *(SORT(.dtors.*))
 *crtend.o(.dtors)
                0x000017d0                . = ALIGN (0x4)
                0x000017d0                __cy_regions = .
                0x000017d0        0x4 LONG 0x17e0 __cy_region_init_ram
                0x000017d4        0x4 LONG 0x20000088 __cy_region_start_data
                0x000017d8        0x4 LONG 0x88 __cy_region_init_size_ram
                0x000017dc        0x4 LONG 0xe8 __cy_region_zero_size_ram
                0x000017e0                __cy_regions_end = .
                0x000017e0                . = ALIGN (0x8)
                0x000017e0                _etext = .

.cy_checksum_exclude
                0x000017e0        0x0
 *(.cy_checksum_exclude)

.ramvectors     0x20000000       0x80
                0x20000000                __cy_region_start_ram = .
 *(.ramvectors)
 .ramvectors    0x20000000       0x80 .\CortexM0p\ARM_GCC_541\Debug\Cm0plusStart.o
                0x20000000                CyRamVectors

.btldr_run      0x20000080        0x4
 *(.bootloaderruntype)
 .bootloaderruntype
                0x20000080        0x4 .\CortexM0p\ARM_GCC_541\Debug\Cm0plusStart.o
                0x20000080                cyBtldrRunType

.noinit
 *(.noinit)

.data           0x20000088       0x88 load address 0x000017e0
                0x20000088                __cy_region_start_data = .
 *(.jcr)
 .jcr           0x20000088        0x0 c:/program files (x86)/cypress/psoc creator/4.1/psoc creator/import/gnu/arm/5.4.1/bin/../lib/gcc/arm-none-eabi/5.4.1/armv6-m/crtbegin.o
 .jcr           0x20000088        0x4 c:/program files (x86)/cypress/psoc creator/4.1/psoc creator/import/gnu/arm/5.4.1/bin/../lib/gcc/arm-none-eabi/5.4.1/armv6-m/crtend.o
 *(.got.plt)
 *(.got)
 *(.shdata)
 *(.data .data.* .gnu.linkonce.d.*)
 .data          0x2000008c        0x8 .\CortexM0p\ARM_GCC_541\Debug\Bootloader.a(Bootloader.o)
                0x2000008c                Bootloader_SizeBytesAccess
                0x20000090                Bootloader_ChecksumAccess
 .data          0x20000094       0x14 .\CortexM0p\ARM_GCC_541\Debug\Bootloader.a(CyLib.o)
                0x20000094                CySysClkPumpConfig
                0x20000098                cydelay32kMs
                0x2000009c                cydelayFreqKhz
                0x200000a0                cydelayFreqMhz
                0x200000a4                cydelayFreqHz
 .data.impure_data
                0x200000a8       0x60 c:/program files (x86)/cypress/psoc creator/4.1/psoc creator/import/gnu/arm/5.4.1/bin/../lib/gcc/arm-none-eabi/5.4.1/../../../../arm-none-eabi/lib/armv6-m\libg_nano.a(lib_a-impure.o)
 .data._impure_ptr
                0x20000108        0x4 c:/program files (x86)/cypress/psoc creator/4.1/psoc creator/import/gnu/arm/5.4.1/bin/../lib/gcc/arm-none-eabi/5.4.1/../../../../arm-none-eabi/lib/armv6-m\libg_nano.a(lib_a-impure.o)
                0x20000108                _impure_ptr
                0x20000110                . = ALIGN (0x8)
 *fill*         0x2000010c        0x4 
 *(.ram)
                0x20000110                _edata = .

.igot.plt       0x20000110        0x0 load address 0x00001868
 .igot.plt      0x20000110        0x0 c:/program files (x86)/cypress/psoc creator/4.1/psoc creator/import/gnu/arm/5.4.1/bin/../lib/gcc/arm-none-eabi/5.4.1/armv6-m/crtbegin.o

.bss            0x20000110       0xe8 load address 0x00001868
                0x20000110                PROVIDE (__bss_start__, .)
 *(.shbss)
 *(.bss .bss.* .gnu.linkonce.b.*)
 .bss           0x20000110       0x1c c:/program files (x86)/cypress/psoc creator/4.1/psoc creator/import/gnu/arm/5.4.1/bin/../lib/gcc/arm-none-eabi/5.4.1/armv6-m/crtbegin.o
 .bss           0x2000012c        0x4 .\CortexM0p\ARM_GCC_541\Debug\Bootloader.a(Bootloader.o)
 .bss           0x20000130       0x84 .\CortexM0p\ARM_GCC_541\Debug\Bootloader.a(I2C_I2C_BOOT.o)
 .bss           0x200001b4       0x18 .\CortexM0p\ARM_GCC_541\Debug\Bootloader.a(CyFlash.o)
 .bss           0x200001cc        0x8 .\CortexM0p\ARM_GCC_541\Debug\Bootloader.a(I2C.o)
                0x200001cc                I2C_initVar
                0x200001d0                I2C_customIntrHandler
 *(COMMON)
 COMMON         0x200001d4       0x21 .\CortexM0p\ARM_GCC_541\Debug\Bootloader.a(I2C_I2C_SLAVE.o)
                0x200001d4                I2C_slRdBufIndex
                0x200001d8                I2C_slRdBufIndexTmp
                0x200001dc                I2C_slStatus
                0x200001e0                I2C_slWrBufIndex
                0x200001e4                I2C_slRdBufSize
                0x200001e8                I2C_slWrBufSize
                0x200001ec                I2C_slWrBufPtr
                0x200001f0                I2C_slRdBufPtr
                0x200001f4                I2C_slOverFlowCount
 COMMON         0x200001f5        0x1 .\CortexM0p\ARM_GCC_541\Debug\Bootloader.a(I2C_I2C.o)
                0x200001f5                I2C_state
                0x200001f8                . = ALIGN (0x8)
 *fill*         0x200001f6        0x2 
 *(.ram.b)
                0x200001f8                _end = .
                0x200001f8                __end = .
                0x200001f8                PROVIDE (end, .)
                0x200001f8                PROVIDE (__bss_end__, .)
                0x000017e0                __cy_region_init_ram = LOADADDR (.data)
                0x00000088                __cy_region_init_size_ram = (_edata - ADDR (.data))
                0x000000e8                __cy_region_zero_size_ram = (_end - _edata)

.heap           0x200001f8       0x80 load address 0x00001868
                0x200001f8                . = _end
                0x20000278                . = (. + 0x80)
 *fill*         0x200001f8       0x80 
                0x20000278                __cy_heap_limit = .

.stack          0x20000400      0x400
                0x20000400                __cy_stack_limit = .
                0x20000800                . = (. + 0x400)
 *fill*         0x20000400      0x400 
                0x00000001                ASSERT ((__cy_stack_limit >= __cy_heap_limit), region RAM overflowed with stack)
                0x00000000                cy_checksum_exclude_size = (CY_APPL_LOADABLE == 0x1)?SIZEOF (.cy_checksum_exclude):0x0
                0x00000001                ASSERT ((cy_checksum_exclude_size <= CY_CHECKSUM_EXCLUDE_SIZE), CY_BOOT: Section .cy_checksum_exclude size exceedes specified limit.)
                0x00003fc0                cyloadermeta_start = (cy_project_type_bootloader || cy_project_type_app_for_stack_and_copier)?(LENGTH (rom) - CY_METADATA_SIZE):0xf0000000

.cyloadermeta   0x00003fc0       0x40
 *(.cyloadermeta)
 .cyloadermeta  0x00003fc0       0x40 .\CortexM0p\ARM_GCC_541\Debug\cymetadata.o
                0x00003fc0                cy_meta_loader
                0x00003fc0                cyloadablemeta_start = cy_project_type_app_for_stack_and_copier?((LENGTH (rom) - CY_FLASH_ROW_SIZE) - CY_METADATA_SIZE):((LENGTH (rom) - (CY_FLASH_ROW_SIZE * (CY_APPL_NUM - 0x1))) - CY_METADATA_SIZE)

.cyloadablemeta
 *(.cyloadablemeta)

.cyflashprotect
                0x90400000       0x10
 *(.cyflashprotect)
 .cyflashprotect
                0x90400000       0x10 .\CortexM0p\ARM_GCC_541\Debug\cymetadata.o
                0x90400000                cy_meta_flashprotect

.cymeta         0x90500000        0xc
 *(.cymeta)
 .cymeta        0x90500000        0xc .\CortexM0p\ARM_GCC_541\Debug\cymetadata.o
                0x90500000                cy_metadata

.cychipprotect  0x90600000        0x1
 *(.cychipprotect)
 .cychipprotect
                0x90600000        0x1 .\CortexM0p\ARM_GCC_541\Debug\cymetadata.o
                0x90600000                cy_meta_chipprotect

.rel.dyn        0x00001868        0x0 load address 0x90600004
 .rel.iplt      0x00001868        0x0 c:/program files (x86)/cypress/psoc creator/4.1/psoc creator/import/gnu/arm/5.4.1/bin/../lib/gcc/arm-none-eabi/5.4.1/armv6-m/crtbegin.o

.stab
 *(.stab)

.stabstr
 *(.stabstr)

.debug
 *(.debug)

.line
 *(.line)

.debug_srcinfo
 *(.debug_srcinfo)

.debug_sfnames
 *(.debug_sfnames)

.debug_aranges  0x00000000      0x630
 *(.debug_aranges)
 .debug_aranges
                0x00000000       0x20 .\CortexM0p\ARM_GCC_541\Debug\main.o
 .debug_aranges
                0x00000020       0x28 .\CortexM0p\ARM_GCC_541\Debug\cyfitter_cfg.o
 .debug_aranges
                0x00000048       0x18 .\CortexM0p\ARM_GCC_541\Debug\cymetadata.o
 .debug_aranges
                0x00000060       0x48 .\CortexM0p\ARM_GCC_541\Debug\Cm0plusStart.o
 .debug_aranges
                0x000000a8       0x80 .\CortexM0p\ARM_GCC_541\Debug\Bootloader.a(Bootloader.o)
 .debug_aranges
                0x00000128       0x48 .\CortexM0p\ARM_GCC_541\Debug\Bootloader.a(I2C_I2C_BOOT.o)
 .debug_aranges
                0x00000170       0x70 .\CortexM0p\ARM_GCC_541\Debug\Bootloader.a(I2C_I2C_SLAVE.o)
 .debug_aranges
                0x000001e0       0x48 .\CortexM0p\ARM_GCC_541\Debug\Bootloader.a(Bootload_EN.o)
 .debug_aranges
                0x00000228       0x48 .\CortexM0p\ARM_GCC_541\Debug\Bootloader.a(CyFlash.o)
 .debug_aranges
                0x00000270      0x190 .\CortexM0p\ARM_GCC_541\Debug\Bootloader.a(CyLib.o)
 .debug_aranges
                0x00000400       0xd8 .\CortexM0p\ARM_GCC_541\Debug\Bootloader.a(CyLFClk.o)
 .debug_aranges
                0x000004d8       0x48 .\CortexM0p\ARM_GCC_541\Debug\Bootloader.a(Red_LED.o)
 .debug_aranges
                0x00000520       0x48 .\CortexM0p\ARM_GCC_541\Debug\Bootloader.a(Blue_LED.o)
 .debug_aranges
                0x00000568       0x20 .\CortexM0p\ARM_GCC_541\Debug\Bootloader.a(CyBootAsmGnu.o)
 .debug_aranges
                0x00000588       0x60 .\CortexM0p\ARM_GCC_541\Debug\Bootloader.a(I2C.o)
 .debug_aranges
                0x000005e8       0x28 .\CortexM0p\ARM_GCC_541\Debug\Bootloader.a(I2C_I2C.o)
 .debug_aranges
                0x00000610       0x20 .\CortexM0p\ARM_GCC_541\Debug\Bootloader.a(I2C_I2C_INT.o)

.debug_pubnames
 *(.debug_pubnames)

.debug_info     0x00000000     0x38e6
 *(.debug_info .gnu.linkonce.wi.*)
 .debug_info    0x00000000      0x15c .\CortexM0p\ARM_GCC_541\Debug\main.o
 .debug_info    0x0000015c       0xfb .\CortexM0p\ARM_GCC_541\Debug\cyfitter_cfg.o
 .debug_info    0x00000257      0x11e .\CortexM0p\ARM_GCC_541\Debug\cymetadata.o
 .debug_info    0x00000375      0x3cf .\CortexM0p\ARM_GCC_541\Debug\Cm0plusStart.o
 .debug_info    0x00000744      0xb76 .\CortexM0p\ARM_GCC_541\Debug\Bootloader.a(Bootloader.o)
 .debug_info    0x000012ba      0x376 .\CortexM0p\ARM_GCC_541\Debug\Bootloader.a(I2C_I2C_BOOT.o)
 .debug_info    0x00001630      0x38d .\CortexM0p\ARM_GCC_541\Debug\Bootloader.a(I2C_I2C_SLAVE.o)
 .debug_info    0x000019bd      0x19d .\CortexM0p\ARM_GCC_541\Debug\Bootloader.a(Bootload_EN.o)
 .debug_info    0x00001b5a      0x417 .\CortexM0p\ARM_GCC_541\Debug\Bootloader.a(CyFlash.o)
 .debug_info    0x00001f71      0xbd0 .\CortexM0p\ARM_GCC_541\Debug\Bootloader.a(CyLib.o)
 .debug_info    0x00002b41      0x444 .\CortexM0p\ARM_GCC_541\Debug\Bootloader.a(CyLFClk.o)
 .debug_info    0x00002f85      0x19b .\CortexM0p\ARM_GCC_541\Debug\Bootloader.a(Red_LED.o)
 .debug_info    0x00003120      0x19d .\CortexM0p\ARM_GCC_541\Debug\Bootloader.a(Blue_LED.o)
 .debug_info    0x000032bd       0x91 .\CortexM0p\ARM_GCC_541\Debug\Bootloader.a(CyBootAsmGnu.o)
 .debug_info    0x0000334e      0x298 .\CortexM0p\ARM_GCC_541\Debug\Bootloader.a(I2C.o)
 .debug_info    0x000035e6      0x17d .\CortexM0p\ARM_GCC_541\Debug\Bootloader.a(I2C_I2C.o)
 .debug_info    0x00003763      0x183 .\CortexM0p\ARM_GCC_541\Debug\Bootloader.a(I2C_I2C_INT.o)

.debug_abbrev   0x00000000     0x124c
 *(.debug_abbrev)
 .debug_abbrev  0x00000000       0x89 .\CortexM0p\ARM_GCC_541\Debug\main.o
 .debug_abbrev  0x00000089       0xa3 .\CortexM0p\ARM_GCC_541\Debug\cyfitter_cfg.o
 .debug_abbrev  0x0000012c       0x5d .\CortexM0p\ARM_GCC_541\Debug\cymetadata.o
 .debug_abbrev  0x00000189      0x1e8 .\CortexM0p\ARM_GCC_541\Debug\Cm0plusStart.o
 .debug_abbrev  0x00000371      0x1fc .\CortexM0p\ARM_GCC_541\Debug\Bootloader.a(Bootloader.o)
 .debug_abbrev  0x0000056d      0x160 .\CortexM0p\ARM_GCC_541\Debug\Bootloader.a(I2C_I2C_BOOT.o)
 .debug_abbrev  0x000006cd      0x156 .\CortexM0p\ARM_GCC_541\Debug\Bootloader.a(I2C_I2C_SLAVE.o)
 .debug_abbrev  0x00000823       0xc8 .\CortexM0p\ARM_GCC_541\Debug\Bootloader.a(Bootload_EN.o)
 .debug_abbrev  0x000008eb      0x19e .\CortexM0p\ARM_GCC_541\Debug\Bootloader.a(CyFlash.o)
 .debug_abbrev  0x00000a89      0x209 .\CortexM0p\ARM_GCC_541\Debug\Bootloader.a(CyLib.o)
 .debug_abbrev  0x00000c92      0x1af .\CortexM0p\ARM_GCC_541\Debug\Bootloader.a(CyLFClk.o)
 .debug_abbrev  0x00000e41       0xc8 .\CortexM0p\ARM_GCC_541\Debug\Bootloader.a(Red_LED.o)
 .debug_abbrev  0x00000f09       0xc8 .\CortexM0p\ARM_GCC_541\Debug\Bootloader.a(Blue_LED.o)
 .debug_abbrev  0x00000fd1       0x14 .\CortexM0p\ARM_GCC_541\Debug\Bootloader.a(CyBootAsmGnu.o)
 .debug_abbrev  0x00000fe5      0x118 .\CortexM0p\ARM_GCC_541\Debug\Bootloader.a(I2C.o)
 .debug_abbrev  0x000010fd       0xc7 .\CortexM0p\ARM_GCC_541\Debug\Bootloader.a(I2C_I2C.o)
 .debug_abbrev  0x000011c4       0x88 .\CortexM0p\ARM_GCC_541\Debug\Bootloader.a(I2C_I2C_INT.o)

.debug_line     0x00000000     0x1a29
 *(.debug_line)
 .debug_line    0x00000000       0x9c .\CortexM0p\ARM_GCC_541\Debug\main.o
 .debug_line    0x0000009c       0x81 .\CortexM0p\ARM_GCC_541\Debug\cyfitter_cfg.o
 .debug_line    0x0000011d      0x141 .\CortexM0p\ARM_GCC_541\Debug\cymetadata.o
 .debug_line    0x0000025e      0x24c .\CortexM0p\ARM_GCC_541\Debug\Cm0plusStart.o
 .debug_line    0x000004aa      0x45a .\CortexM0p\ARM_GCC_541\Debug\Bootloader.a(Bootloader.o)
 .debug_line    0x00000904      0x128 .\CortexM0p\ARM_GCC_541\Debug\Bootloader.a(I2C_I2C_BOOT.o)
 .debug_line    0x00000a2c      0x13c .\CortexM0p\ARM_GCC_541\Debug\Bootloader.a(I2C_I2C_SLAVE.o)
 .debug_line    0x00000b68       0xc3 .\CortexM0p\ARM_GCC_541\Debug\Bootloader.a(Bootload_EN.o)
 .debug_line    0x00000c2b      0x1e1 .\CortexM0p\ARM_GCC_541\Debug\Bootloader.a(CyFlash.o)
 .debug_line    0x00000e0c      0x4c5 .\CortexM0p\ARM_GCC_541\Debug\Bootloader.a(CyLib.o)
 .debug_line    0x000012d1      0x284 .\CortexM0p\ARM_GCC_541\Debug\Bootloader.a(CyLFClk.o)
 .debug_line    0x00001555       0xbe .\CortexM0p\ARM_GCC_541\Debug\Bootloader.a(Red_LED.o)
 .debug_line    0x00001613       0xc0 .\CortexM0p\ARM_GCC_541\Debug\Bootloader.a(Blue_LED.o)
 .debug_line    0x000016d3       0x68 .\CortexM0p\ARM_GCC_541\Debug\Bootloader.a(CyBootAsmGnu.o)
 .debug_line    0x0000173b      0x124 .\CortexM0p\ARM_GCC_541\Debug\Bootloader.a(I2C.o)
 .debug_line    0x0000185f       0xa6 .\CortexM0p\ARM_GCC_541\Debug\Bootloader.a(I2C_I2C.o)
 .debug_line    0x00001905      0x124 .\CortexM0p\ARM_GCC_541\Debug\Bootloader.a(I2C_I2C_INT.o)

.debug_frame    0x00000000      0xe84
 *(.debug_frame)
 .debug_frame   0x00000000       0x2c .\CortexM0p\ARM_GCC_541\Debug\main.o
 .debug_frame   0x0000002c       0x48 .\CortexM0p\ARM_GCC_541\Debug\cyfitter_cfg.o
 .debug_frame   0x00000074       0xbc .\CortexM0p\ARM_GCC_541\Debug\Cm0plusStart.o
 .debug_frame   0x00000130      0x198 .\CortexM0p\ARM_GCC_541\Debug\Bootloader.a(Bootloader.o)
 .debug_frame   0x000002c8       0xb0 .\CortexM0p\ARM_GCC_541\Debug\Bootloader.a(I2C_I2C_BOOT.o)
 .debug_frame   0x00000378       0xf8 .\CortexM0p\ARM_GCC_541\Debug\Bootloader.a(I2C_I2C_SLAVE.o)
 .debug_frame   0x00000470       0x70 .\CortexM0p\ARM_GCC_541\Debug\Bootloader.a(Bootload_EN.o)
 .debug_frame   0x000004e0       0xa8 .\CortexM0p\ARM_GCC_541\Debug\Bootloader.a(CyFlash.o)
 .debug_frame   0x00000588      0x414 .\CortexM0p\ARM_GCC_541\Debug\Bootloader.a(CyLib.o)
 .debug_frame   0x0000099c      0x1dc .\CortexM0p\ARM_GCC_541\Debug\Bootloader.a(CyLFClk.o)
 .debug_frame   0x00000b78       0x70 .\CortexM0p\ARM_GCC_541\Debug\Bootloader.a(Red_LED.o)
 .debug_frame   0x00000be8       0x70 .\CortexM0p\ARM_GCC_541\Debug\Bootloader.a(Blue_LED.o)
 .debug_frame   0x00000c58       0xe8 .\CortexM0p\ARM_GCC_541\Debug\Bootloader.a(I2C.o)
 .debug_frame   0x00000d40       0x3c .\CortexM0p\ARM_GCC_541\Debug\Bootloader.a(I2C_I2C.o)
 .debug_frame   0x00000d7c       0x2c .\CortexM0p\ARM_GCC_541\Debug\Bootloader.a(I2C_I2C_INT.o)
 .debug_frame   0x00000da8       0x20 c:/program files (x86)/cypress/psoc creator/4.1/psoc creator/import/gnu/arm/5.4.1/bin/../lib/gcc/arm-none-eabi/5.4.1/armv6-m\libgcc.a(_udivsi3.o)
 .debug_frame   0x00000dc8       0x20 c:/program files (x86)/cypress/psoc creator/4.1/psoc creator/import/gnu/arm/5.4.1/bin/../lib/gcc/arm-none-eabi/5.4.1/../../../../arm-none-eabi/lib/armv6-m\libg_nano.a(lib_a-errno.o)
 .debug_frame   0x00000de8       0x28 c:/program files (x86)/cypress/psoc creator/4.1/psoc creator/import/gnu/arm/5.4.1/bin/../lib/gcc/arm-none-eabi/5.4.1/../../../../arm-none-eabi/lib/armv6-m\libg_nano.a(lib_a-exit.o)
 .debug_frame   0x00000e10       0x2c c:/program files (x86)/cypress/psoc creator/4.1/psoc creator/import/gnu/arm/5.4.1/bin/../lib/gcc/arm-none-eabi/5.4.1/../../../../arm-none-eabi/lib/armv6-m\libg_nano.a(lib_a-init.o)
 .debug_frame   0x00000e3c       0x28 c:/program files (x86)/cypress/psoc creator/4.1/psoc creator/import/gnu/arm/5.4.1/bin/../lib/gcc/arm-none-eabi/5.4.1/../../../../arm-none-eabi/lib/armv6-m\libg_nano.a(lib_a-memcpy-stub.o)
 .debug_frame   0x00000e64       0x20 c:/program files (x86)/cypress/psoc creator/4.1/psoc creator/import/gnu/arm/5.4.1/bin/../lib/gcc/arm-none-eabi/5.4.1/../../../../arm-none-eabi/lib/armv6-m\libg_nano.a(lib_a-memset.o)

.debug_str      0x00000000     0x1781
 *(.debug_str)
 .debug_str     0x00000000      0x1a3 .\CortexM0p\ARM_GCC_541\Debug\main.o
                                0x1e3 (size before relaxing)
 .debug_str     0x000001a3       0x60 .\CortexM0p\ARM_GCC_541\Debug\cyfitter_cfg.o
                                0x1e0 (size before relaxing)
 .debug_str     0x00000203       0x72 .\CortexM0p\ARM_GCC_541\Debug\cymetadata.o
                                0x1dc (size before relaxing)
 .debug_str     0x00000275      0x184 .\CortexM0p\ARM_GCC_541\Debug\Cm0plusStart.o
                                0x337 (size before relaxing)
 .debug_str     0x000003f9      0x49b .\CortexM0p\ARM_GCC_541\Debug\Bootloader.a(Bootloader.o)
                                0x68d (size before relaxing)
 .debug_str     0x00000894      0x131 .\CortexM0p\ARM_GCC_541\Debug\Bootloader.a(I2C_I2C_BOOT.o)
                                0x35b (size before relaxing)
 .debug_str     0x000009c5      0x1a7 .\CortexM0p\ARM_GCC_541\Debug\Bootloader.a(I2C_I2C_SLAVE.o)
                                0x3b9 (size before relaxing)
 .debug_str     0x00000b6c       0xcf .\CortexM0p\ARM_GCC_541\Debug\Bootloader.a(Bootload_EN.o)
                                0x265 (size before relaxing)
 .debug_str     0x00000c3b      0x154 .\CortexM0p\ARM_GCC_541\Debug\Bootloader.a(CyFlash.o)
                                0x327 (size before relaxing)
 .debug_str     0x00000d8f      0x4c8 .\CortexM0p\ARM_GCC_541\Debug\Bootloader.a(CyLib.o)
                                0x728 (size before relaxing)
 .debug_str     0x00001257      0x2d0 .\CortexM0p\ARM_GCC_541\Debug\Bootloader.a(CyLFClk.o)
                                0x4bf (size before relaxing)
 .debug_str     0x00001527       0x87 .\CortexM0p\ARM_GCC_541\Debug\Bootloader.a(Red_LED.o)
                                0x249 (size before relaxing)
 .debug_str     0x000015ae       0x8d .\CortexM0p\ARM_GCC_541\Debug\Bootloader.a(Blue_LED.o)
                                0x250 (size before relaxing)
 .debug_str     0x0000163b       0xd4 .\CortexM0p\ARM_GCC_541\Debug\Bootloader.a(I2C.o)
                                0x2c3 (size before relaxing)
 .debug_str     0x0000170f       0x2b .\CortexM0p\ARM_GCC_541\Debug\Bootloader.a(I2C_I2C.o)
                                0x246 (size before relaxing)
 .debug_str     0x0000173a       0x47 .\CortexM0p\ARM_GCC_541\Debug\Bootloader.a(I2C_I2C_INT.o)
                                0x29c (size before relaxing)

.debug_loc      0x00000000     0x20f6
 *(.debug_loc)
 .debug_loc     0x00000000      0x14f .\CortexM0p\ARM_GCC_541\Debug\Cm0plusStart.o
 .debug_loc     0x0000014f      0xd8e .\CortexM0p\ARM_GCC_541\Debug\Bootloader.a(Bootloader.o)
 .debug_loc     0x00000edd      0x2c0 .\CortexM0p\ARM_GCC_541\Debug\Bootloader.a(I2C_I2C_BOOT.o)
 .debug_loc     0x0000119d      0x180 .\CortexM0p\ARM_GCC_541\Debug\Bootloader.a(I2C_I2C_SLAVE.o)
 .debug_loc     0x0000131d       0xa2 .\CortexM0p\ARM_GCC_541\Debug\Bootloader.a(Bootload_EN.o)
 .debug_loc     0x000013bf      0x1bd .\CortexM0p\ARM_GCC_541\Debug\Bootloader.a(CyFlash.o)
 .debug_loc     0x0000157c      0x5e3 .\CortexM0p\ARM_GCC_541\Debug\Bootloader.a(CyLib.o)
 .debug_loc     0x00001b5f      0x354 .\CortexM0p\ARM_GCC_541\Debug\Bootloader.a(CyLFClk.o)
 .debug_loc     0x00001eb3       0x81 .\CortexM0p\ARM_GCC_541\Debug\Bootloader.a(Red_LED.o)
 .debug_loc     0x00001f34       0xa2 .\CortexM0p\ARM_GCC_541\Debug\Bootloader.a(Blue_LED.o)
 .debug_loc     0x00001fd6       0x7e .\CortexM0p\ARM_GCC_541\Debug\Bootloader.a(I2C.o)
 .debug_loc     0x00002054       0xa2 .\CortexM0p\ARM_GCC_541\Debug\Bootloader.a(I2C_I2C_INT.o)

.debug_macinfo
 *(.debug_macinfo)

.debug_ranges   0x00000000      0x650
 *(.debug_ranges)
 .debug_ranges  0x00000000       0x10 .\CortexM0p\ARM_GCC_541\Debug\main.o
 .debug_ranges  0x00000010       0x18 .\CortexM0p\ARM_GCC_541\Debug\cyfitter_cfg.o
 .debug_ranges  0x00000028       0x38 .\CortexM0p\ARM_GCC_541\Debug\Cm0plusStart.o
 .debug_ranges  0x00000060      0x1b8 .\CortexM0p\ARM_GCC_541\Debug\Bootloader.a(Bootloader.o)
 .debug_ranges  0x00000218       0x38 .\CortexM0p\ARM_GCC_541\Debug\Bootloader.a(I2C_I2C_BOOT.o)
 .debug_ranges  0x00000250       0x60 .\CortexM0p\ARM_GCC_541\Debug\Bootloader.a(I2C_I2C_SLAVE.o)
 .debug_ranges  0x000002b0       0x38 .\CortexM0p\ARM_GCC_541\Debug\Bootloader.a(Bootload_EN.o)
 .debug_ranges  0x000002e8       0x38 .\CortexM0p\ARM_GCC_541\Debug\Bootloader.a(CyFlash.o)
 .debug_ranges  0x00000320      0x180 .\CortexM0p\ARM_GCC_541\Debug\Bootloader.a(CyLib.o)
 .debug_ranges  0x000004a0       0xc8 .\CortexM0p\ARM_GCC_541\Debug\Bootloader.a(CyLFClk.o)
 .debug_ranges  0x00000568       0x38 .\CortexM0p\ARM_GCC_541\Debug\Bootloader.a(Red_LED.o)
 .debug_ranges  0x000005a0       0x38 .\CortexM0p\ARM_GCC_541\Debug\Bootloader.a(Blue_LED.o)
 .debug_ranges  0x000005d8       0x50 .\CortexM0p\ARM_GCC_541\Debug\Bootloader.a(I2C.o)
 .debug_ranges  0x00000628       0x18 .\CortexM0p\ARM_GCC_541\Debug\Bootloader.a(I2C_I2C.o)
 .debug_ranges  0x00000640       0x10 .\CortexM0p\ARM_GCC_541\Debug\Bootloader.a(I2C_I2C_INT.o)

.comment        0x00000000       0x6e
 .comment       0x00000000       0x6e .\CortexM0p\ARM_GCC_541\Debug\main.o
                                 0x6f (size before relaxing)
 .comment       0x0000006e       0x6f .\CortexM0p\ARM_GCC_541\Debug\cyfitter_cfg.o
 .comment       0x0000006e       0x6f .\CortexM0p\ARM_GCC_541\Debug\cymetadata.o
 .comment       0x0000006e       0x6f .\CortexM0p\ARM_GCC_541\Debug\Cm0plusStart.o
 .comment       0x0000006e       0x6f .\CortexM0p\ARM_GCC_541\Debug\Bootloader.a(Bootloader.o)
 .comment       0x0000006e       0x6f .\CortexM0p\ARM_GCC_541\Debug\Bootloader.a(I2C_I2C_BOOT.o)
 .comment       0x0000006e       0x6f .\CortexM0p\ARM_GCC_541\Debug\Bootloader.a(I2C_I2C_SLAVE.o)
 .comment       0x0000006e       0x6f .\CortexM0p\ARM_GCC_541\Debug\Bootloader.a(Bootload_EN.o)
 .comment       0x0000006e       0x6f .\CortexM0p\ARM_GCC_541\Debug\Bootloader.a(CyFlash.o)
 .comment       0x0000006e       0x6f .\CortexM0p\ARM_GCC_541\Debug\Bootloader.a(CyLib.o)
 .comment       0x0000006e       0x6f .\CortexM0p\ARM_GCC_541\Debug\Bootloader.a(CyLFClk.o)
 .comment       0x0000006e       0x6f .\CortexM0p\ARM_GCC_541\Debug\Bootloader.a(Red_LED.o)
 .comment       0x0000006e       0x6f .\CortexM0p\ARM_GCC_541\Debug\Bootloader.a(Blue_LED.o)
 .comment       0x0000006e       0x6f .\CortexM0p\ARM_GCC_541\Debug\Bootloader.a(I2C.o)
 .comment       0x0000006e       0x6f .\CortexM0p\ARM_GCC_541\Debug\Bootloader.a(I2C_I2C.o)
 .comment       0x0000006e       0x6f .\CortexM0p\ARM_GCC_541\Debug\Bootloader.a(I2C_I2C_INT.o)

.debug_weaknames
 *(.debug_weaknames)

.debug_funcnames
 *(.debug_funcnames)

.debug_typenames
 *(.debug_typenames)

.debug_varnames
 *(.debug_varnames)

.note.gnu.arm.ident
 *(.note.gnu.arm.ident)

.ARM.attributes
                0x00000000       0x28
 *(.ARM.attributes)
 .ARM.attributes
                0x00000000       0x1e c:/program files (x86)/cypress/psoc creator/4.1/psoc creator/import/gnu/arm/5.4.1/bin/../lib/gcc/arm-none-eabi/5.4.1/armv6-m/crti.o
 .ARM.attributes
                0x0000001e       0x2c c:/program files (x86)/cypress/psoc creator/4.1/psoc creator/import/gnu/arm/5.4.1/bin/../lib/gcc/arm-none-eabi/5.4.1/armv6-m/crtbegin.o
 .ARM.attributes
                0x0000004a       0x1b c:/program files (x86)/cypress/psoc creator/4.1/psoc creator/import/gnu/arm/5.4.1/bin/../lib/gcc/arm-none-eabi/5.4.1/../../../../arm-none-eabi/lib/armv6-m/crt0.o
 .ARM.attributes
                0x00000065       0x32 .\CortexM0p\ARM_GCC_541\Debug\main.o
 .ARM.attributes
                0x00000097       0x32 .\CortexM0p\ARM_GCC_541\Debug\cyfitter_cfg.o
 .ARM.attributes
                0x000000c9       0x32 .\CortexM0p\ARM_GCC_541\Debug\cymetadata.o
 .ARM.attributes
                0x000000fb       0x32 .\CortexM0p\ARM_GCC_541\Debug\Cm0plusStart.o
 .ARM.attributes
                0x0000012d       0x32 .\CortexM0p\ARM_GCC_541\Debug\Bootloader.a(Bootloader.o)
 .ARM.attributes
                0x0000015f       0x32 .\CortexM0p\ARM_GCC_541\Debug\Bootloader.a(I2C_I2C_BOOT.o)
 .ARM.attributes
                0x00000191       0x32 .\CortexM0p\ARM_GCC_541\Debug\Bootloader.a(I2C_I2C_SLAVE.o)
 .ARM.attributes
                0x000001c3       0x32 .\CortexM0p\ARM_GCC_541\Debug\Bootloader.a(Bootload_EN.o)
 .ARM.attributes
                0x000001f5       0x32 .\CortexM0p\ARM_GCC_541\Debug\Bootloader.a(CyFlash.o)
 .ARM.attributes
                0x00000227       0x32 .\CortexM0p\ARM_GCC_541\Debug\Bootloader.a(CyLib.o)
 .ARM.attributes
                0x00000259       0x32 .\CortexM0p\ARM_GCC_541\Debug\Bootloader.a(CyLFClk.o)
 .ARM.attributes
                0x0000028b       0x32 .\CortexM0p\ARM_GCC_541\Debug\Bootloader.a(Red_LED.o)
 .ARM.attributes
                0x000002bd       0x32 .\CortexM0p\ARM_GCC_541\Debug\Bootloader.a(Blue_LED.o)
 .ARM.attributes
                0x000002ef       0x22 .\CortexM0p\ARM_GCC_541\Debug\Bootloader.a(CyBootAsmGnu.o)
 .ARM.attributes
                0x00000311       0x32 .\CortexM0p\ARM_GCC_541\Debug\Bootloader.a(I2C.o)
 .ARM.attributes
                0x00000343       0x32 .\CortexM0p\ARM_GCC_541\Debug\Bootloader.a(I2C_I2C.o)
 .ARM.attributes
                0x00000375       0x32 .\CortexM0p\ARM_GCC_541\Debug\Bootloader.a(I2C_I2C_INT.o)
 .ARM.attributes
                0x000003a7       0x1e c:/program files (x86)/cypress/psoc creator/4.1/psoc creator/import/gnu/arm/5.4.1/bin/../lib/gcc/arm-none-eabi/5.4.1/armv6-m\libgcc.a(_udivsi3.o)
 .ARM.attributes
                0x000003c5       0x1e c:/program files (x86)/cypress/psoc creator/4.1/psoc creator/import/gnu/arm/5.4.1/bin/../lib/gcc/arm-none-eabi/5.4.1/armv6-m\libgcc.a(_dvmd_tls.o)
 .ARM.attributes
                0x000003e3       0x2c c:/program files (x86)/cypress/psoc creator/4.1/psoc creator/import/gnu/arm/5.4.1/bin/../lib/gcc/arm-none-eabi/5.4.1/../../../../arm-none-eabi/lib/armv6-m\libg_nano.a(lib_a-errno.o)
 .ARM.attributes
                0x0000040f       0x2c c:/program files (x86)/cypress/psoc creator/4.1/psoc creator/import/gnu/arm/5.4.1/bin/../lib/gcc/arm-none-eabi/5.4.1/../../../../arm-none-eabi/lib/armv6-m\libg_nano.a(lib_a-exit.o)
 .ARM.attributes
                0x0000043b       0x2c c:/program files (x86)/cypress/psoc creator/4.1/psoc creator/import/gnu/arm/5.4.1/bin/../lib/gcc/arm-none-eabi/5.4.1/../../../../arm-none-eabi/lib/armv6-m\libg_nano.a(lib_a-impure.o)
 .ARM.attributes
                0x00000467       0x2c c:/program files (x86)/cypress/psoc creator/4.1/psoc creator/import/gnu/arm/5.4.1/bin/../lib/gcc/arm-none-eabi/5.4.1/../../../../arm-none-eabi/lib/armv6-m\libg_nano.a(lib_a-init.o)
 .ARM.attributes
                0x00000493       0x2c c:/program files (x86)/cypress/psoc creator/4.1/psoc creator/import/gnu/arm/5.4.1/bin/../lib/gcc/arm-none-eabi/5.4.1/../../../../arm-none-eabi/lib/armv6-m\libg_nano.a(lib_a-memcpy-stub.o)
 .ARM.attributes
                0x000004bf       0x2c c:/program files (x86)/cypress/psoc creator/4.1/psoc creator/import/gnu/arm/5.4.1/bin/../lib/gcc/arm-none-eabi/5.4.1/../../../../arm-none-eabi/lib/armv6-m\libg_nano.a(lib_a-memset.o)
 .ARM.attributes
                0x000004eb       0x2c c:/program files (x86)/cypress/psoc creator/4.1/psoc creator/import/gnu/arm/5.4.1/bin/../lib/gcc/arm-none-eabi/5.4.1/armv6-m/crtend.o
 .ARM.attributes
                0x00000517       0x1e c:/program files (x86)/cypress/psoc creator/4.1/psoc creator/import/gnu/arm/5.4.1/bin/../lib/gcc/arm-none-eabi/5.4.1/armv6-m/crtn.o

/DISCARD/
 *(.note.GNU-stack)
OUTPUT(C:\Users\Minakian\Documents\PSoC Creator\Bootload\Bootloader.cydsn\CortexM0p\ARM_GCC_541\Debug\Bootloader.elf elf32-littlearm)
