ARM GAS  C:\Users\Minakian\AppData\Local\Temp\ccR9oclw.s 			page 1


   1              		.syntax unified
   2              		.cpu cortex-m0plus
   3              		.fpu softvfp
   4              		.eabi_attribute 20, 1
   5              		.eabi_attribute 21, 1
   6              		.eabi_attribute 23, 3
   7              		.eabi_attribute 24, 1
   8              		.eabi_attribute 25, 1
   9              		.eabi_attribute 26, 1
  10              		.eabi_attribute 30, 1
  11              		.eabi_attribute 34, 0
  12              		.eabi_attribute 18, 4
  13              		.thumb
  14              		.syntax unified
  15              		.file	"cyfitter_cfg.c"
  16              		.text
  17              	.Ltext0:
  18              		.cfi_sections	.debug_frame
  19              		.section	.psocinit,"ax",%progbits
  20              		.align	2
  21              		.code	16
  22              		.thumb_func
  23              		.type	ClockSetup, %function
  24              	ClockSetup:
  25              	.LFB4:
  26              		.file 1 "Generated_Source\\PSoC4\\cyfitter_cfg.c"
   1:Generated_Source\PSoC4/cyfitter_cfg.c **** 
   2:Generated_Source\PSoC4/cyfitter_cfg.c **** /*******************************************************************************
   3:Generated_Source\PSoC4/cyfitter_cfg.c **** * File Name: cyfitter_cfg.c
   4:Generated_Source\PSoC4/cyfitter_cfg.c **** * 
   5:Generated_Source\PSoC4/cyfitter_cfg.c **** * PSoC Creator  4.1
   6:Generated_Source\PSoC4/cyfitter_cfg.c **** *
   7:Generated_Source\PSoC4/cyfitter_cfg.c **** * Description:
   8:Generated_Source\PSoC4/cyfitter_cfg.c **** * This file contains device initialization code.
   9:Generated_Source\PSoC4/cyfitter_cfg.c **** * Except for the user defined sections in CyClockStartupError(), this file should not be modified.
  10:Generated_Source\PSoC4/cyfitter_cfg.c **** * This file is automatically generated by PSoC Creator.
  11:Generated_Source\PSoC4/cyfitter_cfg.c **** *
  12:Generated_Source\PSoC4/cyfitter_cfg.c **** ********************************************************************************
  13:Generated_Source\PSoC4/cyfitter_cfg.c **** * Copyright (c) 2007-2017 Cypress Semiconductor.  All rights reserved.
  14:Generated_Source\PSoC4/cyfitter_cfg.c **** * You may use this file only in accordance with the license, terms, conditions, 
  15:Generated_Source\PSoC4/cyfitter_cfg.c **** * disclaimers, and limitations in the end user license agreement accompanying 
  16:Generated_Source\PSoC4/cyfitter_cfg.c **** * the software package with which this file was provided.
  17:Generated_Source\PSoC4/cyfitter_cfg.c **** ********************************************************************************/
  18:Generated_Source\PSoC4/cyfitter_cfg.c **** 
  19:Generated_Source\PSoC4/cyfitter_cfg.c **** #include <string.h>
  20:Generated_Source\PSoC4/cyfitter_cfg.c **** #include "cytypes.h"
  21:Generated_Source\PSoC4/cyfitter_cfg.c **** #include "cydevice_trm.h"
  22:Generated_Source\PSoC4/cyfitter_cfg.c **** #include "cyfitter.h"
  23:Generated_Source\PSoC4/cyfitter_cfg.c **** #include "CyLib.h"
  24:Generated_Source\PSoC4/cyfitter_cfg.c **** #include "cyfitter_cfg.h"
  25:Generated_Source\PSoC4/cyfitter_cfg.c **** #include "cyapicallbacks.h"
  26:Generated_Source\PSoC4/cyfitter_cfg.c **** 
  27:Generated_Source\PSoC4/cyfitter_cfg.c **** 
  28:Generated_Source\PSoC4/cyfitter_cfg.c **** #if defined(__GNUC__) || defined(__ARMCC_VERSION)
  29:Generated_Source\PSoC4/cyfitter_cfg.c ****     #define CYPACKED 
  30:Generated_Source\PSoC4/cyfitter_cfg.c ****     #define CYPACKED_ATTR __attribute__ ((packed))
  31:Generated_Source\PSoC4/cyfitter_cfg.c ****     #define CYALIGNED __attribute__ ((aligned))
ARM GAS  C:\Users\Minakian\AppData\Local\Temp\ccR9oclw.s 			page 2


  32:Generated_Source\PSoC4/cyfitter_cfg.c ****     #define CY_CFG_UNUSED __attribute__ ((unused))
  33:Generated_Source\PSoC4/cyfitter_cfg.c ****     #ifndef CY_CFG_SECTION
  34:Generated_Source\PSoC4/cyfitter_cfg.c ****         #define CY_CFG_SECTION __attribute__ ((section(".psocinit")))
  35:Generated_Source\PSoC4/cyfitter_cfg.c ****     #endif
  36:Generated_Source\PSoC4/cyfitter_cfg.c ****     
  37:Generated_Source\PSoC4/cyfitter_cfg.c ****     #if defined(__ARMCC_VERSION)
  38:Generated_Source\PSoC4/cyfitter_cfg.c ****         #define CY_CFG_MEMORY_BARRIER() __memory_changed()
  39:Generated_Source\PSoC4/cyfitter_cfg.c ****     #else
  40:Generated_Source\PSoC4/cyfitter_cfg.c ****         #define CY_CFG_MEMORY_BARRIER() __sync_synchronize()
  41:Generated_Source\PSoC4/cyfitter_cfg.c ****     #endif
  42:Generated_Source\PSoC4/cyfitter_cfg.c ****     
  43:Generated_Source\PSoC4/cyfitter_cfg.c **** #elif defined(__ICCARM__)
  44:Generated_Source\PSoC4/cyfitter_cfg.c ****     #include <intrinsics.h>
  45:Generated_Source\PSoC4/cyfitter_cfg.c **** 
  46:Generated_Source\PSoC4/cyfitter_cfg.c ****     #define CYPACKED __packed
  47:Generated_Source\PSoC4/cyfitter_cfg.c ****     #define CYPACKED_ATTR 
  48:Generated_Source\PSoC4/cyfitter_cfg.c ****     #define CYALIGNED _Pragma("data_alignment=4")
  49:Generated_Source\PSoC4/cyfitter_cfg.c ****     #define CY_CFG_UNUSED _Pragma("diag_suppress=Pe177")
  50:Generated_Source\PSoC4/cyfitter_cfg.c ****     #define CY_CFG_SECTION _Pragma("location=\".psocinit\"")
  51:Generated_Source\PSoC4/cyfitter_cfg.c ****     
  52:Generated_Source\PSoC4/cyfitter_cfg.c ****     #define CY_CFG_MEMORY_BARRIER() __DMB()
  53:Generated_Source\PSoC4/cyfitter_cfg.c ****     
  54:Generated_Source\PSoC4/cyfitter_cfg.c **** #else
  55:Generated_Source\PSoC4/cyfitter_cfg.c ****     #error Unsupported toolchain
  56:Generated_Source\PSoC4/cyfitter_cfg.c **** #endif
  57:Generated_Source\PSoC4/cyfitter_cfg.c **** 
  58:Generated_Source\PSoC4/cyfitter_cfg.c **** #ifndef CYCODE
  59:Generated_Source\PSoC4/cyfitter_cfg.c ****     #define CYCODE
  60:Generated_Source\PSoC4/cyfitter_cfg.c **** #endif
  61:Generated_Source\PSoC4/cyfitter_cfg.c **** #ifndef CYDATA
  62:Generated_Source\PSoC4/cyfitter_cfg.c ****     #define CYDATA
  63:Generated_Source\PSoC4/cyfitter_cfg.c **** #endif
  64:Generated_Source\PSoC4/cyfitter_cfg.c **** #ifndef CYFAR
  65:Generated_Source\PSoC4/cyfitter_cfg.c ****     #define CYFAR
  66:Generated_Source\PSoC4/cyfitter_cfg.c **** #endif
  67:Generated_Source\PSoC4/cyfitter_cfg.c **** #ifndef CYXDATA
  68:Generated_Source\PSoC4/cyfitter_cfg.c ****     #define CYXDATA
  69:Generated_Source\PSoC4/cyfitter_cfg.c **** #endif
  70:Generated_Source\PSoC4/cyfitter_cfg.c **** 
  71:Generated_Source\PSoC4/cyfitter_cfg.c **** 
  72:Generated_Source\PSoC4/cyfitter_cfg.c **** CY_CFG_UNUSED
  73:Generated_Source\PSoC4/cyfitter_cfg.c **** static void CYMEMZERO(void *s, size_t n);
  74:Generated_Source\PSoC4/cyfitter_cfg.c **** CY_CFG_UNUSED
  75:Generated_Source\PSoC4/cyfitter_cfg.c **** static void CYMEMZERO(void *s, size_t n)
  76:Generated_Source\PSoC4/cyfitter_cfg.c **** {
  77:Generated_Source\PSoC4/cyfitter_cfg.c **** 	(void)memset(s, 0, n);
  78:Generated_Source\PSoC4/cyfitter_cfg.c **** }
  79:Generated_Source\PSoC4/cyfitter_cfg.c **** CY_CFG_UNUSED
  80:Generated_Source\PSoC4/cyfitter_cfg.c **** static void CYCONFIGCPY(void *dest, const void *src, size_t n);
  81:Generated_Source\PSoC4/cyfitter_cfg.c **** CY_CFG_UNUSED
  82:Generated_Source\PSoC4/cyfitter_cfg.c **** static void CYCONFIGCPY(void *dest, const void *src, size_t n)
  83:Generated_Source\PSoC4/cyfitter_cfg.c **** {
  84:Generated_Source\PSoC4/cyfitter_cfg.c **** 	(void)memcpy(dest, src, n);
  85:Generated_Source\PSoC4/cyfitter_cfg.c **** }
  86:Generated_Source\PSoC4/cyfitter_cfg.c **** CY_CFG_UNUSED
  87:Generated_Source\PSoC4/cyfitter_cfg.c **** static void CYCONFIGCPYCODE(void *dest, const void *src, size_t n);
  88:Generated_Source\PSoC4/cyfitter_cfg.c **** CY_CFG_UNUSED
ARM GAS  C:\Users\Minakian\AppData\Local\Temp\ccR9oclw.s 			page 3


  89:Generated_Source\PSoC4/cyfitter_cfg.c **** static void CYCONFIGCPYCODE(void *dest, const void *src, size_t n)
  90:Generated_Source\PSoC4/cyfitter_cfg.c **** {
  91:Generated_Source\PSoC4/cyfitter_cfg.c **** 	(void)memcpy(dest, src, n);
  92:Generated_Source\PSoC4/cyfitter_cfg.c **** }
  93:Generated_Source\PSoC4/cyfitter_cfg.c **** 
  94:Generated_Source\PSoC4/cyfitter_cfg.c **** 
  95:Generated_Source\PSoC4/cyfitter_cfg.c **** 
  96:Generated_Source\PSoC4/cyfitter_cfg.c **** 
  97:Generated_Source\PSoC4/cyfitter_cfg.c **** /* Clock startup error codes                                                   */
  98:Generated_Source\PSoC4/cyfitter_cfg.c **** #define CYCLOCKSTART_NO_ERROR    0u
  99:Generated_Source\PSoC4/cyfitter_cfg.c **** #define CYCLOCKSTART_XTAL_ERROR  1u
 100:Generated_Source\PSoC4/cyfitter_cfg.c **** #define CYCLOCKSTART_32KHZ_ERROR 2u
 101:Generated_Source\PSoC4/cyfitter_cfg.c **** #define CYCLOCKSTART_PLL_ERROR   3u
 102:Generated_Source\PSoC4/cyfitter_cfg.c **** #define CYCLOCKSTART_FLL_ERROR   4u
 103:Generated_Source\PSoC4/cyfitter_cfg.c **** 
 104:Generated_Source\PSoC4/cyfitter_cfg.c **** 
 105:Generated_Source\PSoC4/cyfitter_cfg.c **** #ifdef CY_NEED_CYCLOCKSTARTUPERROR
 106:Generated_Source\PSoC4/cyfitter_cfg.c **** /*******************************************************************************
 107:Generated_Source\PSoC4/cyfitter_cfg.c **** * Function Name: CyClockStartupError
 108:Generated_Source\PSoC4/cyfitter_cfg.c **** ********************************************************************************
 109:Generated_Source\PSoC4/cyfitter_cfg.c **** * Summary:
 110:Generated_Source\PSoC4/cyfitter_cfg.c **** *  If an error is encountered during clock configuration (crystal startup error,
 111:Generated_Source\PSoC4/cyfitter_cfg.c **** *  PLL lock error, etc.), the system will end up here.  Unless reimplemented by
 112:Generated_Source\PSoC4/cyfitter_cfg.c **** *  the customer, this function will stop in an infinite loop.
 113:Generated_Source\PSoC4/cyfitter_cfg.c **** *
 114:Generated_Source\PSoC4/cyfitter_cfg.c **** * Parameters:
 115:Generated_Source\PSoC4/cyfitter_cfg.c **** *   void
 116:Generated_Source\PSoC4/cyfitter_cfg.c **** *
 117:Generated_Source\PSoC4/cyfitter_cfg.c **** * Return:
 118:Generated_Source\PSoC4/cyfitter_cfg.c **** *   void
 119:Generated_Source\PSoC4/cyfitter_cfg.c **** *
 120:Generated_Source\PSoC4/cyfitter_cfg.c **** *******************************************************************************/
 121:Generated_Source\PSoC4/cyfitter_cfg.c **** CY_CFG_UNUSED
 122:Generated_Source\PSoC4/cyfitter_cfg.c **** static void CyClockStartupError(uint8 errorCode);
 123:Generated_Source\PSoC4/cyfitter_cfg.c **** CY_CFG_UNUSED
 124:Generated_Source\PSoC4/cyfitter_cfg.c **** static void CyClockStartupError(uint8 errorCode)
 125:Generated_Source\PSoC4/cyfitter_cfg.c **** {
 126:Generated_Source\PSoC4/cyfitter_cfg.c ****     /* To remove the compiler warning if errorCode not used. */
 127:Generated_Source\PSoC4/cyfitter_cfg.c **** #if defined(CY_PSOC3) && (CY_PSOC3)
 128:Generated_Source\PSoC4/cyfitter_cfg.c ****     errorCode = errorCode;
 129:Generated_Source\PSoC4/cyfitter_cfg.c **** #else
 130:Generated_Source\PSoC4/cyfitter_cfg.c ****     (void)errorCode;
 131:Generated_Source\PSoC4/cyfitter_cfg.c **** #endif /* CY_PSOC3 */
 132:Generated_Source\PSoC4/cyfitter_cfg.c **** 
 133:Generated_Source\PSoC4/cyfitter_cfg.c ****     /* If we have a clock startup error (bad MHz crystal, PLL lock, etc.),  */
 134:Generated_Source\PSoC4/cyfitter_cfg.c ****     /* we will end up here to allow the customer to implement something to  */
 135:Generated_Source\PSoC4/cyfitter_cfg.c ****     /* deal with the clock condition.                                       */
 136:Generated_Source\PSoC4/cyfitter_cfg.c **** 
 137:Generated_Source\PSoC4/cyfitter_cfg.c **** #ifdef CY_CFG_CLOCK_STARTUP_ERROR_CALLBACK
 138:Generated_Source\PSoC4/cyfitter_cfg.c ****     CY_CFG_Clock_Startup_ErrorCallback();
 139:Generated_Source\PSoC4/cyfitter_cfg.c **** #else
 140:Generated_Source\PSoC4/cyfitter_cfg.c ****     /*  If not using CY_CFG_CLOCK_STARTUP_ERROR_CALLBACK, place your clock startup code here. */
 141:Generated_Source\PSoC4/cyfitter_cfg.c ****     /* `#START CyClockStartupError` */
 142:Generated_Source\PSoC4/cyfitter_cfg.c **** 
 143:Generated_Source\PSoC4/cyfitter_cfg.c **** 
 144:Generated_Source\PSoC4/cyfitter_cfg.c **** 
 145:Generated_Source\PSoC4/cyfitter_cfg.c ****     /* `#END` */
ARM GAS  C:\Users\Minakian\AppData\Local\Temp\ccR9oclw.s 			page 4


 146:Generated_Source\PSoC4/cyfitter_cfg.c **** 
 147:Generated_Source\PSoC4/cyfitter_cfg.c ****     while(1) {}
 148:Generated_Source\PSoC4/cyfitter_cfg.c **** #endif /* CY_CFG_CLOCK_STARTUP_ERROR_CALLBACK */
 149:Generated_Source\PSoC4/cyfitter_cfg.c **** }
 150:Generated_Source\PSoC4/cyfitter_cfg.c **** #endif
 151:Generated_Source\PSoC4/cyfitter_cfg.c **** 
 152:Generated_Source\PSoC4/cyfitter_cfg.c **** 
 153:Generated_Source\PSoC4/cyfitter_cfg.c **** 
 154:Generated_Source\PSoC4/cyfitter_cfg.c **** /*******************************************************************************
 155:Generated_Source\PSoC4/cyfitter_cfg.c **** * Function Name: ClockSetup
 156:Generated_Source\PSoC4/cyfitter_cfg.c **** ********************************************************************************
 157:Generated_Source\PSoC4/cyfitter_cfg.c **** *
 158:Generated_Source\PSoC4/cyfitter_cfg.c **** * Summary:
 159:Generated_Source\PSoC4/cyfitter_cfg.c **** *   Performs the initialization of all of the clocks in the device based on the
 160:Generated_Source\PSoC4/cyfitter_cfg.c **** *   settings in the Clock tab of the DWR.  This includes enabling the requested
 161:Generated_Source\PSoC4/cyfitter_cfg.c **** *   clocks and setting the necessary dividers to produce the desired frequency. 
 162:Generated_Source\PSoC4/cyfitter_cfg.c **** *
 163:Generated_Source\PSoC4/cyfitter_cfg.c **** * Parameters:
 164:Generated_Source\PSoC4/cyfitter_cfg.c **** *   void
 165:Generated_Source\PSoC4/cyfitter_cfg.c **** *
 166:Generated_Source\PSoC4/cyfitter_cfg.c **** * Return:
 167:Generated_Source\PSoC4/cyfitter_cfg.c **** *   void
 168:Generated_Source\PSoC4/cyfitter_cfg.c **** *
 169:Generated_Source\PSoC4/cyfitter_cfg.c **** *******************************************************************************/
 170:Generated_Source\PSoC4/cyfitter_cfg.c **** static void ClockSetup(void);
 171:Generated_Source\PSoC4/cyfitter_cfg.c **** CY_CFG_SECTION
 172:Generated_Source\PSoC4/cyfitter_cfg.c **** static void ClockSetup(void)
 173:Generated_Source\PSoC4/cyfitter_cfg.c **** {
  27              		.loc 1 173 0
  28              		.cfi_startproc
  29              		@ args = 0, pretend = 0, frame = 0
  30              		@ frame_needed = 0, uses_anonymous_args = 0
  31 0000 10B5     		push	{r4, lr}
  32              		.cfi_def_cfa_offset 8
  33              		.cfi_offset 4, -8
  34              		.cfi_offset 14, -4
 174:Generated_Source\PSoC4/cyfitter_cfg.c **** 
 175:Generated_Source\PSoC4/cyfitter_cfg.c **** 	/* Set Flash Cycles based on max possible frequency in case a glitch occurs during ClockSetup(). *
 176:Generated_Source\PSoC4/cyfitter_cfg.c **** 	CY_SET_REG32((void CYXDATA *)(CYREG_CPUSS_FLASH_CTL), (0x0012u));
  35              		.loc 1 176 0
  36 0002 0B4C     		ldr	r4, .L2
  37 0004 1223     		movs	r3, #18
  38 0006 2360     		str	r3, [r4]
 177:Generated_Source\PSoC4/cyfitter_cfg.c **** 	/* Update IMO to new clock speed. */
 178:Generated_Source\PSoC4/cyfitter_cfg.c **** 	CySysClkWriteImoFreq(24u);
  39              		.loc 1 178 0
  40 0008 1820     		movs	r0, #24
  41 000a FFF7FEFF 		bl	CySysClkWriteImoFreq
  42              	.LVL0:
 179:Generated_Source\PSoC4/cyfitter_cfg.c **** 
 180:Generated_Source\PSoC4/cyfitter_cfg.c **** 	/* Setup phase aligned clocks */
 181:Generated_Source\PSoC4/cyfitter_cfg.c **** 	CY_SET_REG32((void *)CYREG_PERI_DIV_16_CTL0, 0x00000E00u);
  43              		.loc 1 181 0
  44 000e E022     		movs	r2, #224
  45 0010 1201     		lsls	r2, r2, #4
  46 0012 084B     		ldr	r3, .L2+4
  47 0014 1A60     		str	r2, [r3]
ARM GAS  C:\Users\Minakian\AppData\Local\Temp\ccR9oclw.s 			page 5


 182:Generated_Source\PSoC4/cyfitter_cfg.c **** 	CY_SET_REG32((void *)CYREG_PERI_DIV_CMD, 0x8000FF40u);
  48              		.loc 1 182 0
  49 0016 084A     		ldr	r2, .L2+8
  50 0018 084B     		ldr	r3, .L2+12
  51 001a 1A60     		str	r2, [r3]
 183:Generated_Source\PSoC4/cyfitter_cfg.c **** 
 184:Generated_Source\PSoC4/cyfitter_cfg.c **** 	/* CYDEV_CLK_SELECT Starting address: CYDEV_CLK_SELECT */
 185:Generated_Source\PSoC4/cyfitter_cfg.c **** 	CY_SET_REG32((void *)(CYREG_CLK_SELECT), 0x00000000u);
  52              		.loc 1 185 0
  53 001c 0022     		movs	r2, #0
  54 001e 084B     		ldr	r3, .L2+16
  55 0020 1A60     		str	r2, [r3]
 186:Generated_Source\PSoC4/cyfitter_cfg.c **** 
 187:Generated_Source\PSoC4/cyfitter_cfg.c **** 	/* CYDEV_PERI_PCLK_CTL1 Starting address: CYDEV_PERI_PCLK_CTL1 */
 188:Generated_Source\PSoC4/cyfitter_cfg.c **** 	CY_SET_REG32((void *)(CYREG_PERI_PCLK_CTL1), 0x00000040u);
  56              		.loc 1 188 0
  57 0022 4032     		adds	r2, r2, #64
  58 0024 074B     		ldr	r3, .L2+20
  59 0026 1A60     		str	r2, [r3]
 189:Generated_Source\PSoC4/cyfitter_cfg.c **** 
 190:Generated_Source\PSoC4/cyfitter_cfg.c **** 	/* Set Flash Cycles based on newly configured 24.00MHz HFCLK. */
 191:Generated_Source\PSoC4/cyfitter_cfg.c **** 	CY_SET_REG32((void CYXDATA *)(CYREG_CPUSS_FLASH_CTL), (0x0011u));
  60              		.loc 1 191 0
  61 0028 1123     		movs	r3, #17
  62 002a 2360     		str	r3, [r4]
 192:Generated_Source\PSoC4/cyfitter_cfg.c **** }
  63              		.loc 1 192 0
  64              		@ sp needed
  65 002c 10BD     		pop	{r4, pc}
  66              	.L3:
  67 002e C046     		.align	2
  68              	.L2:
  69 0030 30001040 		.word	1074790448
  70 0034 00030140 		.word	1073808128
  71 0038 40FF0080 		.word	-2147418304
  72 003c 00000140 		.word	1073807360
  73 0040 28000340 		.word	1073938472
  74 0044 04010140 		.word	1073807620
  75              		.cfi_endproc
  76              	.LFE4:
  77              		.size	ClockSetup, .-ClockSetup
  78              		.align	2
  79              		.global	cyfitter_cfg
  80              		.code	16
  81              		.thumb_func
  82              		.type	cyfitter_cfg, %function
  83              	cyfitter_cfg:
  84              	.LFB6:
 193:Generated_Source\PSoC4/cyfitter_cfg.c **** 
 194:Generated_Source\PSoC4/cyfitter_cfg.c **** 
 195:Generated_Source\PSoC4/cyfitter_cfg.c **** /* Analog API Functions */
 196:Generated_Source\PSoC4/cyfitter_cfg.c **** 
 197:Generated_Source\PSoC4/cyfitter_cfg.c **** 
 198:Generated_Source\PSoC4/cyfitter_cfg.c **** /*******************************************************************************
 199:Generated_Source\PSoC4/cyfitter_cfg.c **** * Function Name: AnalogSetDefault
 200:Generated_Source\PSoC4/cyfitter_cfg.c **** ********************************************************************************
 201:Generated_Source\PSoC4/cyfitter_cfg.c **** *
ARM GAS  C:\Users\Minakian\AppData\Local\Temp\ccR9oclw.s 			page 6


 202:Generated_Source\PSoC4/cyfitter_cfg.c **** * Summary:
 203:Generated_Source\PSoC4/cyfitter_cfg.c **** *  Sets up the analog portions of the chip to default values based on chip
 204:Generated_Source\PSoC4/cyfitter_cfg.c **** *  configuration options from the project.
 205:Generated_Source\PSoC4/cyfitter_cfg.c **** *
 206:Generated_Source\PSoC4/cyfitter_cfg.c **** * Parameters:
 207:Generated_Source\PSoC4/cyfitter_cfg.c **** *  void
 208:Generated_Source\PSoC4/cyfitter_cfg.c **** *
 209:Generated_Source\PSoC4/cyfitter_cfg.c **** * Return:
 210:Generated_Source\PSoC4/cyfitter_cfg.c **** *  void
 211:Generated_Source\PSoC4/cyfitter_cfg.c **** *
 212:Generated_Source\PSoC4/cyfitter_cfg.c **** *******************************************************************************/
 213:Generated_Source\PSoC4/cyfitter_cfg.c **** static void AnalogSetDefault(void);
 214:Generated_Source\PSoC4/cyfitter_cfg.c **** static void AnalogSetDefault(void)
 215:Generated_Source\PSoC4/cyfitter_cfg.c **** {
 216:Generated_Source\PSoC4/cyfitter_cfg.c **** }
 217:Generated_Source\PSoC4/cyfitter_cfg.c **** 
 218:Generated_Source\PSoC4/cyfitter_cfg.c **** 
 219:Generated_Source\PSoC4/cyfitter_cfg.c **** 
 220:Generated_Source\PSoC4/cyfitter_cfg.c **** 
 221:Generated_Source\PSoC4/cyfitter_cfg.c **** /*******************************************************************************
 222:Generated_Source\PSoC4/cyfitter_cfg.c **** * Function Name: cyfitter_cfg
 223:Generated_Source\PSoC4/cyfitter_cfg.c **** ********************************************************************************
 224:Generated_Source\PSoC4/cyfitter_cfg.c **** * Summary:
 225:Generated_Source\PSoC4/cyfitter_cfg.c **** *  This function is called by the start-up code for the selected device. It
 226:Generated_Source\PSoC4/cyfitter_cfg.c **** *  performs all of the necessary device configuration based on the design
 227:Generated_Source\PSoC4/cyfitter_cfg.c **** *  settings.  This includes settings from the Design Wide Resources (DWR) such
 228:Generated_Source\PSoC4/cyfitter_cfg.c **** *  as Clocks and Pins as well as any component configuration that is necessary.
 229:Generated_Source\PSoC4/cyfitter_cfg.c **** *
 230:Generated_Source\PSoC4/cyfitter_cfg.c **** * Parameters:
 231:Generated_Source\PSoC4/cyfitter_cfg.c **** *   void
 232:Generated_Source\PSoC4/cyfitter_cfg.c **** *
 233:Generated_Source\PSoC4/cyfitter_cfg.c **** * Return:
 234:Generated_Source\PSoC4/cyfitter_cfg.c **** *   void
 235:Generated_Source\PSoC4/cyfitter_cfg.c **** *
 236:Generated_Source\PSoC4/cyfitter_cfg.c **** *******************************************************************************/
 237:Generated_Source\PSoC4/cyfitter_cfg.c **** CY_CFG_SECTION
 238:Generated_Source\PSoC4/cyfitter_cfg.c **** void cyfitter_cfg(void)
 239:Generated_Source\PSoC4/cyfitter_cfg.c **** {
  85              		.loc 1 239 0
  86              		.cfi_startproc
  87              		@ args = 0, pretend = 0, frame = 0
  88              		@ frame_needed = 0, uses_anonymous_args = 0
  89 0048 10B5     		push	{r4, lr}
  90              		.cfi_def_cfa_offset 8
  91              		.cfi_offset 4, -8
  92              		.cfi_offset 14, -4
 240:Generated_Source\PSoC4/cyfitter_cfg.c **** 	/* Disable interrupts by default. Let user enable if/when they want. */
 241:Generated_Source\PSoC4/cyfitter_cfg.c **** 	CyGlobalIntDisable;
  93              		.loc 1 241 0
  94              		.syntax divided
  95              	@ 241 "Generated_Source\PSoC4\cyfitter_cfg.c" 1
  96 004a 72B6     		CPSID   i
  97              	@ 0 "" 2
 242:Generated_Source\PSoC4/cyfitter_cfg.c **** 
 243:Generated_Source\PSoC4/cyfitter_cfg.c **** 	{
 244:Generated_Source\PSoC4/cyfitter_cfg.c **** 		/* HSIOM Starting address: CYDEV_HSIOM_BASE */
 245:Generated_Source\PSoC4/cyfitter_cfg.c **** 		CY_SET_REG32((void *)(CYREG_HSIOM_PORT_SEL3), 0x0000EEEEu);
ARM GAS  C:\Users\Minakian\AppData\Local\Temp\ccR9oclw.s 			page 7


  98              		.loc 1 245 0
  99              		.thumb
 100              		.syntax unified
 101 004c 0B4A     		ldr	r2, .L5
 102 004e 0C4B     		ldr	r3, .L5+4
 103 0050 1A60     		str	r2, [r3]
 246:Generated_Source\PSoC4/cyfitter_cfg.c **** 
 247:Generated_Source\PSoC4/cyfitter_cfg.c **** 	}
 248:Generated_Source\PSoC4/cyfitter_cfg.c **** 
 249:Generated_Source\PSoC4/cyfitter_cfg.c **** 	/* Perform second pass device configuration. These items must be configured in specific order afte
 250:Generated_Source\PSoC4/cyfitter_cfg.c **** 	/* IOPINS0_0 Starting address: CYDEV_GPIO_PRT0_BASE */
 251:Generated_Source\PSoC4/cyfitter_cfg.c **** 	CY_SET_REG32((void *)(CYREG_GPIO_PRT0_PC), 0x00040000u);
 104              		.loc 1 251 0
 105 0052 8022     		movs	r2, #128
 106 0054 D202     		lsls	r2, r2, #11
 107 0056 0B4B     		ldr	r3, .L5+8
 108 0058 1A60     		str	r2, [r3]
 252:Generated_Source\PSoC4/cyfitter_cfg.c **** 
 253:Generated_Source\PSoC4/cyfitter_cfg.c **** 	/* IOPINS0_1 Starting address: CYDEV_GPIO_PRT1_BASE */
 254:Generated_Source\PSoC4/cyfitter_cfg.c **** 	CY_SET_REG32((void *)(CYDEV_GPIO_PRT1_BASE), 0x00000005u);
 109              		.loc 1 254 0
 110 005a 0522     		movs	r2, #5
 111 005c 0A4B     		ldr	r3, .L5+12
 112 005e 1A60     		str	r2, [r3]
 255:Generated_Source\PSoC4/cyfitter_cfg.c **** 	CY_SET_REG32((void *)(CYREG_GPIO_PRT1_PC), 0x00000186u);
 113              		.loc 1 255 0
 114 0060 8232     		adds	r2, r2, #130
 115 0062 FF32     		adds	r2, r2, #255
 116 0064 094B     		ldr	r3, .L5+16
 117 0066 1A60     		str	r2, [r3]
 256:Generated_Source\PSoC4/cyfitter_cfg.c **** 
 257:Generated_Source\PSoC4/cyfitter_cfg.c **** 	/* IOPINS0_3 Starting address: CYDEV_GPIO_PRT3_BASE */
 258:Generated_Source\PSoC4/cyfitter_cfg.c **** 	CY_SET_REG32((void *)(CYDEV_GPIO_PRT3_BASE), 0x00000003u);
 118              		.loc 1 258 0
 119 0068 843A     		subs	r2, r2, #132
 120 006a FF3A     		subs	r2, r2, #255
 121 006c 084B     		ldr	r3, .L5+20
 122 006e 1A60     		str	r2, [r3]
 259:Generated_Source\PSoC4/cyfitter_cfg.c **** 	CY_SET_REG32((void *)(CYREG_GPIO_PRT3_PC), 0x00000DA4u);
 123              		.loc 1 259 0
 124 0070 084A     		ldr	r2, .L5+24
 125 0072 094B     		ldr	r3, .L5+28
 126 0074 1A60     		str	r2, [r3]
 260:Generated_Source\PSoC4/cyfitter_cfg.c **** 
 261:Generated_Source\PSoC4/cyfitter_cfg.c **** 
 262:Generated_Source\PSoC4/cyfitter_cfg.c **** 	/* Setup clocks based on selections from Clock DWR */
 263:Generated_Source\PSoC4/cyfitter_cfg.c **** 	ClockSetup();
 127              		.loc 1 263 0
 128 0076 FFF7C3FF 		bl	ClockSetup
 129              	.LVL1:
 264:Generated_Source\PSoC4/cyfitter_cfg.c **** 
 265:Generated_Source\PSoC4/cyfitter_cfg.c **** 	/* Perform basic analog initialization to defaults */
 266:Generated_Source\PSoC4/cyfitter_cfg.c **** 	AnalogSetDefault();
 267:Generated_Source\PSoC4/cyfitter_cfg.c **** 
 268:Generated_Source\PSoC4/cyfitter_cfg.c **** }
 130              		.loc 1 268 0
 131              		@ sp needed
ARM GAS  C:\Users\Minakian\AppData\Local\Temp\ccR9oclw.s 			page 8


 132 007a 10BD     		pop	{r4, pc}
 133              	.L6:
 134              		.align	2
 135              	.L5:
 136 007c EEEE0000 		.word	61166
 137 0080 00030240 		.word	1073873664
 138 0084 08000440 		.word	1074003976
 139 0088 00010440 		.word	1074004224
 140 008c 08010440 		.word	1074004232
 141 0090 00030440 		.word	1074004736
 142 0094 A40D0000 		.word	3492
 143 0098 08030440 		.word	1074004744
 144              		.cfi_endproc
 145              	.LFE6:
 146              		.size	cyfitter_cfg, .-cyfitter_cfg
 147              		.text
 148              	.Letext0:
 149              		.file 2 "Generated_Source\\PSoC4\\cytypes.h"
 150              		.file 3 "Generated_Source\\PSoC4\\CyLib.h"
 151              		.section	.debug_info,"",%progbits
 152              	.Ldebug_info0:
 153 0000 F7000000 		.4byte	0xf7
 154 0004 0400     		.2byte	0x4
 155 0006 00000000 		.4byte	.Ldebug_abbrev0
 156 000a 04       		.byte	0x4
 157 000b 01       		.uleb128 0x1
 158 000c 45010000 		.4byte	.LASF16
 159 0010 0C       		.byte	0xc
 160 0011 15000000 		.4byte	.LASF17
 161 0015 C7000000 		.4byte	.LASF18
 162 0019 00000000 		.4byte	.Ldebug_ranges0+0
 163 001d 00000000 		.4byte	0
 164 0021 00000000 		.4byte	.Ldebug_line0
 165 0025 02       		.uleb128 0x2
 166 0026 04       		.byte	0x4
 167 0027 05       		.byte	0x5
 168 0028 696E7400 		.ascii	"int\000"
 169 002c 03       		.uleb128 0x3
 170 002d 04       		.byte	0x4
 171 002e 07       		.byte	0x7
 172 002f 3B000000 		.4byte	.LASF0
 173 0033 03       		.uleb128 0x3
 174 0034 08       		.byte	0x8
 175 0035 05       		.byte	0x5
 176 0036 00000000 		.4byte	.LASF1
 177 003a 03       		.uleb128 0x3
 178 003b 08       		.byte	0x8
 179 003c 04       		.byte	0x4
 180 003d 2F010000 		.4byte	.LASF2
 181 0041 03       		.uleb128 0x3
 182 0042 01       		.byte	0x1
 183 0043 06       		.byte	0x6
 184 0044 23010000 		.4byte	.LASF3
 185 0048 03       		.uleb128 0x3
 186 0049 01       		.byte	0x1
 187 004a 08       		.byte	0x8
 188 004b 99000000 		.4byte	.LASF4
ARM GAS  C:\Users\Minakian\AppData\Local\Temp\ccR9oclw.s 			page 9


 189 004f 03       		.uleb128 0x3
 190 0050 02       		.byte	0x2
 191 0051 05       		.byte	0x5
 192 0052 3B010000 		.4byte	.LASF5
 193 0056 03       		.uleb128 0x3
 194 0057 02       		.byte	0x2
 195 0058 07       		.byte	0x7
 196 0059 10010000 		.4byte	.LASF6
 197 005d 03       		.uleb128 0x3
 198 005e 04       		.byte	0x4
 199 005f 05       		.byte	0x5
 200 0060 AC000000 		.4byte	.LASF7
 201 0064 03       		.uleb128 0x3
 202 0065 04       		.byte	0x4
 203 0066 07       		.byte	0x7
 204 0067 5D000000 		.4byte	.LASF8
 205 006b 03       		.uleb128 0x3
 206 006c 08       		.byte	0x8
 207 006d 07       		.byte	0x7
 208 006e 7C000000 		.4byte	.LASF9
 209 0072 03       		.uleb128 0x3
 210 0073 04       		.byte	0x4
 211 0074 07       		.byte	0x7
 212 0075 D7010000 		.4byte	.LASF10
 213 0079 03       		.uleb128 0x3
 214 007a 01       		.byte	0x1
 215 007b 08       		.byte	0x8
 216 007c A7000000 		.4byte	.LASF11
 217 0080 04       		.uleb128 0x4
 218 0081 0E000000 		.4byte	.LASF14
 219 0085 02       		.byte	0x2
 220 0086 D401     		.2byte	0x1d4
 221 0088 64000000 		.4byte	0x64
 222 008c 03       		.uleb128 0x3
 223 008d 04       		.byte	0x4
 224 008e 04       		.byte	0x4
 225 008f 93000000 		.4byte	.LASF12
 226 0093 03       		.uleb128 0x3
 227 0094 08       		.byte	0x8
 228 0095 04       		.byte	0x4
 229 0096 B5000000 		.4byte	.LASF13
 230 009a 04       		.uleb128 0x4
 231 009b 0A010000 		.4byte	.LASF15
 232 009f 02       		.byte	0x2
 233 00a0 7E02     		.2byte	0x27e
 234 00a2 A6000000 		.4byte	0xa6
 235 00a6 05       		.uleb128 0x5
 236 00a7 80000000 		.4byte	0x80
 237 00ab 06       		.uleb128 0x6
 238 00ac BC000000 		.4byte	.LASF19
 239 00b0 01       		.byte	0x1
 240 00b1 AC       		.byte	0xac
 241 00b2 00000000 		.4byte	.LFB4
 242 00b6 48000000 		.4byte	.LFE4-.LFB4
 243 00ba 01       		.uleb128 0x1
 244 00bb 9C       		.byte	0x9c
 245 00bc D0000000 		.4byte	0xd0
ARM GAS  C:\Users\Minakian\AppData\Local\Temp\ccR9oclw.s 			page 10


 246 00c0 07       		.uleb128 0x7
 247 00c1 0E000000 		.4byte	.LVL0
 248 00c5 EF000000 		.4byte	0xef
 249 00c9 08       		.uleb128 0x8
 250 00ca 01       		.uleb128 0x1
 251 00cb 50       		.byte	0x50
 252 00cc 01       		.uleb128 0x1
 253 00cd 48       		.byte	0x48
 254 00ce 00       		.byte	0
 255 00cf 00       		.byte	0
 256 00d0 09       		.uleb128 0x9
 257 00d1 6F000000 		.4byte	.LASF20
 258 00d5 01       		.byte	0x1
 259 00d6 EE       		.byte	0xee
 260 00d7 48000000 		.4byte	.LFB6
 261 00db 54000000 		.4byte	.LFE6-.LFB6
 262 00df 01       		.uleb128 0x1
 263 00e0 9C       		.byte	0x9c
 264 00e1 EF000000 		.4byte	0xef
 265 00e5 0A       		.uleb128 0xa
 266 00e6 7A000000 		.4byte	.LVL1
 267 00ea AB000000 		.4byte	0xab
 268 00ee 00       		.byte	0
 269 00ef 0B       		.uleb128 0xb
 270 00f0 48000000 		.4byte	.LASF21
 271 00f4 48000000 		.4byte	.LASF21
 272 00f8 03       		.byte	0x3
 273 00f9 6C       		.byte	0x6c
 274 00fa 00       		.byte	0
 275              		.section	.debug_abbrev,"",%progbits
 276              	.Ldebug_abbrev0:
 277 0000 01       		.uleb128 0x1
 278 0001 11       		.uleb128 0x11
 279 0002 01       		.byte	0x1
 280 0003 25       		.uleb128 0x25
 281 0004 0E       		.uleb128 0xe
 282 0005 13       		.uleb128 0x13
 283 0006 0B       		.uleb128 0xb
 284 0007 03       		.uleb128 0x3
 285 0008 0E       		.uleb128 0xe
 286 0009 1B       		.uleb128 0x1b
 287 000a 0E       		.uleb128 0xe
 288 000b 55       		.uleb128 0x55
 289 000c 17       		.uleb128 0x17
 290 000d 11       		.uleb128 0x11
 291 000e 01       		.uleb128 0x1
 292 000f 10       		.uleb128 0x10
 293 0010 17       		.uleb128 0x17
 294 0011 00       		.byte	0
 295 0012 00       		.byte	0
 296 0013 02       		.uleb128 0x2
 297 0014 24       		.uleb128 0x24
 298 0015 00       		.byte	0
 299 0016 0B       		.uleb128 0xb
 300 0017 0B       		.uleb128 0xb
 301 0018 3E       		.uleb128 0x3e
 302 0019 0B       		.uleb128 0xb
ARM GAS  C:\Users\Minakian\AppData\Local\Temp\ccR9oclw.s 			page 11


 303 001a 03       		.uleb128 0x3
 304 001b 08       		.uleb128 0x8
 305 001c 00       		.byte	0
 306 001d 00       		.byte	0
 307 001e 03       		.uleb128 0x3
 308 001f 24       		.uleb128 0x24
 309 0020 00       		.byte	0
 310 0021 0B       		.uleb128 0xb
 311 0022 0B       		.uleb128 0xb
 312 0023 3E       		.uleb128 0x3e
 313 0024 0B       		.uleb128 0xb
 314 0025 03       		.uleb128 0x3
 315 0026 0E       		.uleb128 0xe
 316 0027 00       		.byte	0
 317 0028 00       		.byte	0
 318 0029 04       		.uleb128 0x4
 319 002a 16       		.uleb128 0x16
 320 002b 00       		.byte	0
 321 002c 03       		.uleb128 0x3
 322 002d 0E       		.uleb128 0xe
 323 002e 3A       		.uleb128 0x3a
 324 002f 0B       		.uleb128 0xb
 325 0030 3B       		.uleb128 0x3b
 326 0031 05       		.uleb128 0x5
 327 0032 49       		.uleb128 0x49
 328 0033 13       		.uleb128 0x13
 329 0034 00       		.byte	0
 330 0035 00       		.byte	0
 331 0036 05       		.uleb128 0x5
 332 0037 35       		.uleb128 0x35
 333 0038 00       		.byte	0
 334 0039 49       		.uleb128 0x49
 335 003a 13       		.uleb128 0x13
 336 003b 00       		.byte	0
 337 003c 00       		.byte	0
 338 003d 06       		.uleb128 0x6
 339 003e 2E       		.uleb128 0x2e
 340 003f 01       		.byte	0x1
 341 0040 03       		.uleb128 0x3
 342 0041 0E       		.uleb128 0xe
 343 0042 3A       		.uleb128 0x3a
 344 0043 0B       		.uleb128 0xb
 345 0044 3B       		.uleb128 0x3b
 346 0045 0B       		.uleb128 0xb
 347 0046 27       		.uleb128 0x27
 348 0047 19       		.uleb128 0x19
 349 0048 11       		.uleb128 0x11
 350 0049 01       		.uleb128 0x1
 351 004a 12       		.uleb128 0x12
 352 004b 06       		.uleb128 0x6
 353 004c 40       		.uleb128 0x40
 354 004d 18       		.uleb128 0x18
 355 004e 9742     		.uleb128 0x2117
 356 0050 19       		.uleb128 0x19
 357 0051 01       		.uleb128 0x1
 358 0052 13       		.uleb128 0x13
 359 0053 00       		.byte	0
ARM GAS  C:\Users\Minakian\AppData\Local\Temp\ccR9oclw.s 			page 12


 360 0054 00       		.byte	0
 361 0055 07       		.uleb128 0x7
 362 0056 898201   		.uleb128 0x4109
 363 0059 01       		.byte	0x1
 364 005a 11       		.uleb128 0x11
 365 005b 01       		.uleb128 0x1
 366 005c 31       		.uleb128 0x31
 367 005d 13       		.uleb128 0x13
 368 005e 00       		.byte	0
 369 005f 00       		.byte	0
 370 0060 08       		.uleb128 0x8
 371 0061 8A8201   		.uleb128 0x410a
 372 0064 00       		.byte	0
 373 0065 02       		.uleb128 0x2
 374 0066 18       		.uleb128 0x18
 375 0067 9142     		.uleb128 0x2111
 376 0069 18       		.uleb128 0x18
 377 006a 00       		.byte	0
 378 006b 00       		.byte	0
 379 006c 09       		.uleb128 0x9
 380 006d 2E       		.uleb128 0x2e
 381 006e 01       		.byte	0x1
 382 006f 3F       		.uleb128 0x3f
 383 0070 19       		.uleb128 0x19
 384 0071 03       		.uleb128 0x3
 385 0072 0E       		.uleb128 0xe
 386 0073 3A       		.uleb128 0x3a
 387 0074 0B       		.uleb128 0xb
 388 0075 3B       		.uleb128 0x3b
 389 0076 0B       		.uleb128 0xb
 390 0077 27       		.uleb128 0x27
 391 0078 19       		.uleb128 0x19
 392 0079 11       		.uleb128 0x11
 393 007a 01       		.uleb128 0x1
 394 007b 12       		.uleb128 0x12
 395 007c 06       		.uleb128 0x6
 396 007d 40       		.uleb128 0x40
 397 007e 18       		.uleb128 0x18
 398 007f 9742     		.uleb128 0x2117
 399 0081 19       		.uleb128 0x19
 400 0082 01       		.uleb128 0x1
 401 0083 13       		.uleb128 0x13
 402 0084 00       		.byte	0
 403 0085 00       		.byte	0
 404 0086 0A       		.uleb128 0xa
 405 0087 898201   		.uleb128 0x4109
 406 008a 00       		.byte	0
 407 008b 11       		.uleb128 0x11
 408 008c 01       		.uleb128 0x1
 409 008d 31       		.uleb128 0x31
 410 008e 13       		.uleb128 0x13
 411 008f 00       		.byte	0
 412 0090 00       		.byte	0
 413 0091 0B       		.uleb128 0xb
 414 0092 2E       		.uleb128 0x2e
 415 0093 00       		.byte	0
 416 0094 3F       		.uleb128 0x3f
ARM GAS  C:\Users\Minakian\AppData\Local\Temp\ccR9oclw.s 			page 13


 417 0095 19       		.uleb128 0x19
 418 0096 3C       		.uleb128 0x3c
 419 0097 19       		.uleb128 0x19
 420 0098 6E       		.uleb128 0x6e
 421 0099 0E       		.uleb128 0xe
 422 009a 03       		.uleb128 0x3
 423 009b 0E       		.uleb128 0xe
 424 009c 3A       		.uleb128 0x3a
 425 009d 0B       		.uleb128 0xb
 426 009e 3B       		.uleb128 0x3b
 427 009f 0B       		.uleb128 0xb
 428 00a0 00       		.byte	0
 429 00a1 00       		.byte	0
 430 00a2 00       		.byte	0
 431              		.section	.debug_aranges,"",%progbits
 432 0000 24000000 		.4byte	0x24
 433 0004 0200     		.2byte	0x2
 434 0006 00000000 		.4byte	.Ldebug_info0
 435 000a 04       		.byte	0x4
 436 000b 00       		.byte	0
 437 000c 0000     		.2byte	0
 438 000e 0000     		.2byte	0
 439 0010 00000000 		.4byte	.LFB4
 440 0014 48000000 		.4byte	.LFE4-.LFB4
 441 0018 48000000 		.4byte	.LFB6
 442 001c 54000000 		.4byte	.LFE6-.LFB6
 443 0020 00000000 		.4byte	0
 444 0024 00000000 		.4byte	0
 445              		.section	.debug_ranges,"",%progbits
 446              	.Ldebug_ranges0:
 447 0000 00000000 		.4byte	.LFB4
 448 0004 48000000 		.4byte	.LFE4
 449 0008 48000000 		.4byte	.LFB6
 450 000c 9C000000 		.4byte	.LFE6
 451 0010 00000000 		.4byte	0
 452 0014 00000000 		.4byte	0
 453              		.section	.debug_line,"",%progbits
 454              	.Ldebug_line0:
 455 0000 7D000000 		.section	.debug_str,"MS",%progbits,1
 455      02005400 
 455      00000201 
 455      FB0E0D00 
 455      01010101 
 456              	.LASF1:
 457 0000 6C6F6E67 		.ascii	"long long int\000"
 457      206C6F6E 
 457      6720696E 
 457      7400
 458              	.LASF14:
 459 000e 75696E74 		.ascii	"uint32\000"
 459      333200
 460              	.LASF17:
 461 0015 47656E65 		.ascii	"Generated_Source\\PSoC4\\cyfitter_cfg.c\000"
 461      72617465 
 461      645F536F 
 461      75726365 
 461      5C50536F 
ARM GAS  C:\Users\Minakian\AppData\Local\Temp\ccR9oclw.s 			page 14


 462              	.LASF0:
 463 003b 756E7369 		.ascii	"unsigned int\000"
 463      676E6564 
 463      20696E74 
 463      00
 464              	.LASF21:
 465 0048 43795379 		.ascii	"CySysClkWriteImoFreq\000"
 465      73436C6B 
 465      57726974 
 465      65496D6F 
 465      46726571 
 466              	.LASF8:
 467 005d 6C6F6E67 		.ascii	"long unsigned int\000"
 467      20756E73 
 467      69676E65 
 467      6420696E 
 467      7400
 468              	.LASF20:
 469 006f 63796669 		.ascii	"cyfitter_cfg\000"
 469      74746572 
 469      5F636667 
 469      00
 470              	.LASF9:
 471 007c 6C6F6E67 		.ascii	"long long unsigned int\000"
 471      206C6F6E 
 471      6720756E 
 471      7369676E 
 471      65642069 
 472              	.LASF12:
 473 0093 666C6F61 		.ascii	"float\000"
 473      7400
 474              	.LASF4:
 475 0099 756E7369 		.ascii	"unsigned char\000"
 475      676E6564 
 475      20636861 
 475      7200
 476              	.LASF11:
 477 00a7 63686172 		.ascii	"char\000"
 477      00
 478              	.LASF7:
 479 00ac 6C6F6E67 		.ascii	"long int\000"
 479      20696E74 
 479      00
 480              	.LASF13:
 481 00b5 646F7562 		.ascii	"double\000"
 481      6C6500
 482              	.LASF19:
 483 00bc 436C6F63 		.ascii	"ClockSetup\000"
 483      6B536574 
 483      757000
 484              	.LASF18:
 485 00c7 433A5C55 		.ascii	"C:\\Users\\Minakian\\Documents\\PSoC Creator\\Bootl"
 485      73657273 
 485      5C4D696E 
 485      616B6961 
 485      6E5C446F 
 486 00f5 6F61645C 		.ascii	"oad\\Bootloader.cydsn\000"
ARM GAS  C:\Users\Minakian\AppData\Local\Temp\ccR9oclw.s 			page 15


 486      426F6F74 
 486      6C6F6164 
 486      65722E63 
 486      7964736E 
 487              	.LASF15:
 488 010a 72656733 		.ascii	"reg32\000"
 488      3200
 489              	.LASF6:
 490 0110 73686F72 		.ascii	"short unsigned int\000"
 490      7420756E 
 490      7369676E 
 490      65642069 
 490      6E7400
 491              	.LASF3:
 492 0123 7369676E 		.ascii	"signed char\000"
 492      65642063 
 492      68617200 
 493              	.LASF2:
 494 012f 6C6F6E67 		.ascii	"long double\000"
 494      20646F75 
 494      626C6500 
 495              	.LASF5:
 496 013b 73686F72 		.ascii	"short int\000"
 496      7420696E 
 496      7400
 497              	.LASF16:
 498 0145 474E5520 		.ascii	"GNU C11 5.4.1 20160609 (release) [ARM/embedded-5-br"
 498      43313120 
 498      352E342E 
 498      31203230 
 498      31363036 
 499 0178 616E6368 		.ascii	"anch revision 237715] -mcpu=cortex-m0plus -mthumb -"
 499      20726576 
 499      6973696F 
 499      6E203233 
 499      37373135 
 500 01ab 67202D4F 		.ascii	"g -Og -ffunction-sections -ffat-lto-objects\000"
 500      67202D66 
 500      66756E63 
 500      74696F6E 
 500      2D736563 
 501              	.LASF10:
 502 01d7 73697A65 		.ascii	"sizetype\000"
 502      74797065 
 502      00
 503              		.ident	"GCC: (GNU Tools for ARM Embedded Processors) 5.4.1 20160609 (release) [ARM/embedded-5-bran
