Archive member included to satisfy reference by file (symbol)

.\CortexM0p\ARM_GCC_541\Release\Bootloader.a(Bootloader.o)
                              .\CortexM0p\ARM_GCC_541\Release\Cm0plusStart.o (CyBtldr_CheckLaunch)
.\CortexM0p\ARM_GCC_541\Release\Bootloader.a(I2C_I2C_BOOT.o)
                              .\CortexM0p\ARM_GCC_541\Release\Bootloader.a(Bootloader.o) (I2C_I2CCyBtldrCommStart)
.\CortexM0p\ARM_GCC_541\Release\Bootloader.a(I2C_I2C_SLAVE.o)
                              .\CortexM0p\ARM_GCC_541\Release\Bootloader.a(I2C_I2C_BOOT.o) (I2C_slStatus)
.\CortexM0p\ARM_GCC_541\Release\Bootloader.a(Bootload_EN.o)
                              .\CortexM0p\ARM_GCC_541\Release\main.o (Bootload_EN_Read)
.\CortexM0p\ARM_GCC_541\Release\Bootloader.a(CyFlash.o)
                              .\CortexM0p\ARM_GCC_541\Release\Bootloader.a(Bootloader.o) (CySysFlashWriteRow)
.\CortexM0p\ARM_GCC_541\Release\Bootloader.a(CyLib.o)
                              .\CortexM0p\ARM_GCC_541\Release\Bootloader.a(I2C_I2C_SLAVE.o) (CyIntEnable)
.\CortexM0p\ARM_GCC_541\Release\Bootloader.a(CyLFClk.o)
                              .\CortexM0p\ARM_GCC_541\Release\Bootloader.a(CyLib.o) (CySysClkWcoEnabled)
.\CortexM0p\ARM_GCC_541\Release\Bootloader.a(Red_LED.o)
                              .\CortexM0p\ARM_GCC_541\Release\main.o (Red_LED_Write)
.\CortexM0p\ARM_GCC_541\Release\Bootloader.a(Blue_LED.o)
                              .\CortexM0p\ARM_GCC_541\Release\main.o (Blue_LED_Write)
.\CortexM0p\ARM_GCC_541\Release\Bootloader.a(CyBootAsmGnu.o)
                              .\CortexM0p\ARM_GCC_541\Release\Bootloader.a(CyLib.o) (CyDelayCycles)
.\CortexM0p\ARM_GCC_541\Release\Bootloader.a(I2C.o)
                              .\CortexM0p\ARM_GCC_541\Release\Bootloader.a(I2C_I2C_BOOT.o) (I2C_Start)
.\CortexM0p\ARM_GCC_541\Release\Bootloader.a(I2C_I2C.o)
                              .\CortexM0p\ARM_GCC_541\Release\Bootloader.a(I2C.o) (I2C_I2CInit)
.\CortexM0p\ARM_GCC_541\Release\Bootloader.a(I2C_I2C_INT.o)
                              .\CortexM0p\ARM_GCC_541\Release\Bootloader.a(I2C_I2C.o) (I2C_I2C_ISR)
c:/program files (x86)/cypress/psoc creator/4.1/psoc creator/import/gnu/arm/5.4.1/bin/../lib/gcc/arm-none-eabi/5.4.1/armv6-m\libgcc.a(_thumb1_case_uqi.o)
                              .\CortexM0p\ARM_GCC_541\Release\Bootloader.a(Bootloader.o) (__gnu_thumb1_case_uqi)
c:/program files (x86)/cypress/psoc creator/4.1/psoc creator/import/gnu/arm/5.4.1/bin/../lib/gcc/arm-none-eabi/5.4.1/armv6-m\libgcc.a(_thumb1_case_shi.o)
                              .\CortexM0p\ARM_GCC_541\Release\Bootloader.a(Bootloader.o) (__gnu_thumb1_case_shi)
c:/program files (x86)/cypress/psoc creator/4.1/psoc creator/import/gnu/arm/5.4.1/bin/../lib/gcc/arm-none-eabi/5.4.1/armv6-m\libgcc.a(_udivsi3.o)
                              .\CortexM0p\ARM_GCC_541\Release\Bootloader.a(CyLib.o) (__aeabi_uidiv)
c:/program files (x86)/cypress/psoc creator/4.1/psoc creator/import/gnu/arm/5.4.1/bin/../lib/gcc/arm-none-eabi/5.4.1/armv6-m\libgcc.a(_dvmd_tls.o)
                              c:/program files (x86)/cypress/psoc creator/4.1/psoc creator/import/gnu/arm/5.4.1/bin/../lib/gcc/arm-none-eabi/5.4.1/armv6-m\libgcc.a(_udivsi3.o) (__aeabi_idiv0)
c:/program files (x86)/cypress/psoc creator/4.1/psoc creator/import/gnu/arm/5.4.1/bin/../lib/gcc/arm-none-eabi/5.4.1/../../../../arm-none-eabi/lib/armv6-m\libg_nano.a(lib_a-errno.o)
                              .\CortexM0p\ARM_GCC_541\Release\Cm0plusStart.o (__errno)
c:/program files (x86)/cypress/psoc creator/4.1/psoc creator/import/gnu/arm/5.4.1/bin/../lib/gcc/arm-none-eabi/5.4.1/../../../../arm-none-eabi/lib/armv6-m\libg_nano.a(lib_a-exit.o)
                              c:/program files (x86)/cypress/psoc creator/4.1/psoc creator/import/gnu/arm/5.4.1/bin/../lib/gcc/arm-none-eabi/5.4.1/../../../../arm-none-eabi/lib/armv6-m/crt0.o (exit)
c:/program files (x86)/cypress/psoc creator/4.1/psoc creator/import/gnu/arm/5.4.1/bin/../lib/gcc/arm-none-eabi/5.4.1/../../../../arm-none-eabi/lib/armv6-m\libg_nano.a(lib_a-impure.o)
                              c:/program files (x86)/cypress/psoc creator/4.1/psoc creator/import/gnu/arm/5.4.1/bin/../lib/gcc/arm-none-eabi/5.4.1/../../../../arm-none-eabi/lib/armv6-m\libg_nano.a(lib_a-exit.o) (_global_impure_ptr)
c:/program files (x86)/cypress/psoc creator/4.1/psoc creator/import/gnu/arm/5.4.1/bin/../lib/gcc/arm-none-eabi/5.4.1/../../../../arm-none-eabi/lib/armv6-m\libg_nano.a(lib_a-init.o)
                              c:/program files (x86)/cypress/psoc creator/4.1/psoc creator/import/gnu/arm/5.4.1/bin/../lib/gcc/arm-none-eabi/5.4.1/../../../../arm-none-eabi/lib/armv6-m/crt0.o (__libc_init_array)
c:/program files (x86)/cypress/psoc creator/4.1/psoc creator/import/gnu/arm/5.4.1/bin/../lib/gcc/arm-none-eabi/5.4.1/../../../../arm-none-eabi/lib/armv6-m\libg_nano.a(lib_a-memcpy-stub.o)
                              .\CortexM0p\ARM_GCC_541\Release\Bootloader.a(Bootloader.o) (memcpy)
c:/program files (x86)/cypress/psoc creator/4.1/psoc creator/import/gnu/arm/5.4.1/bin/../lib/gcc/arm-none-eabi/5.4.1/../../../../arm-none-eabi/lib/armv6-m\libg_nano.a(lib_a-memset.o)
                              c:/program files (x86)/cypress/psoc creator/4.1/psoc creator/import/gnu/arm/5.4.1/bin/../lib/gcc/arm-none-eabi/5.4.1/../../../../arm-none-eabi/lib/armv6-m/crt0.o (memset)

Allocating common symbols
Common symbol       size              file

I2C_slRdBufIndex    0x4               .\CortexM0p\ARM_GCC_541\Release\Bootloader.a(I2C_I2C_SLAVE.o)
I2C_slRdBufIndexTmp
                    0x4               .\CortexM0p\ARM_GCC_541\Release\Bootloader.a(I2C_I2C_SLAVE.o)
I2C_state           0x1               .\CortexM0p\ARM_GCC_541\Release\Bootloader.a(I2C_I2C.o)
I2C_slStatus        0x1               .\CortexM0p\ARM_GCC_541\Release\Bootloader.a(I2C_I2C_SLAVE.o)
I2C_slWrBufIndex    0x4               .\CortexM0p\ARM_GCC_541\Release\Bootloader.a(I2C_I2C_SLAVE.o)
I2C_slRdBufSize     0x4               .\CortexM0p\ARM_GCC_541\Release\Bootloader.a(I2C_I2C_SLAVE.o)
I2C_slWrBufSize     0x4               .\CortexM0p\ARM_GCC_541\Release\Bootloader.a(I2C_I2C_SLAVE.o)
I2C_slWrBufPtr      0x4               .\CortexM0p\ARM_GCC_541\Release\Bootloader.a(I2C_I2C_SLAVE.o)
I2C_slRdBufPtr      0x4               .\CortexM0p\ARM_GCC_541\Release\Bootloader.a(I2C_I2C_SLAVE.o)
I2C_slOverFlowCount
                    0x1               .\CortexM0p\ARM_GCC_541\Release\Bootloader.a(I2C_I2C_SLAVE.o)

Discarded input sections

 .text          0x00000000        0x0 c:/program files (x86)/cypress/psoc creator/4.1/psoc creator/import/gnu/arm/5.4.1/bin/../lib/gcc/arm-none-eabi/5.4.1/armv6-m/crti.o
 .data          0x00000000        0x0 c:/program files (x86)/cypress/psoc creator/4.1/psoc creator/import/gnu/arm/5.4.1/bin/../lib/gcc/arm-none-eabi/5.4.1/armv6-m/crti.o
 .bss           0x00000000        0x0 c:/program files (x86)/cypress/psoc creator/4.1/psoc creator/import/gnu/arm/5.4.1/bin/../lib/gcc/arm-none-eabi/5.4.1/armv6-m/crti.o
 .data          0x00000000        0x4 c:/program files (x86)/cypress/psoc creator/4.1/psoc creator/import/gnu/arm/5.4.1/bin/../lib/gcc/arm-none-eabi/5.4.1/armv6-m/crtbegin.o
 .text          0x00000000       0x78 c:/program files (x86)/cypress/psoc creator/4.1/psoc creator/import/gnu/arm/5.4.1/bin/../lib/gcc/arm-none-eabi/5.4.1/../../../../arm-none-eabi/lib/armv6-m/crt0.o
 .data          0x00000000        0x0 c:/program files (x86)/cypress/psoc creator/4.1/psoc creator/import/gnu/arm/5.4.1/bin/../lib/gcc/arm-none-eabi/5.4.1/../../../../arm-none-eabi/lib/armv6-m/crt0.o
 .bss           0x00000000        0x0 c:/program files (x86)/cypress/psoc creator/4.1/psoc creator/import/gnu/arm/5.4.1/bin/../lib/gcc/arm-none-eabi/5.4.1/../../../../arm-none-eabi/lib/armv6-m/crt0.o
 .ARM.extab     0x00000000        0x0 c:/program files (x86)/cypress/psoc creator/4.1/psoc creator/import/gnu/arm/5.4.1/bin/../lib/gcc/arm-none-eabi/5.4.1/../../../../arm-none-eabi/lib/armv6-m/crt0.o
 .ARM.exidx     0x00000000        0x8 c:/program files (x86)/cypress/psoc creator/4.1/psoc creator/import/gnu/arm/5.4.1/bin/../lib/gcc/arm-none-eabi/5.4.1/../../../../arm-none-eabi/lib/armv6-m/crt0.o
 .text          0x00000000        0x0 .\CortexM0p\ARM_GCC_541\Release\main.o
 .data          0x00000000        0x0 .\CortexM0p\ARM_GCC_541\Release\main.o
 .bss           0x00000000        0x0 .\CortexM0p\ARM_GCC_541\Release\main.o
 .text          0x00000000        0x0 .\CortexM0p\ARM_GCC_541\Release\cyfitter_cfg.o
 .data          0x00000000        0x0 .\CortexM0p\ARM_GCC_541\Release\cyfitter_cfg.o
 .bss           0x00000000        0x0 .\CortexM0p\ARM_GCC_541\Release\cyfitter_cfg.o
 .text          0x00000000        0x0 .\CortexM0p\ARM_GCC_541\Release\cymetadata.o
 .data          0x00000000        0x0 .\CortexM0p\ARM_GCC_541\Release\cymetadata.o
 .bss           0x00000000        0x0 .\CortexM0p\ARM_GCC_541\Release\cymetadata.o
 .text          0x00000000        0x0 .\CortexM0p\ARM_GCC_541\Release\Cm0plusStart.o
 .data          0x00000000        0x4 .\CortexM0p\ARM_GCC_541\Release\Cm0plusStart.o
 .bss           0x00000000        0x0 .\CortexM0p\ARM_GCC_541\Release\Cm0plusStart.o
 .text._exit    0x00000000        0xa .\CortexM0p\ARM_GCC_541\Release\Cm0plusStart.o
 .text._sbrk    0x00000000       0x2c .\CortexM0p\ARM_GCC_541\Release\Cm0plusStart.o
 .text          0x00000000        0x0 .\CortexM0p\ARM_GCC_541\Release\Bootloader.a(Bootloader.o)
 .text.Bootloader_InitCallback
                0x00000000        0xc .\CortexM0p\ARM_GCC_541\Release\Bootloader.a(Bootloader.o)
 .text          0x00000000        0x0 .\CortexM0p\ARM_GCC_541\Release\Bootloader.a(I2C_I2C_BOOT.o)
 .data          0x00000000        0x0 .\CortexM0p\ARM_GCC_541\Release\Bootloader.a(I2C_I2C_BOOT.o)
 .text.I2C_I2CCyBtldrCommReset
                0x00000000       0x24 .\CortexM0p\ARM_GCC_541\Release\Bootloader.a(I2C_I2C_BOOT.o)
 .text          0x00000000        0x0 .\CortexM0p\ARM_GCC_541\Release\Bootloader.a(I2C_I2C_SLAVE.o)
 .data          0x00000000        0x0 .\CortexM0p\ARM_GCC_541\Release\Bootloader.a(I2C_I2C_SLAVE.o)
 .bss           0x00000000        0x0 .\CortexM0p\ARM_GCC_541\Release\Bootloader.a(I2C_I2C_SLAVE.o)
 .text.I2C_I2CSlaveStatus
                0x00000000        0xc .\CortexM0p\ARM_GCC_541\Release\Bootloader.a(I2C_I2C_SLAVE.o)
 .text.I2C_I2CSlaveClearReadStatus
                0x00000000       0x28 .\CortexM0p\ARM_GCC_541\Release\Bootloader.a(I2C_I2C_SLAVE.o)
 .text.I2C_I2CSlaveClearWriteStatus
                0x00000000       0x28 .\CortexM0p\ARM_GCC_541\Release\Bootloader.a(I2C_I2C_SLAVE.o)
 .text.I2C_I2CSlaveSetAddress
                0x00000000       0x18 .\CortexM0p\ARM_GCC_541\Release\Bootloader.a(I2C_I2C_SLAVE.o)
 .text.I2C_I2CSlaveSetAddressMask
                0x00000000       0x18 .\CortexM0p\ARM_GCC_541\Release\Bootloader.a(I2C_I2C_SLAVE.o)
 .text.I2C_I2CSlaveGetReadBufSize
                0x00000000        0xc .\CortexM0p\ARM_GCC_541\Release\Bootloader.a(I2C_I2C_SLAVE.o)
 .text.I2C_I2CSlaveGetWriteBufSize
                0x00000000        0xc .\CortexM0p\ARM_GCC_541\Release\Bootloader.a(I2C_I2C_SLAVE.o)
 .text.I2C_I2CSlaveClearReadBuf
                0x00000000        0xc .\CortexM0p\ARM_GCC_541\Release\Bootloader.a(I2C_I2C_SLAVE.o)
 .text.I2C_I2CSlaveClearWriteBuf
                0x00000000        0xc .\CortexM0p\ARM_GCC_541\Release\Bootloader.a(I2C_I2C_SLAVE.o)
 .text          0x00000000        0x0 .\CortexM0p\ARM_GCC_541\Release\Bootloader.a(Bootload_EN.o)
 .data          0x00000000        0x0 .\CortexM0p\ARM_GCC_541\Release\Bootloader.a(Bootload_EN.o)
 .bss           0x00000000        0x0 .\CortexM0p\ARM_GCC_541\Release\Bootloader.a(Bootload_EN.o)
 .text.Bootload_EN_SetDriveMode
                0x00000000       0x18 .\CortexM0p\ARM_GCC_541\Release\Bootloader.a(Bootload_EN.o)
 .text.Bootload_EN_Write
                0x00000000       0x18 .\CortexM0p\ARM_GCC_541\Release\Bootloader.a(Bootload_EN.o)
 .text.Bootload_EN_ReadDataReg
                0x00000000       0x10 .\CortexM0p\ARM_GCC_541\Release\Bootloader.a(Bootload_EN.o)
 .text.Bootload_EN_SetInterruptMode
                0x00000000       0x14 .\CortexM0p\ARM_GCC_541\Release\Bootloader.a(Bootload_EN.o)
 .text.Bootload_EN_ClearInterrupt
                0x00000000       0x14 .\CortexM0p\ARM_GCC_541\Release\Bootloader.a(Bootload_EN.o)
 .text          0x00000000        0x0 .\CortexM0p\ARM_GCC_541\Release\Bootloader.a(CyFlash.o)
 .data          0x00000000        0x0 .\CortexM0p\ARM_GCC_541\Release\Bootloader.a(CyFlash.o)
 .text.CySysSFlashWriteUserRow
                0x00000000       0xcc .\CortexM0p\ARM_GCC_541\Release\Bootloader.a(CyFlash.o)
 .text          0x00000000        0x0 .\CortexM0p\ARM_GCC_541\Release\Bootloader.a(CyLib.o)
 .bss           0x00000000       0x18 .\CortexM0p\ARM_GCC_541\Release\Bootloader.a(CyLib.o)
 .text.CySysClkImoStart
                0x00000000       0x14 .\CortexM0p\ARM_GCC_541\Release\Bootloader.a(CyLib.o)
 .text.CySysClkImoStop
                0x00000000       0x18 .\CortexM0p\ARM_GCC_541\Release\Bootloader.a(CyLib.o)
 .text.CySysClkWriteHfclkDirect
                0x00000000       0x20 .\CortexM0p\ARM_GCC_541\Release\Bootloader.a(CyLib.o)
 .text.CySysEnablePumpClock
                0x00000000       0x30 .\CortexM0p\ARM_GCC_541\Release\Bootloader.a(CyLib.o)
 .text.CySysClkGetSysclkSource
                0x00000000       0x18 .\CortexM0p\ARM_GCC_541\Release\Bootloader.a(CyLib.o)
 .text.CySysClkWriteSysclkDiv
                0x00000000       0x24 .\CortexM0p\ARM_GCC_541\Release\Bootloader.a(CyLib.o)
 .text.CySysClkWriteHfclkDiv
                0x00000000       0x24 .\CortexM0p\ARM_GCC_541\Release\Bootloader.a(CyLib.o)
 .text.CySysGetResetReason
                0x00000000       0x14 .\CortexM0p\ARM_GCC_541\Release\Bootloader.a(CyLib.o)
 .text.CyDisableInts
                0x00000000       0x10 .\CortexM0p\ARM_GCC_541\Release\Bootloader.a(CyLib.o)
 .text.CyEnableInts
                0x00000000        0xc .\CortexM0p\ARM_GCC_541\Release\Bootloader.a(CyLib.o)
 .text.CyIntSetSysVector
                0x00000000        0xe .\CortexM0p\ARM_GCC_541\Release\Bootloader.a(CyLib.o)
 .text.CyIntGetSysVector
                0x00000000        0xc .\CortexM0p\ARM_GCC_541\Release\Bootloader.a(CyLib.o)
 .text.CyIntGetVector
                0x00000000       0x10 .\CortexM0p\ARM_GCC_541\Release\Bootloader.a(CyLib.o)
 .text.CyIntGetPriority
                0x00000000       0x20 .\CortexM0p\ARM_GCC_541\Release\Bootloader.a(CyLib.o)
 .text.CyIntGetState
                0x00000000       0x18 .\CortexM0p\ARM_GCC_541\Release\Bootloader.a(CyLib.o)
 .text.CyIntSetPending
                0x00000000       0x14 .\CortexM0p\ARM_GCC_541\Release\Bootloader.a(CyLib.o)
 .text.CyDelayUs
                0x00000000       0x14 .\CortexM0p\ARM_GCC_541\Release\Bootloader.a(CyLib.o)
 .text.CyDelayFreq
                0x00000000       0x48 .\CortexM0p\ARM_GCC_541\Release\Bootloader.a(CyLib.o)
 .text.CySysTickInit
                0x00000000       0x54 .\CortexM0p\ARM_GCC_541\Release\Bootloader.a(CyLib.o)
 .text.CySysTickStop
                0x00000000       0x10 .\CortexM0p\ARM_GCC_541\Release\Bootloader.a(CyLib.o)
 .text.CySysTickEnableInterrupt
                0x00000000       0x10 .\CortexM0p\ARM_GCC_541\Release\Bootloader.a(CyLib.o)
 .text.CySysTickEnable
                0x00000000       0x18 .\CortexM0p\ARM_GCC_541\Release\Bootloader.a(CyLib.o)
 .text.CySysTickStart
                0x00000000       0x1c .\CortexM0p\ARM_GCC_541\Release\Bootloader.a(CyLib.o)
 .text.CySysTickDisableInterrupt
                0x00000000       0x10 .\CortexM0p\ARM_GCC_541\Release\Bootloader.a(CyLib.o)
 .text.CySysTickSetReload
                0x00000000       0x10 .\CortexM0p\ARM_GCC_541\Release\Bootloader.a(CyLib.o)
 .text.CySysTickGetReload
                0x00000000       0x10 .\CortexM0p\ARM_GCC_541\Release\Bootloader.a(CyLib.o)
 .text.CySysTickGetValue
                0x00000000       0x10 .\CortexM0p\ARM_GCC_541\Release\Bootloader.a(CyLib.o)
 .text.CySysTickSetClockSource
                0x00000000       0x18 .\CortexM0p\ARM_GCC_541\Release\Bootloader.a(CyLib.o)
 .text.CySysTickGetClockSource
                0x00000000       0x10 .\CortexM0p\ARM_GCC_541\Release\Bootloader.a(CyLib.o)
 .text.CySysTickGetCountFlag
                0x00000000       0x10 .\CortexM0p\ARM_GCC_541\Release\Bootloader.a(CyLib.o)
 .text.CySysTickServiceCallbacks
                0x00000000       0x24 .\CortexM0p\ARM_GCC_541\Release\Bootloader.a(CyLib.o)
 .text.CySysTickClear
                0x00000000        0xc .\CortexM0p\ARM_GCC_541\Release\Bootloader.a(CyLib.o)
 .text.CySysTickSetCallback
                0x00000000       0x10 .\CortexM0p\ARM_GCC_541\Release\Bootloader.a(CyLib.o)
 .text.CySysTickGetCallback
                0x00000000        0xc .\CortexM0p\ARM_GCC_541\Release\Bootloader.a(CyLib.o)
 .text.CyGetUniqueId
                0x00000000       0x74 .\CortexM0p\ARM_GCC_541\Release\Bootloader.a(CyLib.o)
 .text          0x00000000        0x0 .\CortexM0p\ARM_GCC_541\Release\Bootloader.a(CyLFClk.o)
 .data          0x00000000        0x0 .\CortexM0p\ARM_GCC_541\Release\Bootloader.a(CyLFClk.o)
 .bss           0x00000000        0x8 .\CortexM0p\ARM_GCC_541\Release\Bootloader.a(CyLFClk.o)
 .text.CySysClkWcoSetHighPowerMode
                0x00000000       0x34 .\CortexM0p\ARM_GCC_541\Release\Bootloader.a(CyLFClk.o)
 .text.CySysClkIloStart
                0x00000000       0x14 .\CortexM0p\ARM_GCC_541\Release\Bootloader.a(CyLFClk.o)
 .text.CySysClkIloStop
                0x00000000       0x10 .\CortexM0p\ARM_GCC_541\Release\Bootloader.a(CyLFClk.o)
 .text.CySysClkIloStartMeasurement
                0x00000000       0x34 .\CortexM0p\ARM_GCC_541\Release\Bootloader.a(CyLFClk.o)
 .text.CySysClkIloStopMeasurement
                0x00000000       0x28 .\CortexM0p\ARM_GCC_541\Release\Bootloader.a(CyLFClk.o)
 .text.CySysClkIloCompensate
                0x00000000       0xe8 .\CortexM0p\ARM_GCC_541\Release\Bootloader.a(CyLFClk.o)
 .text.CySysClkWcoStart
                0x00000000       0x18 .\CortexM0p\ARM_GCC_541\Release\Bootloader.a(CyLFClk.o)
 .text.CySysClkWcoStop
                0x00000000       0x1c .\CortexM0p\ARM_GCC_541\Release\Bootloader.a(CyLFClk.o)
 .text.CySysClkWcoSetPowerMode
                0x00000000       0x1c .\CortexM0p\ARM_GCC_541\Release\Bootloader.a(CyLFClk.o)
 .text.CySysClkWcoClockOutSelect
                0x00000000       0x24 .\CortexM0p\ARM_GCC_541\Release\Bootloader.a(CyLFClk.o)
 .text.CySysWdtGetEnabledStatus
                0x00000000       0x18 .\CortexM0p\ARM_GCC_541\Release\Bootloader.a(CyLFClk.o)
 .text.CySysWdtEnable
                0x00000000        0xc .\CortexM0p\ARM_GCC_541\Release\Bootloader.a(CyLFClk.o)
 .text.CySysWdtSetMatch
                0x00000000       0x14 .\CortexM0p\ARM_GCC_541\Release\Bootloader.a(CyLFClk.o)
 .text.CySysWdtGetMatch
                0x00000000        0xc .\CortexM0p\ARM_GCC_541\Release\Bootloader.a(CyLFClk.o)
 .text.CySysWdtGetCount
                0x00000000        0xc .\CortexM0p\ARM_GCC_541\Release\Bootloader.a(CyLFClk.o)
 .text.CySysWdtSetIgnoreBits
                0x00000000       0x20 .\CortexM0p\ARM_GCC_541\Release\Bootloader.a(CyLFClk.o)
 .text.CySysWdtGetIgnoreBits
                0x00000000       0x10 .\CortexM0p\ARM_GCC_541\Release\Bootloader.a(CyLFClk.o)
 .text.CySysWdtClearInterrupt
                0x00000000       0x10 .\CortexM0p\ARM_GCC_541\Release\Bootloader.a(CyLFClk.o)
 .text.CySysWdtMaskInterrupt
                0x00000000       0x10 .\CortexM0p\ARM_GCC_541\Release\Bootloader.a(CyLFClk.o)
 .text.CySysWdtUnmaskInterrupt
                0x00000000       0x10 .\CortexM0p\ARM_GCC_541\Release\Bootloader.a(CyLFClk.o)
 .text.CySysWdtSetInterruptCallback
                0x00000000       0x10 .\CortexM0p\ARM_GCC_541\Release\Bootloader.a(CyLFClk.o)
 .text.CySysWdtGetInterruptCallback
                0x00000000        0xc .\CortexM0p\ARM_GCC_541\Release\Bootloader.a(CyLFClk.o)
 .text.CySysWdtIsr
                0x00000000       0x18 .\CortexM0p\ARM_GCC_541\Release\Bootloader.a(CyLFClk.o)
 .text          0x00000000        0x0 .\CortexM0p\ARM_GCC_541\Release\Bootloader.a(Red_LED.o)
 .data          0x00000000        0x0 .\CortexM0p\ARM_GCC_541\Release\Bootloader.a(Red_LED.o)
 .bss           0x00000000        0x0 .\CortexM0p\ARM_GCC_541\Release\Bootloader.a(Red_LED.o)
 .text.Red_LED_SetDriveMode
                0x00000000       0x14 .\CortexM0p\ARM_GCC_541\Release\Bootloader.a(Red_LED.o)
 .text.Red_LED_Read
                0x00000000       0x10 .\CortexM0p\ARM_GCC_541\Release\Bootloader.a(Red_LED.o)
 .text.Red_LED_ReadDataReg
                0x00000000       0x10 .\CortexM0p\ARM_GCC_541\Release\Bootloader.a(Red_LED.o)
 .text.Red_LED_SetInterruptMode
                0x00000000       0x14 .\CortexM0p\ARM_GCC_541\Release\Bootloader.a(Red_LED.o)
 .text.Red_LED_ClearInterrupt
                0x00000000       0x10 .\CortexM0p\ARM_GCC_541\Release\Bootloader.a(Red_LED.o)
 .text          0x00000000        0x0 .\CortexM0p\ARM_GCC_541\Release\Bootloader.a(Blue_LED.o)
 .data          0x00000000        0x0 .\CortexM0p\ARM_GCC_541\Release\Bootloader.a(Blue_LED.o)
 .bss           0x00000000        0x0 .\CortexM0p\ARM_GCC_541\Release\Bootloader.a(Blue_LED.o)
 .text.Blue_LED_SetDriveMode
                0x00000000       0x18 .\CortexM0p\ARM_GCC_541\Release\Bootloader.a(Blue_LED.o)
 .text.Blue_LED_Read
                0x00000000       0x10 .\CortexM0p\ARM_GCC_541\Release\Bootloader.a(Blue_LED.o)
 .text.Blue_LED_ReadDataReg
                0x00000000       0x10 .\CortexM0p\ARM_GCC_541\Release\Bootloader.a(Blue_LED.o)
 .text.Blue_LED_SetInterruptMode
                0x00000000       0x14 .\CortexM0p\ARM_GCC_541\Release\Bootloader.a(Blue_LED.o)
 .text.Blue_LED_ClearInterrupt
                0x00000000       0x14 .\CortexM0p\ARM_GCC_541\Release\Bootloader.a(Blue_LED.o)
 .data          0x00000000        0x0 .\CortexM0p\ARM_GCC_541\Release\Bootloader.a(CyBootAsmGnu.o)
 .bss           0x00000000        0x0 .\CortexM0p\ARM_GCC_541\Release\Bootloader.a(CyBootAsmGnu.o)
 .text          0x00000000        0x0 .\CortexM0p\ARM_GCC_541\Release\Bootloader.a(I2C.o)
 .data          0x00000000        0x0 .\CortexM0p\ARM_GCC_541\Release\Bootloader.a(I2C.o)
 .text.I2C_Init
                0x00000000        0x8 .\CortexM0p\ARM_GCC_541\Release\Bootloader.a(I2C.o)
 .text.I2C_SetRxFifoLevel
                0x00000000       0x14 .\CortexM0p\ARM_GCC_541\Release\Bootloader.a(I2C.o)
 .text.I2C_SetTxFifoLevel
                0x00000000       0x14 .\CortexM0p\ARM_GCC_541\Release\Bootloader.a(I2C.o)
 .text          0x00000000        0x0 .\CortexM0p\ARM_GCC_541\Release\Bootloader.a(I2C_I2C.o)
 .data          0x00000000        0x0 .\CortexM0p\ARM_GCC_541\Release\Bootloader.a(I2C_I2C.o)
 .bss           0x00000000        0x0 .\CortexM0p\ARM_GCC_541\Release\Bootloader.a(I2C_I2C.o)
 .text          0x00000000        0x0 .\CortexM0p\ARM_GCC_541\Release\Bootloader.a(I2C_I2C_INT.o)
 .data          0x00000000        0x0 .\CortexM0p\ARM_GCC_541\Release\Bootloader.a(I2C_I2C_INT.o)
 .bss           0x00000000        0x0 .\CortexM0p\ARM_GCC_541\Release\Bootloader.a(I2C_I2C_INT.o)
 .data          0x00000000        0x0 c:/program files (x86)/cypress/psoc creator/4.1/psoc creator/import/gnu/arm/5.4.1/bin/../lib/gcc/arm-none-eabi/5.4.1/armv6-m\libgcc.a(_thumb1_case_uqi.o)
 .bss           0x00000000        0x0 c:/program files (x86)/cypress/psoc creator/4.1/psoc creator/import/gnu/arm/5.4.1/bin/../lib/gcc/arm-none-eabi/5.4.1/armv6-m\libgcc.a(_thumb1_case_uqi.o)
 .data          0x00000000        0x0 c:/program files (x86)/cypress/psoc creator/4.1/psoc creator/import/gnu/arm/5.4.1/bin/../lib/gcc/arm-none-eabi/5.4.1/armv6-m\libgcc.a(_thumb1_case_shi.o)
 .bss           0x00000000        0x0 c:/program files (x86)/cypress/psoc creator/4.1/psoc creator/import/gnu/arm/5.4.1/bin/../lib/gcc/arm-none-eabi/5.4.1/armv6-m\libgcc.a(_thumb1_case_shi.o)
 .text          0x00000000      0x114 c:/program files (x86)/cypress/psoc creator/4.1/psoc creator/import/gnu/arm/5.4.1/bin/../lib/gcc/arm-none-eabi/5.4.1/armv6-m\libgcc.a(_udivsi3.o)
 .data          0x00000000        0x0 c:/program files (x86)/cypress/psoc creator/4.1/psoc creator/import/gnu/arm/5.4.1/bin/../lib/gcc/arm-none-eabi/5.4.1/armv6-m\libgcc.a(_udivsi3.o)
 .bss           0x00000000        0x0 c:/program files (x86)/cypress/psoc creator/4.1/psoc creator/import/gnu/arm/5.4.1/bin/../lib/gcc/arm-none-eabi/5.4.1/armv6-m\libgcc.a(_udivsi3.o)
 .text          0x00000000        0x4 c:/program files (x86)/cypress/psoc creator/4.1/psoc creator/import/gnu/arm/5.4.1/bin/../lib/gcc/arm-none-eabi/5.4.1/armv6-m\libgcc.a(_dvmd_tls.o)
 .data          0x00000000        0x0 c:/program files (x86)/cypress/psoc creator/4.1/psoc creator/import/gnu/arm/5.4.1/bin/../lib/gcc/arm-none-eabi/5.4.1/armv6-m\libgcc.a(_dvmd_tls.o)
 .bss           0x00000000        0x0 c:/program files (x86)/cypress/psoc creator/4.1/psoc creator/import/gnu/arm/5.4.1/bin/../lib/gcc/arm-none-eabi/5.4.1/armv6-m\libgcc.a(_dvmd_tls.o)
 .text          0x00000000        0x0 c:/program files (x86)/cypress/psoc creator/4.1/psoc creator/import/gnu/arm/5.4.1/bin/../lib/gcc/arm-none-eabi/5.4.1/../../../../arm-none-eabi/lib/armv6-m\libg_nano.a(lib_a-errno.o)
 .data          0x00000000        0x0 c:/program files (x86)/cypress/psoc creator/4.1/psoc creator/import/gnu/arm/5.4.1/bin/../lib/gcc/arm-none-eabi/5.4.1/../../../../arm-none-eabi/lib/armv6-m\libg_nano.a(lib_a-errno.o)
 .bss           0x00000000        0x0 c:/program files (x86)/cypress/psoc creator/4.1/psoc creator/import/gnu/arm/5.4.1/bin/../lib/gcc/arm-none-eabi/5.4.1/../../../../arm-none-eabi/lib/armv6-m\libg_nano.a(lib_a-errno.o)
 .text          0x00000000        0x0 c:/program files (x86)/cypress/psoc creator/4.1/psoc creator/import/gnu/arm/5.4.1/bin/../lib/gcc/arm-none-eabi/5.4.1/../../../../arm-none-eabi/lib/armv6-m\libg_nano.a(lib_a-exit.o)
 .data          0x00000000        0x0 c:/program files (x86)/cypress/psoc creator/4.1/psoc creator/import/gnu/arm/5.4.1/bin/../lib/gcc/arm-none-eabi/5.4.1/../../../../arm-none-eabi/lib/armv6-m\libg_nano.a(lib_a-exit.o)
 .bss           0x00000000        0x0 c:/program files (x86)/cypress/psoc creator/4.1/psoc creator/import/gnu/arm/5.4.1/bin/../lib/gcc/arm-none-eabi/5.4.1/../../../../arm-none-eabi/lib/armv6-m\libg_nano.a(lib_a-exit.o)
 .text.exit     0x00000000       0x2c c:/program files (x86)/cypress/psoc creator/4.1/psoc creator/import/gnu/arm/5.4.1/bin/../lib/gcc/arm-none-eabi/5.4.1/../../../../arm-none-eabi/lib/armv6-m\libg_nano.a(lib_a-exit.o)
 .text          0x00000000        0x0 c:/program files (x86)/cypress/psoc creator/4.1/psoc creator/import/gnu/arm/5.4.1/bin/../lib/gcc/arm-none-eabi/5.4.1/../../../../arm-none-eabi/lib/armv6-m\libg_nano.a(lib_a-impure.o)
 .data          0x00000000        0x0 c:/program files (x86)/cypress/psoc creator/4.1/psoc creator/import/gnu/arm/5.4.1/bin/../lib/gcc/arm-none-eabi/5.4.1/../../../../arm-none-eabi/lib/armv6-m\libg_nano.a(lib_a-impure.o)
 .bss           0x00000000        0x0 c:/program files (x86)/cypress/psoc creator/4.1/psoc creator/import/gnu/arm/5.4.1/bin/../lib/gcc/arm-none-eabi/5.4.1/../../../../arm-none-eabi/lib/armv6-m\libg_nano.a(lib_a-impure.o)
 .rodata._global_impure_ptr
                0x00000000        0x4 c:/program files (x86)/cypress/psoc creator/4.1/psoc creator/import/gnu/arm/5.4.1/bin/../lib/gcc/arm-none-eabi/5.4.1/../../../../arm-none-eabi/lib/armv6-m\libg_nano.a(lib_a-impure.o)
 .text          0x00000000        0x0 c:/program files (x86)/cypress/psoc creator/4.1/psoc creator/import/gnu/arm/5.4.1/bin/../lib/gcc/arm-none-eabi/5.4.1/../../../../arm-none-eabi/lib/armv6-m\libg_nano.a(lib_a-init.o)
 .data          0x00000000        0x0 c:/program files (x86)/cypress/psoc creator/4.1/psoc creator/import/gnu/arm/5.4.1/bin/../lib/gcc/arm-none-eabi/5.4.1/../../../../arm-none-eabi/lib/armv6-m\libg_nano.a(lib_a-init.o)
 .bss           0x00000000        0x0 c:/program files (x86)/cypress/psoc creator/4.1/psoc creator/import/gnu/arm/5.4.1/bin/../lib/gcc/arm-none-eabi/5.4.1/../../../../arm-none-eabi/lib/armv6-m\libg_nano.a(lib_a-init.o)
 .text          0x00000000        0x0 c:/program files (x86)/cypress/psoc creator/4.1/psoc creator/import/gnu/arm/5.4.1/bin/../lib/gcc/arm-none-eabi/5.4.1/../../../../arm-none-eabi/lib/armv6-m\libg_nano.a(lib_a-memcpy-stub.o)
 .data          0x00000000        0x0 c:/program files (x86)/cypress/psoc creator/4.1/psoc creator/import/gnu/arm/5.4.1/bin/../lib/gcc/arm-none-eabi/5.4.1/../../../../arm-none-eabi/lib/armv6-m\libg_nano.a(lib_a-memcpy-stub.o)
 .bss           0x00000000        0x0 c:/program files (x86)/cypress/psoc creator/4.1/psoc creator/import/gnu/arm/5.4.1/bin/../lib/gcc/arm-none-eabi/5.4.1/../../../../arm-none-eabi/lib/armv6-m\libg_nano.a(lib_a-memcpy-stub.o)
 .text          0x00000000        0x0 c:/program files (x86)/cypress/psoc creator/4.1/psoc creator/import/gnu/arm/5.4.1/bin/../lib/gcc/arm-none-eabi/5.4.1/../../../../arm-none-eabi/lib/armv6-m\libg_nano.a(lib_a-memset.o)
 .data          0x00000000        0x0 c:/program files (x86)/cypress/psoc creator/4.1/psoc creator/import/gnu/arm/5.4.1/bin/../lib/gcc/arm-none-eabi/5.4.1/../../../../arm-none-eabi/lib/armv6-m\libg_nano.a(lib_a-memset.o)
 .bss           0x00000000        0x0 c:/program files (x86)/cypress/psoc creator/4.1/psoc creator/import/gnu/arm/5.4.1/bin/../lib/gcc/arm-none-eabi/5.4.1/../../../../arm-none-eabi/lib/armv6-m\libg_nano.a(lib_a-memset.o)
 .text          0x00000000        0x0 c:/program files (x86)/cypress/psoc creator/4.1/psoc creator/import/gnu/arm/5.4.1/bin/../lib/gcc/arm-none-eabi/5.4.1/armv6-m/crtend.o
 .data          0x00000000        0x0 c:/program files (x86)/cypress/psoc creator/4.1/psoc creator/import/gnu/arm/5.4.1/bin/../lib/gcc/arm-none-eabi/5.4.1/armv6-m/crtend.o
 .bss           0x00000000        0x0 c:/program files (x86)/cypress/psoc creator/4.1/psoc creator/import/gnu/arm/5.4.1/bin/../lib/gcc/arm-none-eabi/5.4.1/armv6-m/crtend.o
 .text          0x00000000        0x0 c:/program files (x86)/cypress/psoc creator/4.1/psoc creator/import/gnu/arm/5.4.1/bin/../lib/gcc/arm-none-eabi/5.4.1/armv6-m/crtn.o
 .data          0x00000000        0x0 c:/program files (x86)/cypress/psoc creator/4.1/psoc creator/import/gnu/arm/5.4.1/bin/../lib/gcc/arm-none-eabi/5.4.1/armv6-m/crtn.o
 .bss           0x00000000        0x0 c:/program files (x86)/cypress/psoc creator/4.1/psoc creator/import/gnu/arm/5.4.1/bin/../lib/gcc/arm-none-eabi/5.4.1/armv6-m/crtn.o

Memory Configuration

Name             Origin             Length             Attributes
rom              0x00000000         0x00008000         xr
ram              0x20000000         0x00001000         xrw
*default*        0x00000000         0xffffffff

Linker script and memory map

LOAD c:/program files (x86)/cypress/psoc creator/4.1/psoc creator/import/gnu/arm/5.4.1/bin/../lib/gcc/arm-none-eabi/5.4.1/armv6-m/crti.o
LOAD c:/program files (x86)/cypress/psoc creator/4.1/psoc creator/import/gnu/arm/5.4.1/bin/../lib/gcc/arm-none-eabi/5.4.1/armv6-m/crtbegin.o
LOAD c:/program files (x86)/cypress/psoc creator/4.1/psoc creator/import/gnu/arm/5.4.1/bin/../lib/gcc/arm-none-eabi/5.4.1/../../../../arm-none-eabi/lib/armv6-m/crt0.o
START GROUP
LOAD .\CortexM0p\ARM_GCC_541\Release\main.o
LOAD .\CortexM0p\ARM_GCC_541\Release\cyfitter_cfg.o
LOAD .\CortexM0p\ARM_GCC_541\Release\cymetadata.o
LOAD .\CortexM0p\ARM_GCC_541\Release\Cm0plusStart.o
LOAD .\CortexM0p\ARM_GCC_541\Release\Bootloader.a
END GROUP
START GROUP
LOAD c:/program files (x86)/cypress/psoc creator/4.1/psoc creator/import/gnu/arm/5.4.1/bin/../lib/gcc/arm-none-eabi/5.4.1/armv6-m\libgcc.a
LOAD c:/program files (x86)/cypress/psoc creator/4.1/psoc creator/import/gnu/arm/5.4.1/bin/../lib/gcc/arm-none-eabi/5.4.1/../../../../arm-none-eabi/lib/armv6-m\libg_nano.a
LOAD c:/program files (x86)/cypress/psoc creator/4.1/psoc creator/import/gnu/arm/5.4.1/bin/../lib/gcc/arm-none-eabi/5.4.1/../../../../arm-none-eabi/lib/armv6-m\libc_nano.a
END GROUP
START GROUP
LOAD c:/program files (x86)/cypress/psoc creator/4.1/psoc creator/import/gnu/arm/5.4.1/bin/../lib/gcc/arm-none-eabi/5.4.1/armv6-m\libgcc.a
LOAD c:/program files (x86)/cypress/psoc creator/4.1/psoc creator/import/gnu/arm/5.4.1/bin/../lib/gcc/arm-none-eabi/5.4.1/../../../../arm-none-eabi/lib/armv6-m\libc_nano.a
END GROUP
LOAD c:/program files (x86)/cypress/psoc creator/4.1/psoc creator/import/gnu/arm/5.4.1/bin/../lib/gcc/arm-none-eabi/5.4.1/armv6-m/crtend.o
LOAD c:/program files (x86)/cypress/psoc creator/4.1/psoc creator/import/gnu/arm/5.4.1/bin/../lib/gcc/arm-none-eabi/5.4.1/armv6-m/crtn.o
START GROUP
LOAD c:/program files (x86)/cypress/psoc creator/4.1/psoc creator/import/gnu/arm/5.4.1/bin/../lib/gcc/arm-none-eabi/5.4.1/armv6-m\libgcc.a
LOAD c:/program files (x86)/cypress/psoc creator/4.1/psoc creator/import/gnu/arm/5.4.1/bin/../lib/gcc/arm-none-eabi/5.4.1/../../../../arm-none-eabi/lib/armv6-m\libc.a
LOAD c:/program files (x86)/cypress/psoc creator/4.1/psoc creator/import/gnu/arm/5.4.1/bin/../lib/gcc/arm-none-eabi/5.4.1/../../../../arm-none-eabi/lib/armv6-m\libnosys.a
END GROUP
                0x00000000                CY_APPL_ORIGIN = 0x0
                0x00000080                CY_FLASH_ROW_SIZE = 0x80
                0x00000001                CY_APPL_NUM = 0x1
                0x00000001                CY_APPL_MAX = 0x1
                0x00000040                CY_METADATA_SIZE = 0x40
                0x00000000                CY_APPL_LOADABLE = 0x0
                0x00000000                CY_CHECKSUM_EXCLUDE_SIZE = ALIGN (0x0, CY_FLASH_ROW_SIZE)
                0x00000000                CY_APP_FOR_STACK_AND_COPIER = 0x0
                [!provide]                PROVIDE (__cy_heap_start, _end)
                0x00000001                PROVIDE (__cy_region_num, ((__cy_regions_end - __cy_regions) / 0x10))
                0x20001000                PROVIDE (__cy_stack, (ORIGIN (ram) + LENGTH (ram)))
                [!provide]                PROVIDE (__cy_heap_end, (__cy_stack - 0x400))

.cybootloader   0x00000000        0x0
 *(.cybootloader)
                0x00000000                appl1_start = CY_APPL_ORIGIN?CY_APPL_ORIGIN:ALIGN (CY_FLASH_ROW_SIZE)
                0x00003f80                appl2_start = (appl1_start + ALIGN ((((LENGTH (rom) - appl1_start) - (0x2 * CY_FLASH_ROW_SIZE)) / 0x2), CY_FLASH_ROW_SIZE))
                0x00000000                appl_start = (CY_APPL_NUM == 0x1)?appl1_start:appl2_start
                0x00000001                cy_project_type_bootloader = (appl_start == 0x0)?0x1:0x0
                0x00000000                cy_project_type_app_for_stack_and_copier = (CY_APP_FOR_STACK_AND_COPIER == 0x1)?0x1:0x0

.text           0x00000000     0x1375
 CREATE_OBJECT_SYMBOLS
                0x00000000                PROVIDE (__cy_interrupt_vector, RomVectors)
 *(.romvectors)
 .romvectors    0x00000000       0x10 .\CortexM0p\ARM_GCC_541\Release\Cm0plusStart.o
                0x00000000                RomVectors
                0x00000001                ASSERT ((. != __cy_interrupt_vector), No interrupt vector)
                0x00000001                ASSERT (CY_APPL_ORIGIN?(SIZEOF (.cybootloader) <= CY_APPL_ORIGIN):0x1, Wrong image location)
                0x00000010                PROVIDE (__cy_reset, Reset)
 *(.text.Reset)
 .text.Reset    0x00000010        0xe .\CortexM0p\ARM_GCC_541\Release\Cm0plusStart.o
                0x00000010                Reset
                0x00000001                ASSERT ((. != __cy_reset), No reset code)
 *(.psocinit)
 *fill*         0x0000001e        0x2 
 .psocinit      0x00000020       0x94 .\CortexM0p\ARM_GCC_541\Release\cyfitter_cfg.o
                0x00000020                cyfitter_cfg
                0x00000100                . = MAX (., 0x100)
 *fill*         0x000000b4       0x4c 
 *(.text .text.* .gnu.linkonce.t.*)
 .text          0x00000100       0x60 c:/program files (x86)/cypress/psoc creator/4.1/psoc creator/import/gnu/arm/5.4.1/bin/../lib/gcc/arm-none-eabi/5.4.1/armv6-m/crtbegin.o
 .text.startup.main
                0x00000160       0x34 .\CortexM0p\ARM_GCC_541\Release\main.o
                0x00000160                main
 .text.IntDefaultHandler
                0x00000194       0x10 .\CortexM0p\ARM_GCC_541\Release\Cm0plusStart.o
                0x00000194                IntDefaultHandler
 .text.Start_c  0x000001a4       0x4c .\CortexM0p\ARM_GCC_541\Release\Cm0plusStart.o
                0x000001a4                Start_c
 .text.startup.initialize_psoc
                0x000001f0       0x48 .\CortexM0p\ARM_GCC_541\Release\Cm0plusStart.o
                0x000001f0                initialize_psoc
 .text.Bootloader_LaunchBootloadable
                0x00000238        0x2 .\CortexM0p\ARM_GCC_541\Release\Bootloader.a(Bootloader.o)
 .text.Bootloader_Calc8BitSum
                0x0000023a       0x18 .\CortexM0p\ARM_GCC_541\Release\Bootloader.a(Bootloader.o)
                0x0000023a                Bootloader_Calc8BitSum
 .text.Bootloader_SetFlashByte
                0x00000252       0x32 .\CortexM0p\ARM_GCC_541\Release\Bootloader.a(Bootloader.o)
                0x00000252                Bootloader_SetFlashByte
 .text.Bootloader_GetMetadata
                0x00000284       0xa8 .\CortexM0p\ARM_GCC_541\Release\Bootloader.a(Bootloader.o)
                0x00000284                Bootloader_GetMetadata
 .text.CyBtldr_CheckLaunch
                0x0000032c       0x3c .\CortexM0p\ARM_GCC_541\Release\Bootloader.a(Bootloader.o)
                0x0000032c                CyBtldr_CheckLaunch
 .text.Bootloader_ValidateBootloadable
                0x00000368       0x62 .\CortexM0p\ARM_GCC_541\Release\Bootloader.a(Bootloader.o)
                0x00000368                Bootloader_ValidateBootloadable
 *fill*         0x000003ca        0x2 
 .text.Bootloader_Exit
                0x000003cc       0x34 .\CortexM0p\ARM_GCC_541\Release\Bootloader.a(Bootloader.o)
                0x000003cc                Bootloader_Exit
 .text.Bootloader_HostLink.constprop.0
                0x00000400      0x358 .\CortexM0p\ARM_GCC_541\Release\Bootloader.a(Bootloader.o)
 .text.Bootloader_Start
                0x00000758       0x58 .\CortexM0p\ARM_GCC_541\Release\Bootloader.a(Bootloader.o)
                0x00000758                Bootloader_Start
 .text.I2C_I2CResposeInsert
                0x000007b0       0x4c .\CortexM0p\ARM_GCC_541\Release\Bootloader.a(I2C_I2C_BOOT.o)
 .text.I2C_I2CCyBtldrCommStart
                0x000007fc       0x30 .\CortexM0p\ARM_GCC_541\Release\Bootloader.a(I2C_I2C_BOOT.o)
                0x000007fc                I2C_I2CCyBtldrCommStart
 .text.I2C_I2CCyBtldrCommStop
                0x0000082c        0x8 .\CortexM0p\ARM_GCC_541\Release\Bootloader.a(I2C_I2C_BOOT.o)
                0x0000082c                I2C_I2CCyBtldrCommStop
 .text.I2C_I2CCyBtldrCommRead
                0x00000834       0x68 .\CortexM0p\ARM_GCC_541\Release\Bootloader.a(I2C_I2C_BOOT.o)
                0x00000834                I2C_I2CCyBtldrCommRead
 .text.I2C_I2CCyBtldrCommWrite
                0x0000089c       0x2c .\CortexM0p\ARM_GCC_541\Release\Bootloader.a(I2C_I2C_BOOT.o)
                0x0000089c                I2C_I2CCyBtldrCommWrite
 .text.I2C_I2CSlaveInitReadBuf
                0x000008c8       0x3c .\CortexM0p\ARM_GCC_541\Release\Bootloader.a(I2C_I2C_SLAVE.o)
                0x000008c8                I2C_I2CSlaveInitReadBuf
 .text.I2C_I2CSlaveInitWriteBuf
                0x00000904       0x34 .\CortexM0p\ARM_GCC_541\Release\Bootloader.a(I2C_I2C_SLAVE.o)
                0x00000904                I2C_I2CSlaveInitWriteBuf
 .text.Bootload_EN_Read
                0x00000938       0x10 .\CortexM0p\ARM_GCC_541\Release\Bootloader.a(Bootload_EN.o)
                0x00000938                Bootload_EN_Read
 .text.CySysFlashClockBackup
                0x00000948       0x48 .\CortexM0p\ARM_GCC_541\Release\Bootloader.a(CyFlash.o)
 .text.CySysFlashClockConfig
                0x00000990       0x38 .\CortexM0p\ARM_GCC_541\Release\Bootloader.a(CyFlash.o)
 .text.CySysFlashClockRestore
                0x000009c8       0x48 .\CortexM0p\ARM_GCC_541\Release\Bootloader.a(CyFlash.o)
 .text.CySysFlashWriteRow
                0x00000a10       0xdc .\CortexM0p\ARM_GCC_541\Release\Bootloader.a(CyFlash.o)
                0x00000a10                CySysFlashWriteRow
 .text.CySysFlashSetWaitCycles
                0x00000aec       0x44 .\CortexM0p\ARM_GCC_541\Release\Bootloader.a(CyFlash.o)
                0x00000aec                CySysFlashSetWaitCycles
 .text.CySysClkImoDisableWcoLock
                0x00000b30       0x14 .\CortexM0p\ARM_GCC_541\Release\Bootloader.a(CyLib.o)
                0x00000b30                CySysClkImoDisableWcoLock
 .text.CySysClkImoGetWcoLock
                0x00000b44       0x10 .\CortexM0p\ARM_GCC_541\Release\Bootloader.a(CyLib.o)
                0x00000b44                CySysClkImoGetWcoLock
 .text.CyIntSetVector
                0x00000b54       0x10 .\CortexM0p\ARM_GCC_541\Release\Bootloader.a(CyLib.o)
                0x00000b54                CyIntSetVector
 .text.CyIntSetPriority
                0x00000b64       0x34 .\CortexM0p\ARM_GCC_541\Release\Bootloader.a(CyLib.o)
                0x00000b64                CyIntSetPriority
 .text.CyIntEnable
                0x00000b98       0x14 .\CortexM0p\ARM_GCC_541\Release\Bootloader.a(CyLib.o)
                0x00000b98                CyIntEnable
 .text.CyIntDisable
                0x00000bac       0x14 .\CortexM0p\ARM_GCC_541\Release\Bootloader.a(CyLib.o)
                0x00000bac                CyIntDisable
 .text.CyIntClearPending
                0x00000bc0       0x14 .\CortexM0p\ARM_GCC_541\Release\Bootloader.a(CyLib.o)
                0x00000bc0                CyIntClearPending
 .text.CyHalt   0x00000bd4        0x4 .\CortexM0p\ARM_GCC_541\Release\Bootloader.a(CyLib.o)
                0x00000bd4                CyHalt
 .text.CySoftwareReset
                0x00000bd8       0x18 .\CortexM0p\ARM_GCC_541\Release\Bootloader.a(CyLib.o)
                0x00000bd8                CySoftwareReset
 .text.CyDelay  0x00000bf0       0x2c .\CortexM0p\ARM_GCC_541\Release\Bootloader.a(CyLib.o)
                0x00000bf0                CyDelay
 .text.CySysClkImoEnableWcoLock
                0x00000c1c       0xbc .\CortexM0p\ARM_GCC_541\Release\Bootloader.a(CyLib.o)
                0x00000c1c                CySysClkImoEnableWcoLock
 .text.CySysClkWriteImoFreq
                0x00000cd8       0xb8 .\CortexM0p\ARM_GCC_541\Release\Bootloader.a(CyLib.o)
                0x00000cd8                CySysClkWriteImoFreq
 .text.CySysClkWcoEnabled
                0x00000d90        0xc .\CortexM0p\ARM_GCC_541\Release\Bootloader.a(CyLFClk.o)
                0x00000d90                CySysClkWcoEnabled
 .text.CySysWdtDisable
                0x00000d9c       0x10 .\CortexM0p\ARM_GCC_541\Release\Bootloader.a(CyLFClk.o)
                0x00000d9c                CySysWdtDisable
 .text.Red_LED_Write
                0x00000dac       0x18 .\CortexM0p\ARM_GCC_541\Release\Bootloader.a(Red_LED.o)
                0x00000dac                Red_LED_Write
 .text.Blue_LED_Write
                0x00000dc4       0x18 .\CortexM0p\ARM_GCC_541\Release\Bootloader.a(Blue_LED.o)
                0x00000dc4                Blue_LED_Write
 *fill*         0x00000ddc        0x4 
 .text          0x00000de0       0x20 .\CortexM0p\ARM_GCC_541\Release\Bootloader.a(CyBootAsmGnu.o)
                0x00000de0                CyDelayCycles
                0x00000df2                CyEnterCriticalSection
                0x00000dfa                CyExitCriticalSection
 .text.I2C_Enable
                0x00000e00       0x1c .\CortexM0p\ARM_GCC_541\Release\Bootloader.a(I2C.o)
                0x00000e00                I2C_Enable
 .text.I2C_Start
                0x00000e1c       0x1c .\CortexM0p\ARM_GCC_541\Release\Bootloader.a(I2C.o)
                0x00000e1c                I2C_Start
 .text.I2C_Stop
                0x00000e38       0x2c .\CortexM0p\ARM_GCC_541\Release\Bootloader.a(I2C.o)
                0x00000e38                I2C_Stop
 .text.I2C_SetCustomInterruptHandler
                0x00000e64        0xc .\CortexM0p\ARM_GCC_541\Release\Bootloader.a(I2C.o)
                0x00000e64                I2C_SetCustomInterruptHandler
 .text.I2C_I2CInit
                0x00000e70       0xcc .\CortexM0p\ARM_GCC_541\Release\Bootloader.a(I2C_I2C.o)
                0x00000e70                I2C_I2CInit
 .text.I2C_I2CStop
                0x00000f3c        0xc .\CortexM0p\ARM_GCC_541\Release\Bootloader.a(I2C_I2C.o)
                0x00000f3c                I2C_I2CStop
 .text.I2C_I2C_ISR
                0x00000f48      0x384 .\CortexM0p\ARM_GCC_541\Release\Bootloader.a(I2C_I2C_INT.o)
                0x00000f48                I2C_I2C_ISR
 .text          0x000012cc       0x14 c:/program files (x86)/cypress/psoc creator/4.1/psoc creator/import/gnu/arm/5.4.1/bin/../lib/gcc/arm-none-eabi/5.4.1/armv6-m\libgcc.a(_thumb1_case_uqi.o)
                0x000012cc                __gnu_thumb1_case_uqi
 .text          0x000012e0       0x14 c:/program files (x86)/cypress/psoc creator/4.1/psoc creator/import/gnu/arm/5.4.1/bin/../lib/gcc/arm-none-eabi/5.4.1/armv6-m\libgcc.a(_thumb1_case_shi.o)
                0x000012e0                __gnu_thumb1_case_shi
 .text.__errno  0x000012f4        0xc c:/program files (x86)/cypress/psoc creator/4.1/psoc creator/import/gnu/arm/5.4.1/bin/../lib/gcc/arm-none-eabi/5.4.1/../../../../arm-none-eabi/lib/armv6-m\libg_nano.a(lib_a-errno.o)
                0x000012f4                __errno
 .text.__libc_init_array
                0x00001300       0x4c c:/program files (x86)/cypress/psoc creator/4.1/psoc creator/import/gnu/arm/5.4.1/bin/../lib/gcc/arm-none-eabi/5.4.1/../../../../arm-none-eabi/lib/armv6-m\libg_nano.a(lib_a-init.o)
                0x00001300                __libc_init_array
 .text.memcpy   0x0000134c       0x12 c:/program files (x86)/cypress/psoc creator/4.1/psoc creator/import/gnu/arm/5.4.1/bin/../lib/gcc/arm-none-eabi/5.4.1/../../../../arm-none-eabi/lib/armv6-m\libg_nano.a(lib_a-memcpy-stub.o)
                0x0000134c                memcpy
 .text.memset   0x0000135e       0x10 c:/program files (x86)/cypress/psoc creator/4.1/psoc creator/import/gnu/arm/5.4.1/bin/../lib/gcc/arm-none-eabi/5.4.1/../../../../arm-none-eabi/lib/armv6-m\libg_nano.a(lib_a-memset.o)
                0x0000135e                memset
 *(.plt)
 *(.gnu.warning)
 *(.glue_7t)
 .glue_7t       0x0000136e        0x0 linker stubs
 *(.glue_7)
 .glue_7        0x0000136e        0x0 linker stubs
 *(.vfp11_veneer)
 .vfp11_veneer  0x0000136e        0x0 linker stubs
 *(.bootloader)
 *fill*         0x0000136e        0x2 
 .bootloader    0x00001370        0x5 .\CortexM0p\ARM_GCC_541\Release\Bootloader.a(Bootloader.o)
                0x00001370                Bootloader_SizeBytes
                0x00001374                Bootloader_Checksum
 *(.ARM.extab* .gnu.linkonce.armextab.*)
 *(.gcc_except_table)

.v4_bx          0x00001378        0x0
 .v4_bx         0x00001378        0x0 linker stubs

.iplt           0x00001378        0x0
 .iplt          0x00001378        0x0 c:/program files (x86)/cypress/psoc creator/4.1/psoc creator/import/gnu/arm/5.4.1/bin/../lib/gcc/arm-none-eabi/5.4.1/armv6-m/crtbegin.o

.eh_frame_hdr
 *(.eh_frame_hdr)

.eh_frame       0x00001378        0x4
 *(.eh_frame)
 .eh_frame      0x00001378        0x0 c:/program files (x86)/cypress/psoc creator/4.1/psoc creator/import/gnu/arm/5.4.1/bin/../lib/gcc/arm-none-eabi/5.4.1/armv6-m/crtbegin.o
 .eh_frame      0x00001378        0x4 c:/program files (x86)/cypress/psoc creator/4.1/psoc creator/import/gnu/arm/5.4.1/bin/../lib/gcc/arm-none-eabi/5.4.1/armv6-m/crtend.o
                [!provide]                PROVIDE (__exidx_start, .)

.ARM.exidx
 *(.ARM.exidx* .gnu.linkonce.armexidx.*)
                0x0000137c                __exidx_end = .

.rodata         0x0000137c       0x5c
 *(.rodata .rodata.* .gnu.linkonce.r.*)
 .rodata        0x0000137c        0x8 .\CortexM0p\ARM_GCC_541\Release\Bootloader.a(Bootloader.o)
 .rodata        0x00001384       0x17 .\CortexM0p\ARM_GCC_541\Release\Bootloader.a(CyLib.o)
                0x00001384                cyImoFreqMhz2DpllOffset
 .rodata.str1.1
                0x0000139b        0x2 c:/program files (x86)/cypress/psoc creator/4.1/psoc creator/import/gnu/arm/5.4.1/bin/../lib/gcc/arm-none-eabi/5.4.1/../../../../arm-none-eabi/lib/armv6-m\libg_nano.a(lib_a-impure.o)
                0x000013a0                . = ALIGN (0x4)
 *fill*         0x0000139d        0x3 
 *(.init)
 .init          0x000013a0        0x4 c:/program files (x86)/cypress/psoc creator/4.1/psoc creator/import/gnu/arm/5.4.1/bin/../lib/gcc/arm-none-eabi/5.4.1/armv6-m/crti.o
                0x000013a0                _init
 .init          0x000013a4        0x8 c:/program files (x86)/cypress/psoc creator/4.1/psoc creator/import/gnu/arm/5.4.1/bin/../lib/gcc/arm-none-eabi/5.4.1/armv6-m/crtn.o
                0x000013ac                . = ALIGN (0x4)
                0x000013ac                __preinit_array_start = .
 *(.preinit_array)
                0x000013ac                __preinit_array_end = .
                0x000013ac                . = ALIGN (0x4)
                0x000013ac                __init_array_start = .
 *(SORT(.init_array.*))
 *(.init_array)
 .init_array    0x000013ac        0x4 c:/program files (x86)/cypress/psoc creator/4.1/psoc creator/import/gnu/arm/5.4.1/bin/../lib/gcc/arm-none-eabi/5.4.1/armv6-m/crtbegin.o
 .init_array    0x000013b0        0x4 .\CortexM0p\ARM_GCC_541\Release\Cm0plusStart.o
                0x000013b4                __init_array_end = .
                0x000013b4                . = ALIGN (0x4)
 *(.fini)
 .fini          0x000013b4        0x4 c:/program files (x86)/cypress/psoc creator/4.1/psoc creator/import/gnu/arm/5.4.1/bin/../lib/gcc/arm-none-eabi/5.4.1/armv6-m/crti.o
                0x000013b4                _fini
 .fini          0x000013b8        0x8 c:/program files (x86)/cypress/psoc creator/4.1/psoc creator/import/gnu/arm/5.4.1/bin/../lib/gcc/arm-none-eabi/5.4.1/armv6-m/crtn.o
                0x000013c0                . = ALIGN (0x4)
                0x000013c0                __fini_array_start = .
 *(.fini_array)
 .fini_array    0x000013c0        0x4 c:/program files (x86)/cypress/psoc creator/4.1/psoc creator/import/gnu/arm/5.4.1/bin/../lib/gcc/arm-none-eabi/5.4.1/armv6-m/crtbegin.o
 *(SORT(.fini_array.*))
                0x000013c4                __fini_array_end = .
                0x000013c4                . = ALIGN (0x4)
 *crtbegin.o(.ctors)
 *(EXCLUDE_FILE(*crtend.o) .ctors)
 *(SORT(.ctors.*))
 *crtend.o(.ctors)
                0x000013c4                . = ALIGN (0x4)
 *crtbegin.o(.dtors)
 *(EXCLUDE_FILE(*crtend.o) .dtors)
 *(SORT(.dtors.*))
 *crtend.o(.dtors)
                0x000013c4                . = ALIGN (0x4)
                0x000013c4                __cy_regions = .
                0x000013c4        0x4 LONG 0x13d8 __cy_region_init_ram
                0x000013c8        0x4 LONG 0x20000088 __cy_region_start_data
                0x000013cc        0x4 LONG 0x88 __cy_region_init_size_ram
                0x000013d0        0x4 LONG 0xe8 __cy_region_zero_size_ram
                0x000013d4                __cy_regions_end = .
                0x000013d8                . = ALIGN (0x8)
 *fill*         0x000013d4        0x4 
                0x000013d8                _etext = .

.cy_checksum_exclude
                0x000013d8        0x0
 *(.cy_checksum_exclude)

.ramvectors     0x20000000       0x80
                0x20000000                __cy_region_start_ram = .
 *(.ramvectors)
 .ramvectors    0x20000000       0x80 .\CortexM0p\ARM_GCC_541\Release\Cm0plusStart.o
                0x20000000                CyRamVectors

.btldr_run      0x20000080        0x4
 *(.bootloaderruntype)
 .bootloaderruntype
                0x20000080        0x4 .\CortexM0p\ARM_GCC_541\Release\Cm0plusStart.o
                0x20000080                cyBtldrRunType

.noinit
 *(.noinit)

.data           0x20000088       0x88 load address 0x000013d8
                0x20000088                __cy_region_start_data = .
 *(.jcr)
 .jcr           0x20000088        0x0 c:/program files (x86)/cypress/psoc creator/4.1/psoc creator/import/gnu/arm/5.4.1/bin/../lib/gcc/arm-none-eabi/5.4.1/armv6-m/crtbegin.o
 .jcr           0x20000088        0x4 c:/program files (x86)/cypress/psoc creator/4.1/psoc creator/import/gnu/arm/5.4.1/bin/../lib/gcc/arm-none-eabi/5.4.1/armv6-m/crtend.o
 *(.got.plt)
 *(.got)
 *(.shdata)
 *(.data .data.* .gnu.linkonce.d.*)
 .data          0x2000008c        0x8 .\CortexM0p\ARM_GCC_541\Release\Bootloader.a(Bootloader.o)
                0x2000008c                Bootloader_SizeBytesAccess
                0x20000090                Bootloader_ChecksumAccess
 .data          0x20000094       0x14 .\CortexM0p\ARM_GCC_541\Release\Bootloader.a(CyLib.o)
                0x20000094                CySysClkPumpConfig
                0x20000098                cydelay32kMs
                0x2000009c                cydelayFreqKhz
                0x200000a0                cydelayFreqMhz
                0x200000a4                cydelayFreqHz
 .data.impure_data
                0x200000a8       0x60 c:/program files (x86)/cypress/psoc creator/4.1/psoc creator/import/gnu/arm/5.4.1/bin/../lib/gcc/arm-none-eabi/5.4.1/../../../../arm-none-eabi/lib/armv6-m\libg_nano.a(lib_a-impure.o)
 .data._impure_ptr
                0x20000108        0x4 c:/program files (x86)/cypress/psoc creator/4.1/psoc creator/import/gnu/arm/5.4.1/bin/../lib/gcc/arm-none-eabi/5.4.1/../../../../arm-none-eabi/lib/armv6-m\libg_nano.a(lib_a-impure.o)
                0x20000108                _impure_ptr
                0x20000110                . = ALIGN (0x8)
 *fill*         0x2000010c        0x4 
 *(.ram)
                0x20000110                _edata = .

.igot.plt       0x20000110        0x0 load address 0x00001460
 .igot.plt      0x20000110        0x0 c:/program files (x86)/cypress/psoc creator/4.1/psoc creator/import/gnu/arm/5.4.1/bin/../lib/gcc/arm-none-eabi/5.4.1/armv6-m/crtbegin.o

.bss            0x20000110       0xe8 load address 0x00001460
                0x20000110                PROVIDE (__bss_start__, .)
 *(.shbss)
 *(.bss .bss.* .gnu.linkonce.b.*)
 .bss           0x20000110       0x1c c:/program files (x86)/cypress/psoc creator/4.1/psoc creator/import/gnu/arm/5.4.1/bin/../lib/gcc/arm-none-eabi/5.4.1/armv6-m/crtbegin.o
 .bss           0x2000012c        0x4 .\CortexM0p\ARM_GCC_541\Release\Bootloader.a(Bootloader.o)
 .bss           0x20000130       0x84 .\CortexM0p\ARM_GCC_541\Release\Bootloader.a(I2C_I2C_BOOT.o)
 .bss           0x200001b4       0x18 .\CortexM0p\ARM_GCC_541\Release\Bootloader.a(CyFlash.o)
 .bss           0x200001cc        0x8 .\CortexM0p\ARM_GCC_541\Release\Bootloader.a(I2C.o)
                0x200001cc                I2C_initVar
                0x200001d0                I2C_customIntrHandler
 *(COMMON)
 COMMON         0x200001d4       0x21 .\CortexM0p\ARM_GCC_541\Release\Bootloader.a(I2C_I2C_SLAVE.o)
                0x200001d4                I2C_slRdBufIndex
                0x200001d8                I2C_slRdBufIndexTmp
                0x200001dc                I2C_slStatus
                0x200001e0                I2C_slWrBufIndex
                0x200001e4                I2C_slRdBufSize
                0x200001e8                I2C_slWrBufSize
                0x200001ec                I2C_slWrBufPtr
                0x200001f0                I2C_slRdBufPtr
                0x200001f4                I2C_slOverFlowCount
 COMMON         0x200001f5        0x1 .\CortexM0p\ARM_GCC_541\Release\Bootloader.a(I2C_I2C.o)
                0x200001f5                I2C_state
                0x200001f8                . = ALIGN (0x8)
 *fill*         0x200001f6        0x2 
 *(.ram.b)
                0x200001f8                _end = .
                0x200001f8                __end = .
                0x200001f8                PROVIDE (end, .)
                0x200001f8                PROVIDE (__bss_end__, .)
                0x000013d8                __cy_region_init_ram = LOADADDR (.data)
                0x00000088                __cy_region_init_size_ram = (_edata - ADDR (.data))
                0x000000e8                __cy_region_zero_size_ram = (_end - _edata)

.heap           0x200001f8       0x80 load address 0x00001460
                0x200001f8                . = _end
                0x20000278                . = (. + 0x80)
 *fill*         0x200001f8       0x80 
                0x20000278                __cy_heap_limit = .

.stack          0x20000c00      0x400
                0x20000c00                __cy_stack_limit = .
                0x20001000                . = (. + 0x400)
 *fill*         0x20000c00      0x400 
                0x00000001                ASSERT ((__cy_stack_limit >= __cy_heap_limit), region RAM overflowed with stack)
                0x00000000                cy_checksum_exclude_size = (CY_APPL_LOADABLE == 0x1)?SIZEOF (.cy_checksum_exclude):0x0
                0x00000001                ASSERT ((cy_checksum_exclude_size <= CY_CHECKSUM_EXCLUDE_SIZE), CY_BOOT: Section .cy_checksum_exclude size exceedes specified limit.)
                0x00007fc0                cyloadermeta_start = (cy_project_type_bootloader || cy_project_type_app_for_stack_and_copier)?(LENGTH (rom) - CY_METADATA_SIZE):0xf0000000

.cyloadermeta   0x00007fc0       0x40
 *(.cyloadermeta)
 .cyloadermeta  0x00007fc0       0x40 .\CortexM0p\ARM_GCC_541\Release\cymetadata.o
                0x00007fc0                cy_meta_loader
                0x00007fc0                cyloadablemeta_start = cy_project_type_app_for_stack_and_copier?((LENGTH (rom) - CY_FLASH_ROW_SIZE) - CY_METADATA_SIZE):((LENGTH (rom) - (CY_FLASH_ROW_SIZE * (CY_APPL_NUM - 0x1))) - CY_METADATA_SIZE)

.cyloadablemeta
 *(.cyloadablemeta)

.cyflashprotect
                0x90400000       0x20
 *(.cyflashprotect)
 .cyflashprotect
                0x90400000       0x20 .\CortexM0p\ARM_GCC_541\Release\cymetadata.o
                0x90400000                cy_meta_flashprotect

.cymeta         0x90500000        0xc
 *(.cymeta)
 .cymeta        0x90500000        0xc .\CortexM0p\ARM_GCC_541\Release\cymetadata.o
                0x90500000                cy_metadata

.cychipprotect  0x90600000        0x1
 *(.cychipprotect)
 .cychipprotect
                0x90600000        0x1 .\CortexM0p\ARM_GCC_541\Release\cymetadata.o
                0x90600000                cy_meta_chipprotect

.rel.dyn        0x00001460        0x0 load address 0x90600004
 .rel.iplt      0x00001460        0x0 c:/program files (x86)/cypress/psoc creator/4.1/psoc creator/import/gnu/arm/5.4.1/bin/../lib/gcc/arm-none-eabi/5.4.1/armv6-m/crtbegin.o

.stab
 *(.stab)

.stabstr
 *(.stabstr)

.debug
 *(.debug)

.line
 *(.line)

.debug_srcinfo
 *(.debug_srcinfo)

.debug_sfnames
 *(.debug_sfnames)

.debug_aranges  0x00000000      0x608
 *(.debug_aranges)
 .debug_aranges
                0x00000000       0x20 .\CortexM0p\ARM_GCC_541\Release\main.o
 .debug_aranges
                0x00000020       0x20 .\CortexM0p\ARM_GCC_541\Release\cyfitter_cfg.o
 .debug_aranges
                0x00000040       0x18 .\CortexM0p\ARM_GCC_541\Release\cymetadata.o
 .debug_aranges
                0x00000058       0x48 .\CortexM0p\ARM_GCC_541\Release\Cm0plusStart.o
 .debug_aranges
                0x000000a0       0x68 .\CortexM0p\ARM_GCC_541\Release\Bootloader.a(Bootloader.o)
 .debug_aranges
                0x00000108       0x48 .\CortexM0p\ARM_GCC_541\Release\Bootloader.a(I2C_I2C_BOOT.o)
 .debug_aranges
                0x00000150       0x70 .\CortexM0p\ARM_GCC_541\Release\Bootloader.a(I2C_I2C_SLAVE.o)
 .debug_aranges
                0x000001c0       0x48 .\CortexM0p\ARM_GCC_541\Release\Bootloader.a(Bootload_EN.o)
 .debug_aranges
                0x00000208       0x48 .\CortexM0p\ARM_GCC_541\Release\Bootloader.a(CyFlash.o)
 .debug_aranges
                0x00000250      0x190 .\CortexM0p\ARM_GCC_541\Release\Bootloader.a(CyLib.o)
 .debug_aranges
                0x000003e0       0xe0 .\CortexM0p\ARM_GCC_541\Release\Bootloader.a(CyLFClk.o)
 .debug_aranges
                0x000004c0       0x48 .\CortexM0p\ARM_GCC_541\Release\Bootloader.a(Red_LED.o)
 .debug_aranges
                0x00000508       0x48 .\CortexM0p\ARM_GCC_541\Release\Bootloader.a(Blue_LED.o)
 .debug_aranges
                0x00000550       0x20 .\CortexM0p\ARM_GCC_541\Release\Bootloader.a(CyBootAsmGnu.o)
 .debug_aranges
                0x00000570       0x50 .\CortexM0p\ARM_GCC_541\Release\Bootloader.a(I2C.o)
 .debug_aranges
                0x000005c0       0x28 .\CortexM0p\ARM_GCC_541\Release\Bootloader.a(I2C_I2C.o)
 .debug_aranges
                0x000005e8       0x20 .\CortexM0p\ARM_GCC_541\Release\Bootloader.a(I2C_I2C_INT.o)

.debug_pubnames
 *(.debug_pubnames)

.debug_info     0x00000000     0x39c4
 *(.debug_info .gnu.linkonce.wi.*)
 .debug_info    0x00000000      0x153 .\CortexM0p\ARM_GCC_541\Release\main.o
 .debug_info    0x00000153       0xfd .\CortexM0p\ARM_GCC_541\Release\cyfitter_cfg.o
 .debug_info    0x00000250      0x11e .\CortexM0p\ARM_GCC_541\Release\cymetadata.o
 .debug_info    0x0000036e      0x3cb .\CortexM0p\ARM_GCC_541\Release\Cm0plusStart.o
 .debug_info    0x00000739      0xc06 .\CortexM0p\ARM_GCC_541\Release\Bootloader.a(Bootloader.o)
 .debug_info    0x0000133f      0x37c .\CortexM0p\ARM_GCC_541\Release\Bootloader.a(I2C_I2C_BOOT.o)
 .debug_info    0x000016bb      0x38d .\CortexM0p\ARM_GCC_541\Release\Bootloader.a(I2C_I2C_SLAVE.o)
 .debug_info    0x00001a48      0x19b .\CortexM0p\ARM_GCC_541\Release\Bootloader.a(Bootload_EN.o)
 .debug_info    0x00001be3      0x3f6 .\CortexM0p\ARM_GCC_541\Release\Bootloader.a(CyFlash.o)
 .debug_info    0x00001fd9      0xc62 .\CortexM0p\ARM_GCC_541\Release\Bootloader.a(CyLib.o)
 .debug_info    0x00002c3b      0x40a .\CortexM0p\ARM_GCC_541\Release\Bootloader.a(CyLFClk.o)
 .debug_info    0x00003045      0x1a0 .\CortexM0p\ARM_GCC_541\Release\Bootloader.a(Red_LED.o)
 .debug_info    0x000031e5      0x19b .\CortexM0p\ARM_GCC_541\Release\Bootloader.a(Blue_LED.o)
 .debug_info    0x00003380       0x93 .\CortexM0p\ARM_GCC_541\Release\Bootloader.a(CyBootAsmGnu.o)
 .debug_info    0x00003413      0x2b1 .\CortexM0p\ARM_GCC_541\Release\Bootloader.a(I2C.o)
 .debug_info    0x000036c4      0x17d .\CortexM0p\ARM_GCC_541\Release\Bootloader.a(I2C_I2C.o)
 .debug_info    0x00003841      0x183 .\CortexM0p\ARM_GCC_541\Release\Bootloader.a(I2C_I2C_INT.o)

.debug_abbrev   0x00000000     0x1451
 *(.debug_abbrev)
 .debug_abbrev  0x00000000       0x89 .\CortexM0p\ARM_GCC_541\Release\main.o
 .debug_abbrev  0x00000089       0x9e .\CortexM0p\ARM_GCC_541\Release\cyfitter_cfg.o
 .debug_abbrev  0x00000127       0x5d .\CortexM0p\ARM_GCC_541\Release\cymetadata.o
 .debug_abbrev  0x00000184      0x1e6 .\CortexM0p\ARM_GCC_541\Release\Cm0plusStart.o
 .debug_abbrev  0x0000036a      0x2db .\CortexM0p\ARM_GCC_541\Release\Bootloader.a(Bootloader.o)
 .debug_abbrev  0x00000645      0x169 .\CortexM0p\ARM_GCC_541\Release\Bootloader.a(I2C_I2C_BOOT.o)
 .debug_abbrev  0x000007ae      0x156 .\CortexM0p\ARM_GCC_541\Release\Bootloader.a(I2C_I2C_SLAVE.o)
 .debug_abbrev  0x00000904       0xc6 .\CortexM0p\ARM_GCC_541\Release\Bootloader.a(Bootload_EN.o)
 .debug_abbrev  0x000009ca      0x19e .\CortexM0p\ARM_GCC_541\Release\Bootloader.a(CyFlash.o)
 .debug_abbrev  0x00000b68      0x327 .\CortexM0p\ARM_GCC_541\Release\Bootloader.a(CyLib.o)
 .debug_abbrev  0x00000e8f      0x17f .\CortexM0p\ARM_GCC_541\Release\Bootloader.a(CyLFClk.o)
 .debug_abbrev  0x0000100e       0xc8 .\CortexM0p\ARM_GCC_541\Release\Bootloader.a(Red_LED.o)
 .debug_abbrev  0x000010d6       0xc6 .\CortexM0p\ARM_GCC_541\Release\Bootloader.a(Blue_LED.o)
 .debug_abbrev  0x0000119c       0x14 .\CortexM0p\ARM_GCC_541\Release\Bootloader.a(CyBootAsmGnu.o)
 .debug_abbrev  0x000011b0      0x152 .\CortexM0p\ARM_GCC_541\Release\Bootloader.a(I2C.o)
 .debug_abbrev  0x00001302       0xc7 .\CortexM0p\ARM_GCC_541\Release\Bootloader.a(I2C_I2C.o)
 .debug_abbrev  0x000013c9       0x88 .\CortexM0p\ARM_GCC_541\Release\Bootloader.a(I2C_I2C_INT.o)

.debug_line     0x00000000     0x1a9e
 *(.debug_line)
 .debug_line    0x00000000       0x9c .\CortexM0p\ARM_GCC_541\Release\main.o
 .debug_line    0x0000009c       0x99 .\CortexM0p\ARM_GCC_541\Release\cyfitter_cfg.o
 .debug_line    0x00000135      0x141 .\CortexM0p\ARM_GCC_541\Release\cymetadata.o
 .debug_line    0x00000276      0x244 .\CortexM0p\ARM_GCC_541\Release\Cm0plusStart.o
 .debug_line    0x000004ba      0x373 .\CortexM0p\ARM_GCC_541\Release\Bootloader.a(Bootloader.o)
 .debug_line    0x0000082d      0x130 .\CortexM0p\ARM_GCC_541\Release\Bootloader.a(I2C_I2C_BOOT.o)
 .debug_line    0x0000095d      0x168 .\CortexM0p\ARM_GCC_541\Release\Bootloader.a(I2C_I2C_SLAVE.o)
 .debug_line    0x00000ac5       0xce .\CortexM0p\ARM_GCC_541\Release\Bootloader.a(Bootload_EN.o)
 .debug_line    0x00000b93      0x1d8 .\CortexM0p\ARM_GCC_541\Release\Bootloader.a(CyFlash.o)
 .debug_line    0x00000d6b      0x520 .\CortexM0p\ARM_GCC_541\Release\Bootloader.a(CyLib.o)
 .debug_line    0x0000128b      0x2e5 .\CortexM0p\ARM_GCC_541\Release\Bootloader.a(CyLFClk.o)
 .debug_line    0x00001570       0xc9 .\CortexM0p\ARM_GCC_541\Release\Bootloader.a(Red_LED.o)
 .debug_line    0x00001639       0xcb .\CortexM0p\ARM_GCC_541\Release\Bootloader.a(Blue_LED.o)
 .debug_line    0x00001704       0x68 .\CortexM0p\ARM_GCC_541\Release\Bootloader.a(CyBootAsmGnu.o)
 .debug_line    0x0000176c      0x12a .\CortexM0p\ARM_GCC_541\Release\Bootloader.a(I2C.o)
 .debug_line    0x00001896       0xc3 .\CortexM0p\ARM_GCC_541\Release\Bootloader.a(I2C_I2C.o)
 .debug_line    0x00001959      0x145 .\CortexM0p\ARM_GCC_541\Release\Bootloader.a(I2C_I2C_INT.o)

.debug_frame    0x00000000      0xe04
 *(.debug_frame)
 .debug_frame   0x00000000       0x2c .\CortexM0p\ARM_GCC_541\Release\main.o
 .debug_frame   0x0000002c       0x2c .\CortexM0p\ARM_GCC_541\Release\cyfitter_cfg.o
 .debug_frame   0x00000058       0xc8 .\CortexM0p\ARM_GCC_541\Release\Cm0plusStart.o
 .debug_frame   0x00000120      0x13c .\CortexM0p\ARM_GCC_541\Release\Bootloader.a(Bootloader.o)
 .debug_frame   0x0000025c       0xb4 .\CortexM0p\ARM_GCC_541\Release\Bootloader.a(I2C_I2C_BOOT.o)
 .debug_frame   0x00000310       0xf8 .\CortexM0p\ARM_GCC_541\Release\Bootloader.a(I2C_I2C_SLAVE.o)
 .debug_frame   0x00000408       0x70 .\CortexM0p\ARM_GCC_541\Release\Bootloader.a(Bootload_EN.o)
 .debug_frame   0x00000478       0xb4 .\CortexM0p\ARM_GCC_541\Release\Bootloader.a(CyFlash.o)
 .debug_frame   0x0000052c      0x3f4 .\CortexM0p\ARM_GCC_541\Release\Bootloader.a(CyLib.o)
 .debug_frame   0x00000920      0x200 .\CortexM0p\ARM_GCC_541\Release\Bootloader.a(CyLFClk.o)
 .debug_frame   0x00000b20       0x70 .\CortexM0p\ARM_GCC_541\Release\Bootloader.a(Red_LED.o)
 .debug_frame   0x00000b90       0x70 .\CortexM0p\ARM_GCC_541\Release\Bootloader.a(Blue_LED.o)
 .debug_frame   0x00000c00       0xb0 .\CortexM0p\ARM_GCC_541\Release\Bootloader.a(I2C.o)
 .debug_frame   0x00000cb0       0x3c .\CortexM0p\ARM_GCC_541\Release\Bootloader.a(I2C_I2C.o)
 .debug_frame   0x00000cec       0x3c .\CortexM0p\ARM_GCC_541\Release\Bootloader.a(I2C_I2C_INT.o)
 .debug_frame   0x00000d28       0x20 c:/program files (x86)/cypress/psoc creator/4.1/psoc creator/import/gnu/arm/5.4.1/bin/../lib/gcc/arm-none-eabi/5.4.1/armv6-m\libgcc.a(_udivsi3.o)
 .debug_frame   0x00000d48       0x20 c:/program files (x86)/cypress/psoc creator/4.1/psoc creator/import/gnu/arm/5.4.1/bin/../lib/gcc/arm-none-eabi/5.4.1/../../../../arm-none-eabi/lib/armv6-m\libg_nano.a(lib_a-errno.o)
 .debug_frame   0x00000d68       0x28 c:/program files (x86)/cypress/psoc creator/4.1/psoc creator/import/gnu/arm/5.4.1/bin/../lib/gcc/arm-none-eabi/5.4.1/../../../../arm-none-eabi/lib/armv6-m\libg_nano.a(lib_a-exit.o)
 .debug_frame   0x00000d90       0x2c c:/program files (x86)/cypress/psoc creator/4.1/psoc creator/import/gnu/arm/5.4.1/bin/../lib/gcc/arm-none-eabi/5.4.1/../../../../arm-none-eabi/lib/armv6-m\libg_nano.a(lib_a-init.o)
 .debug_frame   0x00000dbc       0x28 c:/program files (x86)/cypress/psoc creator/4.1/psoc creator/import/gnu/arm/5.4.1/bin/../lib/gcc/arm-none-eabi/5.4.1/../../../../arm-none-eabi/lib/armv6-m\libg_nano.a(lib_a-memcpy-stub.o)
 .debug_frame   0x00000de4       0x20 c:/program files (x86)/cypress/psoc creator/4.1/psoc creator/import/gnu/arm/5.4.1/bin/../lib/gcc/arm-none-eabi/5.4.1/../../../../arm-none-eabi/lib/armv6-m\libg_nano.a(lib_a-memset.o)

.debug_str      0x00000000     0x17aa
 *(.debug_str)
 .debug_str     0x00000000      0x1a5 .\CortexM0p\ARM_GCC_541\Release\main.o
                                0x1e5 (size before relaxing)
 .debug_str     0x000001a5       0x71 .\CortexM0p\ARM_GCC_541\Release\cyfitter_cfg.o
                                0x1f3 (size before relaxing)
 .debug_str     0x00000216       0x72 .\CortexM0p\ARM_GCC_541\Release\cymetadata.o
                                0x1de (size before relaxing)
 .debug_str     0x00000288      0x184 .\CortexM0p\ARM_GCC_541\Release\Cm0plusStart.o
                                0x339 (size before relaxing)
 .debug_str     0x0000040c      0x49b .\CortexM0p\ARM_GCC_541\Release\Bootloader.a(Bootloader.o)
                                0x68f (size before relaxing)
 .debug_str     0x000008a7      0x131 .\CortexM0p\ARM_GCC_541\Release\Bootloader.a(I2C_I2C_BOOT.o)
                                0x35d (size before relaxing)
 .debug_str     0x000009d8      0x1a7 .\CortexM0p\ARM_GCC_541\Release\Bootloader.a(I2C_I2C_SLAVE.o)
                                0x3bb (size before relaxing)
 .debug_str     0x00000b7f       0xcf .\CortexM0p\ARM_GCC_541\Release\Bootloader.a(Bootload_EN.o)
                                0x267 (size before relaxing)
 .debug_str     0x00000c4e      0x154 .\CortexM0p\ARM_GCC_541\Release\Bootloader.a(CyFlash.o)
                                0x322 (size before relaxing)
 .debug_str     0x00000da2      0x4c8 .\CortexM0p\ARM_GCC_541\Release\Bootloader.a(CyLib.o)
                                0x72a (size before relaxing)
 .debug_str     0x0000126a      0x2d0 .\CortexM0p\ARM_GCC_541\Release\Bootloader.a(CyLFClk.o)
                                0x4b4 (size before relaxing)
 .debug_str     0x0000153a       0x87 .\CortexM0p\ARM_GCC_541\Release\Bootloader.a(Red_LED.o)
                                0x24b (size before relaxing)
 .debug_str     0x000015c1       0x8d .\CortexM0p\ARM_GCC_541\Release\Bootloader.a(Blue_LED.o)
                                0x252 (size before relaxing)
 .debug_str     0x0000164e       0xea .\CortexM0p\ARM_GCC_541\Release\Bootloader.a(I2C.o)
                                0x2db (size before relaxing)
 .debug_str     0x00001738       0x2b .\CortexM0p\ARM_GCC_541\Release\Bootloader.a(I2C_I2C.o)
                                0x248 (size before relaxing)
 .debug_str     0x00001763       0x47 .\CortexM0p\ARM_GCC_541\Release\Bootloader.a(I2C_I2C_INT.o)
                                0x29e (size before relaxing)

.debug_loc      0x00000000     0x1dde
 *(.debug_loc)
 .debug_loc     0x00000000      0x1de .\CortexM0p\ARM_GCC_541\Release\Cm0plusStart.o
 .debug_loc     0x000001de      0xc53 .\CortexM0p\ARM_GCC_541\Release\Bootloader.a(Bootloader.o)
 .debug_loc     0x00000e31      0x19e .\CortexM0p\ARM_GCC_541\Release\Bootloader.a(I2C_I2C_BOOT.o)
 .debug_loc     0x00000fcf      0x16e .\CortexM0p\ARM_GCC_541\Release\Bootloader.a(I2C_I2C_SLAVE.o)
 .debug_loc     0x0000113d       0xa1 .\CortexM0p\ARM_GCC_541\Release\Bootloader.a(Bootload_EN.o)
 .debug_loc     0x000011de      0x1bd .\CortexM0p\ARM_GCC_541\Release\Bootloader.a(CyFlash.o)
 .debug_loc     0x0000139b      0x618 .\CortexM0p\ARM_GCC_541\Release\Bootloader.a(CyLib.o)
 .debug_loc     0x000019b3      0x216 .\CortexM0p\ARM_GCC_541\Release\Bootloader.a(CyLFClk.o)
 .debug_loc     0x00001bc9       0x5f .\CortexM0p\ARM_GCC_541\Release\Bootloader.a(Red_LED.o)
 .debug_loc     0x00001c28       0xa1 .\CortexM0p\ARM_GCC_541\Release\Bootloader.a(Blue_LED.o)
 .debug_loc     0x00001cc9       0x7e .\CortexM0p\ARM_GCC_541\Release\Bootloader.a(I2C.o)
 .debug_loc     0x00001d47       0x97 .\CortexM0p\ARM_GCC_541\Release\Bootloader.a(I2C_I2C_INT.o)

.debug_macinfo
 *(.debug_macinfo)

.debug_ranges   0x00000000      0x620
 *(.debug_ranges)
 .debug_ranges  0x00000000       0x10 .\CortexM0p\ARM_GCC_541\Release\main.o
 .debug_ranges  0x00000010       0x30 .\CortexM0p\ARM_GCC_541\Release\cyfitter_cfg.o
 .debug_ranges  0x00000040       0x50 .\CortexM0p\ARM_GCC_541\Release\Cm0plusStart.o
 .debug_ranges  0x00000090      0x108 .\CortexM0p\ARM_GCC_541\Release\Bootloader.a(Bootloader.o)
 .debug_ranges  0x00000198       0x38 .\CortexM0p\ARM_GCC_541\Release\Bootloader.a(I2C_I2C_BOOT.o)
 .debug_ranges  0x000001d0       0x60 .\CortexM0p\ARM_GCC_541\Release\Bootloader.a(I2C_I2C_SLAVE.o)
 .debug_ranges  0x00000230       0x38 .\CortexM0p\ARM_GCC_541\Release\Bootloader.a(Bootload_EN.o)
 .debug_ranges  0x00000268       0x38 .\CortexM0p\ARM_GCC_541\Release\Bootloader.a(CyFlash.o)
 .debug_ranges  0x000002a0      0x1d8 .\CortexM0p\ARM_GCC_541\Release\Bootloader.a(CyLib.o)
 .debug_ranges  0x00000478       0xd0 .\CortexM0p\ARM_GCC_541\Release\Bootloader.a(CyLFClk.o)
 .debug_ranges  0x00000548       0x38 .\CortexM0p\ARM_GCC_541\Release\Bootloader.a(Red_LED.o)
 .debug_ranges  0x00000580       0x38 .\CortexM0p\ARM_GCC_541\Release\Bootloader.a(Blue_LED.o)
 .debug_ranges  0x000005b8       0x40 .\CortexM0p\ARM_GCC_541\Release\Bootloader.a(I2C.o)
 .debug_ranges  0x000005f8       0x18 .\CortexM0p\ARM_GCC_541\Release\Bootloader.a(I2C_I2C.o)
 .debug_ranges  0x00000610       0x10 .\CortexM0p\ARM_GCC_541\Release\Bootloader.a(I2C_I2C_INT.o)

.comment        0x00000000       0x6e
 .comment       0x00000000       0x6e .\CortexM0p\ARM_GCC_541\Release\main.o
                                 0x6f (size before relaxing)
 .comment       0x0000006e       0x6f .\CortexM0p\ARM_GCC_541\Release\cyfitter_cfg.o
 .comment       0x0000006e       0x6f .\CortexM0p\ARM_GCC_541\Release\cymetadata.o
 .comment       0x0000006e       0x6f .\CortexM0p\ARM_GCC_541\Release\Cm0plusStart.o
 .comment       0x0000006e       0x6f .\CortexM0p\ARM_GCC_541\Release\Bootloader.a(Bootloader.o)
 .comment       0x0000006e       0x6f .\CortexM0p\ARM_GCC_541\Release\Bootloader.a(I2C_I2C_BOOT.o)
 .comment       0x0000006e       0x6f .\CortexM0p\ARM_GCC_541\Release\Bootloader.a(I2C_I2C_SLAVE.o)
 .comment       0x0000006e       0x6f .\CortexM0p\ARM_GCC_541\Release\Bootloader.a(Bootload_EN.o)
 .comment       0x0000006e       0x6f .\CortexM0p\ARM_GCC_541\Release\Bootloader.a(CyFlash.o)
 .comment       0x0000006e       0x6f .\CortexM0p\ARM_GCC_541\Release\Bootloader.a(CyLib.o)
 .comment       0x0000006e       0x6f .\CortexM0p\ARM_GCC_541\Release\Bootloader.a(CyLFClk.o)
 .comment       0x0000006e       0x6f .\CortexM0p\ARM_GCC_541\Release\Bootloader.a(Red_LED.o)
 .comment       0x0000006e       0x6f .\CortexM0p\ARM_GCC_541\Release\Bootloader.a(Blue_LED.o)
 .comment       0x0000006e       0x6f .\CortexM0p\ARM_GCC_541\Release\Bootloader.a(I2C.o)
 .comment       0x0000006e       0x6f .\CortexM0p\ARM_GCC_541\Release\Bootloader.a(I2C_I2C.o)
 .comment       0x0000006e       0x6f .\CortexM0p\ARM_GCC_541\Release\Bootloader.a(I2C_I2C_INT.o)

.debug_weaknames
 *(.debug_weaknames)

.debug_funcnames
 *(.debug_funcnames)

.debug_typenames
 *(.debug_typenames)

.debug_varnames
 *(.debug_varnames)

.note.gnu.arm.ident
 *(.note.gnu.arm.ident)

.ARM.attributes
                0x00000000       0x28
 *(.ARM.attributes)
 .ARM.attributes
                0x00000000       0x1e c:/program files (x86)/cypress/psoc creator/4.1/psoc creator/import/gnu/arm/5.4.1/bin/../lib/gcc/arm-none-eabi/5.4.1/armv6-m/crti.o
 .ARM.attributes
                0x0000001e       0x2c c:/program files (x86)/cypress/psoc creator/4.1/psoc creator/import/gnu/arm/5.4.1/bin/../lib/gcc/arm-none-eabi/5.4.1/armv6-m/crtbegin.o
 .ARM.attributes
                0x0000004a       0x1b c:/program files (x86)/cypress/psoc creator/4.1/psoc creator/import/gnu/arm/5.4.1/bin/../lib/gcc/arm-none-eabi/5.4.1/../../../../arm-none-eabi/lib/armv6-m/crt0.o
 .ARM.attributes
                0x00000065       0x32 .\CortexM0p\ARM_GCC_541\Release\main.o
 .ARM.attributes
                0x00000097       0x32 .\CortexM0p\ARM_GCC_541\Release\cyfitter_cfg.o
 .ARM.attributes
                0x000000c9       0x32 .\CortexM0p\ARM_GCC_541\Release\cymetadata.o
 .ARM.attributes
                0x000000fb       0x32 .\CortexM0p\ARM_GCC_541\Release\Cm0plusStart.o
 .ARM.attributes
                0x0000012d       0x32 .\CortexM0p\ARM_GCC_541\Release\Bootloader.a(Bootloader.o)
 .ARM.attributes
                0x0000015f       0x32 .\CortexM0p\ARM_GCC_541\Release\Bootloader.a(I2C_I2C_BOOT.o)
 .ARM.attributes
                0x00000191       0x32 .\CortexM0p\ARM_GCC_541\Release\Bootloader.a(I2C_I2C_SLAVE.o)
 .ARM.attributes
                0x000001c3       0x32 .\CortexM0p\ARM_GCC_541\Release\Bootloader.a(Bootload_EN.o)
 .ARM.attributes
                0x000001f5       0x32 .\CortexM0p\ARM_GCC_541\Release\Bootloader.a(CyFlash.o)
 .ARM.attributes
                0x00000227       0x32 .\CortexM0p\ARM_GCC_541\Release\Bootloader.a(CyLib.o)
 .ARM.attributes
                0x00000259       0x32 .\CortexM0p\ARM_GCC_541\Release\Bootloader.a(CyLFClk.o)
 .ARM.attributes
                0x0000028b       0x32 .\CortexM0p\ARM_GCC_541\Release\Bootloader.a(Red_LED.o)
 .ARM.attributes
                0x000002bd       0x32 .\CortexM0p\ARM_GCC_541\Release\Bootloader.a(Blue_LED.o)
 .ARM.attributes
                0x000002ef       0x22 .\CortexM0p\ARM_GCC_541\Release\Bootloader.a(CyBootAsmGnu.o)
 .ARM.attributes
                0x00000311       0x32 .\CortexM0p\ARM_GCC_541\Release\Bootloader.a(I2C.o)
 .ARM.attributes
                0x00000343       0x32 .\CortexM0p\ARM_GCC_541\Release\Bootloader.a(I2C_I2C.o)
 .ARM.attributes
                0x00000375       0x32 .\CortexM0p\ARM_GCC_541\Release\Bootloader.a(I2C_I2C_INT.o)
 .ARM.attributes
                0x000003a7       0x1e c:/program files (x86)/cypress/psoc creator/4.1/psoc creator/import/gnu/arm/5.4.1/bin/../lib/gcc/arm-none-eabi/5.4.1/armv6-m\libgcc.a(_thumb1_case_uqi.o)
 .ARM.attributes
                0x000003c5       0x1e c:/program files (x86)/cypress/psoc creator/4.1/psoc creator/import/gnu/arm/5.4.1/bin/../lib/gcc/arm-none-eabi/5.4.1/armv6-m\libgcc.a(_thumb1_case_shi.o)
 .ARM.attributes
                0x000003e3       0x1e c:/program files (x86)/cypress/psoc creator/4.1/psoc creator/import/gnu/arm/5.4.1/bin/../lib/gcc/arm-none-eabi/5.4.1/armv6-m\libgcc.a(_udivsi3.o)
 .ARM.attributes
                0x00000401       0x1e c:/program files (x86)/cypress/psoc creator/4.1/psoc creator/import/gnu/arm/5.4.1/bin/../lib/gcc/arm-none-eabi/5.4.1/armv6-m\libgcc.a(_dvmd_tls.o)
 .ARM.attributes
                0x0000041f       0x2c c:/program files (x86)/cypress/psoc creator/4.1/psoc creator/import/gnu/arm/5.4.1/bin/../lib/gcc/arm-none-eabi/5.4.1/../../../../arm-none-eabi/lib/armv6-m\libg_nano.a(lib_a-errno.o)
 .ARM.attributes
                0x0000044b       0x2c c:/program files (x86)/cypress/psoc creator/4.1/psoc creator/import/gnu/arm/5.4.1/bin/../lib/gcc/arm-none-eabi/5.4.1/../../../../arm-none-eabi/lib/armv6-m\libg_nano.a(lib_a-exit.o)
 .ARM.attributes
                0x00000477       0x2c c:/program files (x86)/cypress/psoc creator/4.1/psoc creator/import/gnu/arm/5.4.1/bin/../lib/gcc/arm-none-eabi/5.4.1/../../../../arm-none-eabi/lib/armv6-m\libg_nano.a(lib_a-impure.o)
 .ARM.attributes
                0x000004a3       0x2c c:/program files (x86)/cypress/psoc creator/4.1/psoc creator/import/gnu/arm/5.4.1/bin/../lib/gcc/arm-none-eabi/5.4.1/../../../../arm-none-eabi/lib/armv6-m\libg_nano.a(lib_a-init.o)
 .ARM.attributes
                0x000004cf       0x2c c:/program files (x86)/cypress/psoc creator/4.1/psoc creator/import/gnu/arm/5.4.1/bin/../lib/gcc/arm-none-eabi/5.4.1/../../../../arm-none-eabi/lib/armv6-m\libg_nano.a(lib_a-memcpy-stub.o)
 .ARM.attributes
                0x000004fb       0x2c c:/program files (x86)/cypress/psoc creator/4.1/psoc creator/import/gnu/arm/5.4.1/bin/../lib/gcc/arm-none-eabi/5.4.1/../../../../arm-none-eabi/lib/armv6-m\libg_nano.a(lib_a-memset.o)
 .ARM.attributes
                0x00000527       0x2c c:/program files (x86)/cypress/psoc creator/4.1/psoc creator/import/gnu/arm/5.4.1/bin/../lib/gcc/arm-none-eabi/5.4.1/armv6-m/crtend.o
 .ARM.attributes
                0x00000553       0x1e c:/program files (x86)/cypress/psoc creator/4.1/psoc creator/import/gnu/arm/5.4.1/bin/../lib/gcc/arm-none-eabi/5.4.1/armv6-m/crtn.o

/DISCARD/
 *(.note.GNU-stack)
OUTPUT(C:\Users\Stephen\Documents\Firmware\PSoC\Bootloader\Bootloader.cydsn\CortexM0p\ARM_GCC_541\Release\Bootloader.elf elf32-littlearm)
