ARM GAS  C:\Users\Stephen\AppData\Local\Temp\ccDismii.s 			page 1


   1              		.syntax unified
   2              		.cpu cortex-m0plus
   3              		.fpu softvfp
   4              		.eabi_attribute 20, 1
   5              		.eabi_attribute 21, 1
   6              		.eabi_attribute 23, 3
   7              		.eabi_attribute 24, 1
   8              		.eabi_attribute 25, 1
   9              		.eabi_attribute 26, 1
  10              		.eabi_attribute 30, 4
  11              		.eabi_attribute 34, 0
  12              		.eabi_attribute 18, 4
  13              		.thumb
  14              		.syntax unified
  15              		.file	"cyfitter_cfg.c"
  16              		.text
  17              	.Ltext0:
  18              		.cfi_sections	.debug_frame
  19              		.section	.psocinit,"ax",%progbits
  20              		.align	1
  21              		.global	cyfitter_cfg
  22              		.code	16
  23              		.thumb_func
  24              		.type	cyfitter_cfg, %function
  25              	cyfitter_cfg:
  26              	.LFB6:
  27              		.file 1 "Generated_Source\\PSoC4\\cyfitter_cfg.c"
   1:Generated_Source\PSoC4/cyfitter_cfg.c **** 
   2:Generated_Source\PSoC4/cyfitter_cfg.c **** /*******************************************************************************
   3:Generated_Source\PSoC4/cyfitter_cfg.c **** * File Name: cyfitter_cfg.c
   4:Generated_Source\PSoC4/cyfitter_cfg.c **** * 
   5:Generated_Source\PSoC4/cyfitter_cfg.c **** * PSoC Creator  4.1 Update 1
   6:Generated_Source\PSoC4/cyfitter_cfg.c **** *
   7:Generated_Source\PSoC4/cyfitter_cfg.c **** * Description:
   8:Generated_Source\PSoC4/cyfitter_cfg.c **** * This file contains device initialization code.
   9:Generated_Source\PSoC4/cyfitter_cfg.c **** * Except for the user defined sections in CyClockStartupError(), this file should not be modified.
  10:Generated_Source\PSoC4/cyfitter_cfg.c **** * This file is automatically generated by PSoC Creator.
  11:Generated_Source\PSoC4/cyfitter_cfg.c **** *
  12:Generated_Source\PSoC4/cyfitter_cfg.c **** ********************************************************************************
  13:Generated_Source\PSoC4/cyfitter_cfg.c **** * Copyright (c) 2007-2017 Cypress Semiconductor.  All rights reserved.
  14:Generated_Source\PSoC4/cyfitter_cfg.c **** * You may use this file only in accordance with the license, terms, conditions, 
  15:Generated_Source\PSoC4/cyfitter_cfg.c **** * disclaimers, and limitations in the end user license agreement accompanying 
  16:Generated_Source\PSoC4/cyfitter_cfg.c **** * the software package with which this file was provided.
  17:Generated_Source\PSoC4/cyfitter_cfg.c **** ********************************************************************************/
  18:Generated_Source\PSoC4/cyfitter_cfg.c **** 
  19:Generated_Source\PSoC4/cyfitter_cfg.c **** #include <string.h>
  20:Generated_Source\PSoC4/cyfitter_cfg.c **** #include "cytypes.h"
  21:Generated_Source\PSoC4/cyfitter_cfg.c **** #include "cydevice_trm.h"
  22:Generated_Source\PSoC4/cyfitter_cfg.c **** #include "cyfitter.h"
  23:Generated_Source\PSoC4/cyfitter_cfg.c **** #include "CyLib.h"
  24:Generated_Source\PSoC4/cyfitter_cfg.c **** #include "cyfitter_cfg.h"
  25:Generated_Source\PSoC4/cyfitter_cfg.c **** #include "cyapicallbacks.h"
  26:Generated_Source\PSoC4/cyfitter_cfg.c **** 
  27:Generated_Source\PSoC4/cyfitter_cfg.c **** 
  28:Generated_Source\PSoC4/cyfitter_cfg.c **** #if defined(__GNUC__) || defined(__ARMCC_VERSION)
  29:Generated_Source\PSoC4/cyfitter_cfg.c ****     #define CYPACKED 
  30:Generated_Source\PSoC4/cyfitter_cfg.c ****     #define CYPACKED_ATTR __attribute__ ((packed))
ARM GAS  C:\Users\Stephen\AppData\Local\Temp\ccDismii.s 			page 2


  31:Generated_Source\PSoC4/cyfitter_cfg.c ****     #define CYALIGNED __attribute__ ((aligned))
  32:Generated_Source\PSoC4/cyfitter_cfg.c ****     #define CY_CFG_UNUSED __attribute__ ((unused))
  33:Generated_Source\PSoC4/cyfitter_cfg.c ****     #ifndef CY_CFG_SECTION
  34:Generated_Source\PSoC4/cyfitter_cfg.c ****         #define CY_CFG_SECTION __attribute__ ((section(".psocinit")))
  35:Generated_Source\PSoC4/cyfitter_cfg.c ****     #endif
  36:Generated_Source\PSoC4/cyfitter_cfg.c ****     
  37:Generated_Source\PSoC4/cyfitter_cfg.c ****     #if defined(__ARMCC_VERSION)
  38:Generated_Source\PSoC4/cyfitter_cfg.c ****         #define CY_CFG_MEMORY_BARRIER() __memory_changed()
  39:Generated_Source\PSoC4/cyfitter_cfg.c ****     #else
  40:Generated_Source\PSoC4/cyfitter_cfg.c ****         #define CY_CFG_MEMORY_BARRIER() __sync_synchronize()
  41:Generated_Source\PSoC4/cyfitter_cfg.c ****     #endif
  42:Generated_Source\PSoC4/cyfitter_cfg.c ****     
  43:Generated_Source\PSoC4/cyfitter_cfg.c **** #elif defined(__ICCARM__)
  44:Generated_Source\PSoC4/cyfitter_cfg.c ****     #include <intrinsics.h>
  45:Generated_Source\PSoC4/cyfitter_cfg.c **** 
  46:Generated_Source\PSoC4/cyfitter_cfg.c ****     #define CYPACKED __packed
  47:Generated_Source\PSoC4/cyfitter_cfg.c ****     #define CYPACKED_ATTR 
  48:Generated_Source\PSoC4/cyfitter_cfg.c ****     #define CYALIGNED _Pragma("data_alignment=4")
  49:Generated_Source\PSoC4/cyfitter_cfg.c ****     #define CY_CFG_UNUSED _Pragma("diag_suppress=Pe177")
  50:Generated_Source\PSoC4/cyfitter_cfg.c ****     #define CY_CFG_SECTION _Pragma("location=\".psocinit\"")
  51:Generated_Source\PSoC4/cyfitter_cfg.c ****     
  52:Generated_Source\PSoC4/cyfitter_cfg.c ****     #define CY_CFG_MEMORY_BARRIER() __DMB()
  53:Generated_Source\PSoC4/cyfitter_cfg.c ****     
  54:Generated_Source\PSoC4/cyfitter_cfg.c **** #else
  55:Generated_Source\PSoC4/cyfitter_cfg.c ****     #error Unsupported toolchain
  56:Generated_Source\PSoC4/cyfitter_cfg.c **** #endif
  57:Generated_Source\PSoC4/cyfitter_cfg.c **** 
  58:Generated_Source\PSoC4/cyfitter_cfg.c **** #ifndef CYCODE
  59:Generated_Source\PSoC4/cyfitter_cfg.c ****     #define CYCODE
  60:Generated_Source\PSoC4/cyfitter_cfg.c **** #endif
  61:Generated_Source\PSoC4/cyfitter_cfg.c **** #ifndef CYDATA
  62:Generated_Source\PSoC4/cyfitter_cfg.c ****     #define CYDATA
  63:Generated_Source\PSoC4/cyfitter_cfg.c **** #endif
  64:Generated_Source\PSoC4/cyfitter_cfg.c **** #ifndef CYFAR
  65:Generated_Source\PSoC4/cyfitter_cfg.c ****     #define CYFAR
  66:Generated_Source\PSoC4/cyfitter_cfg.c **** #endif
  67:Generated_Source\PSoC4/cyfitter_cfg.c **** #ifndef CYXDATA
  68:Generated_Source\PSoC4/cyfitter_cfg.c ****     #define CYXDATA
  69:Generated_Source\PSoC4/cyfitter_cfg.c **** #endif
  70:Generated_Source\PSoC4/cyfitter_cfg.c **** 
  71:Generated_Source\PSoC4/cyfitter_cfg.c **** 
  72:Generated_Source\PSoC4/cyfitter_cfg.c **** CY_CFG_UNUSED
  73:Generated_Source\PSoC4/cyfitter_cfg.c **** static void CYMEMZERO(void *s, size_t n);
  74:Generated_Source\PSoC4/cyfitter_cfg.c **** CY_CFG_UNUSED
  75:Generated_Source\PSoC4/cyfitter_cfg.c **** static void CYMEMZERO(void *s, size_t n)
  76:Generated_Source\PSoC4/cyfitter_cfg.c **** {
  77:Generated_Source\PSoC4/cyfitter_cfg.c **** 	(void)memset(s, 0, n);
  78:Generated_Source\PSoC4/cyfitter_cfg.c **** }
  79:Generated_Source\PSoC4/cyfitter_cfg.c **** CY_CFG_UNUSED
  80:Generated_Source\PSoC4/cyfitter_cfg.c **** static void CYCONFIGCPY(void *dest, const void *src, size_t n);
  81:Generated_Source\PSoC4/cyfitter_cfg.c **** CY_CFG_UNUSED
  82:Generated_Source\PSoC4/cyfitter_cfg.c **** static void CYCONFIGCPY(void *dest, const void *src, size_t n)
  83:Generated_Source\PSoC4/cyfitter_cfg.c **** {
  84:Generated_Source\PSoC4/cyfitter_cfg.c **** 	(void)memcpy(dest, src, n);
  85:Generated_Source\PSoC4/cyfitter_cfg.c **** }
  86:Generated_Source\PSoC4/cyfitter_cfg.c **** CY_CFG_UNUSED
  87:Generated_Source\PSoC4/cyfitter_cfg.c **** static void CYCONFIGCPYCODE(void *dest, const void *src, size_t n);
ARM GAS  C:\Users\Stephen\AppData\Local\Temp\ccDismii.s 			page 3


  88:Generated_Source\PSoC4/cyfitter_cfg.c **** CY_CFG_UNUSED
  89:Generated_Source\PSoC4/cyfitter_cfg.c **** static void CYCONFIGCPYCODE(void *dest, const void *src, size_t n)
  90:Generated_Source\PSoC4/cyfitter_cfg.c **** {
  91:Generated_Source\PSoC4/cyfitter_cfg.c **** 	(void)memcpy(dest, src, n);
  92:Generated_Source\PSoC4/cyfitter_cfg.c **** }
  93:Generated_Source\PSoC4/cyfitter_cfg.c **** 
  94:Generated_Source\PSoC4/cyfitter_cfg.c **** 
  95:Generated_Source\PSoC4/cyfitter_cfg.c **** 
  96:Generated_Source\PSoC4/cyfitter_cfg.c **** 
  97:Generated_Source\PSoC4/cyfitter_cfg.c **** /* Clock startup error codes                                                   */
  98:Generated_Source\PSoC4/cyfitter_cfg.c **** #define CYCLOCKSTART_NO_ERROR    0u
  99:Generated_Source\PSoC4/cyfitter_cfg.c **** #define CYCLOCKSTART_XTAL_ERROR  1u
 100:Generated_Source\PSoC4/cyfitter_cfg.c **** #define CYCLOCKSTART_32KHZ_ERROR 2u
 101:Generated_Source\PSoC4/cyfitter_cfg.c **** #define CYCLOCKSTART_PLL_ERROR   3u
 102:Generated_Source\PSoC4/cyfitter_cfg.c **** #define CYCLOCKSTART_FLL_ERROR   4u
 103:Generated_Source\PSoC4/cyfitter_cfg.c **** 
 104:Generated_Source\PSoC4/cyfitter_cfg.c **** 
 105:Generated_Source\PSoC4/cyfitter_cfg.c **** #ifdef CY_NEED_CYCLOCKSTARTUPERROR
 106:Generated_Source\PSoC4/cyfitter_cfg.c **** /*******************************************************************************
 107:Generated_Source\PSoC4/cyfitter_cfg.c **** * Function Name: CyClockStartupError
 108:Generated_Source\PSoC4/cyfitter_cfg.c **** ********************************************************************************
 109:Generated_Source\PSoC4/cyfitter_cfg.c **** * Summary:
 110:Generated_Source\PSoC4/cyfitter_cfg.c **** *  If an error is encountered during clock configuration (crystal startup error,
 111:Generated_Source\PSoC4/cyfitter_cfg.c **** *  PLL lock error, etc.), the system will end up here.  Unless reimplemented by
 112:Generated_Source\PSoC4/cyfitter_cfg.c **** *  the customer, this function will stop in an infinite loop.
 113:Generated_Source\PSoC4/cyfitter_cfg.c **** *
 114:Generated_Source\PSoC4/cyfitter_cfg.c **** * Parameters:
 115:Generated_Source\PSoC4/cyfitter_cfg.c **** *   void
 116:Generated_Source\PSoC4/cyfitter_cfg.c **** *
 117:Generated_Source\PSoC4/cyfitter_cfg.c **** * Return:
 118:Generated_Source\PSoC4/cyfitter_cfg.c **** *   void
 119:Generated_Source\PSoC4/cyfitter_cfg.c **** *
 120:Generated_Source\PSoC4/cyfitter_cfg.c **** *******************************************************************************/
 121:Generated_Source\PSoC4/cyfitter_cfg.c **** CY_CFG_UNUSED
 122:Generated_Source\PSoC4/cyfitter_cfg.c **** static void CyClockStartupError(uint8 errorCode);
 123:Generated_Source\PSoC4/cyfitter_cfg.c **** CY_CFG_UNUSED
 124:Generated_Source\PSoC4/cyfitter_cfg.c **** static void CyClockStartupError(uint8 errorCode)
 125:Generated_Source\PSoC4/cyfitter_cfg.c **** {
 126:Generated_Source\PSoC4/cyfitter_cfg.c ****     /* To remove the compiler warning if errorCode not used. */
 127:Generated_Source\PSoC4/cyfitter_cfg.c **** #if defined(CY_PSOC3) && (CY_PSOC3)
 128:Generated_Source\PSoC4/cyfitter_cfg.c ****     errorCode = errorCode;
 129:Generated_Source\PSoC4/cyfitter_cfg.c **** #else
 130:Generated_Source\PSoC4/cyfitter_cfg.c ****     (void)errorCode;
 131:Generated_Source\PSoC4/cyfitter_cfg.c **** #endif /* CY_PSOC3 */
 132:Generated_Source\PSoC4/cyfitter_cfg.c **** 
 133:Generated_Source\PSoC4/cyfitter_cfg.c ****     /* If we have a clock startup error (bad MHz crystal, PLL lock, etc.),  */
 134:Generated_Source\PSoC4/cyfitter_cfg.c ****     /* we will end up here to allow the customer to implement something to  */
 135:Generated_Source\PSoC4/cyfitter_cfg.c ****     /* deal with the clock condition.                                       */
 136:Generated_Source\PSoC4/cyfitter_cfg.c **** 
 137:Generated_Source\PSoC4/cyfitter_cfg.c **** #ifdef CY_CFG_CLOCK_STARTUP_ERROR_CALLBACK
 138:Generated_Source\PSoC4/cyfitter_cfg.c ****     CY_CFG_Clock_Startup_ErrorCallback();
 139:Generated_Source\PSoC4/cyfitter_cfg.c **** #else
 140:Generated_Source\PSoC4/cyfitter_cfg.c ****     /*  If not using CY_CFG_CLOCK_STARTUP_ERROR_CALLBACK, place your clock startup code here. */
 141:Generated_Source\PSoC4/cyfitter_cfg.c ****     /* `#START CyClockStartupError` */
 142:Generated_Source\PSoC4/cyfitter_cfg.c **** 
 143:Generated_Source\PSoC4/cyfitter_cfg.c **** 
 144:Generated_Source\PSoC4/cyfitter_cfg.c **** 
ARM GAS  C:\Users\Stephen\AppData\Local\Temp\ccDismii.s 			page 4


 145:Generated_Source\PSoC4/cyfitter_cfg.c ****     /* `#END` */
 146:Generated_Source\PSoC4/cyfitter_cfg.c **** 
 147:Generated_Source\PSoC4/cyfitter_cfg.c ****     while(1) {}
 148:Generated_Source\PSoC4/cyfitter_cfg.c **** #endif /* CY_CFG_CLOCK_STARTUP_ERROR_CALLBACK */
 149:Generated_Source\PSoC4/cyfitter_cfg.c **** }
 150:Generated_Source\PSoC4/cyfitter_cfg.c **** #endif
 151:Generated_Source\PSoC4/cyfitter_cfg.c **** 
 152:Generated_Source\PSoC4/cyfitter_cfg.c **** 
 153:Generated_Source\PSoC4/cyfitter_cfg.c **** 
 154:Generated_Source\PSoC4/cyfitter_cfg.c **** /*******************************************************************************
 155:Generated_Source\PSoC4/cyfitter_cfg.c **** * Function Name: ClockSetup
 156:Generated_Source\PSoC4/cyfitter_cfg.c **** ********************************************************************************
 157:Generated_Source\PSoC4/cyfitter_cfg.c **** *
 158:Generated_Source\PSoC4/cyfitter_cfg.c **** * Summary:
 159:Generated_Source\PSoC4/cyfitter_cfg.c **** *   Performs the initialization of all of the clocks in the device based on the
 160:Generated_Source\PSoC4/cyfitter_cfg.c **** *   settings in the Clock tab of the DWR.  This includes enabling the requested
 161:Generated_Source\PSoC4/cyfitter_cfg.c **** *   clocks and setting the necessary dividers to produce the desired frequency. 
 162:Generated_Source\PSoC4/cyfitter_cfg.c **** *
 163:Generated_Source\PSoC4/cyfitter_cfg.c **** * Parameters:
 164:Generated_Source\PSoC4/cyfitter_cfg.c **** *   void
 165:Generated_Source\PSoC4/cyfitter_cfg.c **** *
 166:Generated_Source\PSoC4/cyfitter_cfg.c **** * Return:
 167:Generated_Source\PSoC4/cyfitter_cfg.c **** *   void
 168:Generated_Source\PSoC4/cyfitter_cfg.c **** *
 169:Generated_Source\PSoC4/cyfitter_cfg.c **** *******************************************************************************/
 170:Generated_Source\PSoC4/cyfitter_cfg.c **** static void ClockSetup(void);
 171:Generated_Source\PSoC4/cyfitter_cfg.c **** CY_CFG_SECTION
 172:Generated_Source\PSoC4/cyfitter_cfg.c **** static void ClockSetup(void)
 173:Generated_Source\PSoC4/cyfitter_cfg.c **** {
 174:Generated_Source\PSoC4/cyfitter_cfg.c **** 
 175:Generated_Source\PSoC4/cyfitter_cfg.c **** 	/* Set Flash Cycles based on max possible frequency in case a glitch occurs during ClockSetup(). *
 176:Generated_Source\PSoC4/cyfitter_cfg.c **** 	CY_SET_REG32((void CYXDATA *)(CYREG_CPUSS_FLASH_CTL), (0x0012u));
 177:Generated_Source\PSoC4/cyfitter_cfg.c **** 	/* Update IMO to new clock speed. */
 178:Generated_Source\PSoC4/cyfitter_cfg.c **** 	CySysClkWriteImoFreq(24u);
 179:Generated_Source\PSoC4/cyfitter_cfg.c **** 
 180:Generated_Source\PSoC4/cyfitter_cfg.c **** 	/* Setup phase aligned clocks */
 181:Generated_Source\PSoC4/cyfitter_cfg.c **** 	CY_SET_REG32((void *)CYREG_PERI_DIV_16_CTL0, 0x00000E00u);
 182:Generated_Source\PSoC4/cyfitter_cfg.c **** 	CY_SET_REG32((void *)CYREG_PERI_DIV_CMD, 0x8000FF40u);
 183:Generated_Source\PSoC4/cyfitter_cfg.c **** 
 184:Generated_Source\PSoC4/cyfitter_cfg.c **** 	/* CYDEV_CLK_SELECT Starting address: CYDEV_CLK_SELECT */
 185:Generated_Source\PSoC4/cyfitter_cfg.c **** 	CY_SET_REG32((void *)(CYREG_CLK_SELECT), 0x00000000u);
 186:Generated_Source\PSoC4/cyfitter_cfg.c **** 
 187:Generated_Source\PSoC4/cyfitter_cfg.c **** 	/* CYDEV_PERI_PCLK_CTL1 Starting address: CYDEV_PERI_PCLK_CTL1 */
 188:Generated_Source\PSoC4/cyfitter_cfg.c **** 	CY_SET_REG32((void *)(CYREG_PERI_PCLK_CTL1), 0x00000040u);
 189:Generated_Source\PSoC4/cyfitter_cfg.c **** 
 190:Generated_Source\PSoC4/cyfitter_cfg.c **** 	/* Set Flash Cycles based on newly configured 24.00MHz HFCLK. */
 191:Generated_Source\PSoC4/cyfitter_cfg.c **** 	CY_SET_REG32((void CYXDATA *)(CYREG_CPUSS_FLASH_CTL), (0x0011u));
 192:Generated_Source\PSoC4/cyfitter_cfg.c **** }
 193:Generated_Source\PSoC4/cyfitter_cfg.c **** 
 194:Generated_Source\PSoC4/cyfitter_cfg.c **** 
 195:Generated_Source\PSoC4/cyfitter_cfg.c **** /* Analog API Functions */
 196:Generated_Source\PSoC4/cyfitter_cfg.c **** 
 197:Generated_Source\PSoC4/cyfitter_cfg.c **** 
 198:Generated_Source\PSoC4/cyfitter_cfg.c **** /*******************************************************************************
 199:Generated_Source\PSoC4/cyfitter_cfg.c **** * Function Name: AnalogSetDefault
 200:Generated_Source\PSoC4/cyfitter_cfg.c **** ********************************************************************************
 201:Generated_Source\PSoC4/cyfitter_cfg.c **** *
ARM GAS  C:\Users\Stephen\AppData\Local\Temp\ccDismii.s 			page 5


 202:Generated_Source\PSoC4/cyfitter_cfg.c **** * Summary:
 203:Generated_Source\PSoC4/cyfitter_cfg.c **** *  Sets up the analog portions of the chip to default values based on chip
 204:Generated_Source\PSoC4/cyfitter_cfg.c **** *  configuration options from the project.
 205:Generated_Source\PSoC4/cyfitter_cfg.c **** *
 206:Generated_Source\PSoC4/cyfitter_cfg.c **** * Parameters:
 207:Generated_Source\PSoC4/cyfitter_cfg.c **** *  void
 208:Generated_Source\PSoC4/cyfitter_cfg.c **** *
 209:Generated_Source\PSoC4/cyfitter_cfg.c **** * Return:
 210:Generated_Source\PSoC4/cyfitter_cfg.c **** *  void
 211:Generated_Source\PSoC4/cyfitter_cfg.c **** *
 212:Generated_Source\PSoC4/cyfitter_cfg.c **** *******************************************************************************/
 213:Generated_Source\PSoC4/cyfitter_cfg.c **** static void AnalogSetDefault(void);
 214:Generated_Source\PSoC4/cyfitter_cfg.c **** static void AnalogSetDefault(void)
 215:Generated_Source\PSoC4/cyfitter_cfg.c **** {
 216:Generated_Source\PSoC4/cyfitter_cfg.c **** }
 217:Generated_Source\PSoC4/cyfitter_cfg.c **** 
 218:Generated_Source\PSoC4/cyfitter_cfg.c **** 
 219:Generated_Source\PSoC4/cyfitter_cfg.c **** 
 220:Generated_Source\PSoC4/cyfitter_cfg.c **** 
 221:Generated_Source\PSoC4/cyfitter_cfg.c **** /*******************************************************************************
 222:Generated_Source\PSoC4/cyfitter_cfg.c **** * Function Name: cyfitter_cfg
 223:Generated_Source\PSoC4/cyfitter_cfg.c **** ********************************************************************************
 224:Generated_Source\PSoC4/cyfitter_cfg.c **** * Summary:
 225:Generated_Source\PSoC4/cyfitter_cfg.c **** *  This function is called by the start-up code for the selected device. It
 226:Generated_Source\PSoC4/cyfitter_cfg.c **** *  performs all of the necessary device configuration based on the design
 227:Generated_Source\PSoC4/cyfitter_cfg.c **** *  settings.  This includes settings from the Design Wide Resources (DWR) such
 228:Generated_Source\PSoC4/cyfitter_cfg.c **** *  as Clocks and Pins as well as any component configuration that is necessary.
 229:Generated_Source\PSoC4/cyfitter_cfg.c **** *
 230:Generated_Source\PSoC4/cyfitter_cfg.c **** * Parameters:
 231:Generated_Source\PSoC4/cyfitter_cfg.c **** *   void
 232:Generated_Source\PSoC4/cyfitter_cfg.c **** *
 233:Generated_Source\PSoC4/cyfitter_cfg.c **** * Return:
 234:Generated_Source\PSoC4/cyfitter_cfg.c **** *   void
 235:Generated_Source\PSoC4/cyfitter_cfg.c **** *
 236:Generated_Source\PSoC4/cyfitter_cfg.c **** *******************************************************************************/
 237:Generated_Source\PSoC4/cyfitter_cfg.c **** CY_CFG_SECTION
 238:Generated_Source\PSoC4/cyfitter_cfg.c **** void cyfitter_cfg(void)
 239:Generated_Source\PSoC4/cyfitter_cfg.c **** {
  28              		.loc 1 239 0
  29              		.cfi_startproc
  30              		@ args = 0, pretend = 0, frame = 0
  31              		@ frame_needed = 0, uses_anonymous_args = 0
  32 0000 10B5     		push	{r4, lr}
  33              		.cfi_def_cfa_offset 8
  34              		.cfi_offset 4, -8
  35              		.cfi_offset 14, -4
 240:Generated_Source\PSoC4/cyfitter_cfg.c **** 	/* Disable interrupts by default. Let user enable if/when they want. */
 241:Generated_Source\PSoC4/cyfitter_cfg.c **** 	CyGlobalIntDisable;
  36              		.loc 1 241 0
  37              		.syntax divided
  38              	@ 241 "Generated_Source\PSoC4\cyfitter_cfg.c" 1
  39 0002 72B6     		CPSID   i
  40              	@ 0 "" 2
 242:Generated_Source\PSoC4/cyfitter_cfg.c **** 
 243:Generated_Source\PSoC4/cyfitter_cfg.c **** 	{
 244:Generated_Source\PSoC4/cyfitter_cfg.c **** 		/* HSIOM Starting address: CYDEV_HSIOM_BASE */
 245:Generated_Source\PSoC4/cyfitter_cfg.c **** 		CY_SET_REG32((void *)(CYREG_HSIOM_PORT_SEL3), 0x0000EEEEu);
ARM GAS  C:\Users\Stephen\AppData\Local\Temp\ccDismii.s 			page 6


  41              		.loc 1 245 0
  42              		.thumb
  43              		.syntax unified
  44 0004 184A     		ldr	r2, .L2
  45 0006 194B     		ldr	r3, .L2+4
  46              	.LBB6:
  47              	.LBB7:
 176:Generated_Source\PSoC4/cyfitter_cfg.c **** 	/* Update IMO to new clock speed. */
  48              		.loc 1 176 0
  49 0008 194C     		ldr	r4, .L2+8
  50              	.LBE7:
  51              	.LBE6:
  52              		.loc 1 245 0
  53 000a 1A60     		str	r2, [r3]
 246:Generated_Source\PSoC4/cyfitter_cfg.c **** 
 247:Generated_Source\PSoC4/cyfitter_cfg.c **** 	}
 248:Generated_Source\PSoC4/cyfitter_cfg.c **** 
 249:Generated_Source\PSoC4/cyfitter_cfg.c **** 	/* Perform second pass device configuration. These items must be configured in specific order afte
 250:Generated_Source\PSoC4/cyfitter_cfg.c **** 	/* IOPINS0_0 Starting address: CYDEV_GPIO_PRT0_BASE */
 251:Generated_Source\PSoC4/cyfitter_cfg.c **** 	CY_SET_REG32((void *)(CYREG_GPIO_PRT0_PC), 0x00040000u);
  54              		.loc 1 251 0
  55 000c 8022     		movs	r2, #128
  56 000e 194B     		ldr	r3, .L2+12
  57 0010 D202     		lsls	r2, r2, #11
  58 0012 1A60     		str	r2, [r3]
 252:Generated_Source\PSoC4/cyfitter_cfg.c **** 
 253:Generated_Source\PSoC4/cyfitter_cfg.c **** 	/* IOPINS0_1 Starting address: CYDEV_GPIO_PRT1_BASE */
 254:Generated_Source\PSoC4/cyfitter_cfg.c **** 	CY_SET_REG32((void *)(CYDEV_GPIO_PRT1_BASE), 0x00000005u);
  59              		.loc 1 254 0
  60 0014 0522     		movs	r2, #5
  61 0016 184B     		ldr	r3, .L2+16
  62              	.LBB10:
  63              	.LBB8:
 178:Generated_Source\PSoC4/cyfitter_cfg.c **** 
  64              		.loc 1 178 0
  65 0018 1820     		movs	r0, #24
  66              	.LBE8:
  67              	.LBE10:
  68              		.loc 1 254 0
  69 001a 1A60     		str	r2, [r3]
 255:Generated_Source\PSoC4/cyfitter_cfg.c **** 	CY_SET_REG32((void *)(CYREG_GPIO_PRT1_PC), 0x00000186u);
  70              		.loc 1 255 0
  71 001c 174B     		ldr	r3, .L2+20
  72 001e 8232     		adds	r2, r2, #130
  73 0020 FF32     		adds	r2, r2, #255
  74 0022 1A60     		str	r2, [r3]
 256:Generated_Source\PSoC4/cyfitter_cfg.c **** 
 257:Generated_Source\PSoC4/cyfitter_cfg.c **** 	/* IOPINS0_2 Starting address: CYDEV_GPIO_PRT2_BASE */
 258:Generated_Source\PSoC4/cyfitter_cfg.c **** 	CY_SET_REG32((void *)(CYDEV_GPIO_PRT2_BASE), 0x00000001u);
  75              		.loc 1 258 0
  76 0024 164B     		ldr	r3, .L2+24
  77 0026 863A     		subs	r2, r2, #134
  78 0028 FF3A     		subs	r2, r2, #255
  79 002a 1A60     		str	r2, [r3]
 259:Generated_Source\PSoC4/cyfitter_cfg.c **** 	CY_SET_REG32((void *)(CYREG_GPIO_PRT2_PC), 0x00000006u);
  80              		.loc 1 259 0
  81 002c 154B     		ldr	r3, .L2+28
ARM GAS  C:\Users\Stephen\AppData\Local\Temp\ccDismii.s 			page 7


  82 002e 0532     		adds	r2, r2, #5
  83 0030 1A60     		str	r2, [r3]
 260:Generated_Source\PSoC4/cyfitter_cfg.c **** 
 261:Generated_Source\PSoC4/cyfitter_cfg.c **** 	/* IOPINS0_3 Starting address: CYDEV_GPIO_PRT3_BASE */
 262:Generated_Source\PSoC4/cyfitter_cfg.c **** 	CY_SET_REG32((void *)(CYDEV_GPIO_PRT3_BASE), 0x00000003u);
  84              		.loc 1 262 0
  85 0032 154B     		ldr	r3, .L2+32
  86 0034 033A     		subs	r2, r2, #3
  87 0036 1A60     		str	r2, [r3]
 263:Generated_Source\PSoC4/cyfitter_cfg.c **** 	CY_SET_REG32((void *)(CYREG_GPIO_PRT3_PC), 0x00000DA4u);
  88              		.loc 1 263 0
  89 0038 144A     		ldr	r2, .L2+36
  90 003a 154B     		ldr	r3, .L2+40
 264:Generated_Source\PSoC4/cyfitter_cfg.c **** 
 265:Generated_Source\PSoC4/cyfitter_cfg.c **** 
 266:Generated_Source\PSoC4/cyfitter_cfg.c **** 	/* Setup clocks based on selections from Clock DWR */
 267:Generated_Source\PSoC4/cyfitter_cfg.c **** 	ClockSetup();
 268:Generated_Source\PSoC4/cyfitter_cfg.c **** 
 269:Generated_Source\PSoC4/cyfitter_cfg.c **** 	/* Perform basic analog initialization to defaults */
 270:Generated_Source\PSoC4/cyfitter_cfg.c **** 	AnalogSetDefault();
 271:Generated_Source\PSoC4/cyfitter_cfg.c **** 
 272:Generated_Source\PSoC4/cyfitter_cfg.c **** }
  91              		.loc 1 272 0
  92              		@ sp needed
 263:Generated_Source\PSoC4/cyfitter_cfg.c **** 	CY_SET_REG32((void *)(CYREG_GPIO_PRT3_PC), 0x00000DA4u);
  93              		.loc 1 263 0
  94 003c 1A60     		str	r2, [r3]
  95              	.LBB11:
  96              	.LBB9:
 176:Generated_Source\PSoC4/cyfitter_cfg.c **** 	/* Update IMO to new clock speed. */
  97              		.loc 1 176 0
  98 003e 1223     		movs	r3, #18
  99 0040 2360     		str	r3, [r4]
 178:Generated_Source\PSoC4/cyfitter_cfg.c **** 
 100              		.loc 1 178 0
 101 0042 FFF7FEFF 		bl	CySysClkWriteImoFreq
 102              	.LVL0:
 181:Generated_Source\PSoC4/cyfitter_cfg.c **** 	CY_SET_REG32((void *)CYREG_PERI_DIV_CMD, 0x8000FF40u);
 103              		.loc 1 181 0
 104 0046 E022     		movs	r2, #224
 105 0048 124B     		ldr	r3, .L2+44
 106 004a 1201     		lsls	r2, r2, #4
 107 004c 1A60     		str	r2, [r3]
 182:Generated_Source\PSoC4/cyfitter_cfg.c **** 
 108              		.loc 1 182 0
 109 004e 124A     		ldr	r2, .L2+48
 110 0050 124B     		ldr	r3, .L2+52
 111 0052 1A60     		str	r2, [r3]
 185:Generated_Source\PSoC4/cyfitter_cfg.c **** 
 112              		.loc 1 185 0
 113 0054 0022     		movs	r2, #0
 114 0056 124B     		ldr	r3, .L2+56
 115 0058 1A60     		str	r2, [r3]
 188:Generated_Source\PSoC4/cyfitter_cfg.c **** 
 116              		.loc 1 188 0
 117 005a 124B     		ldr	r3, .L2+60
 118 005c 4032     		adds	r2, r2, #64
ARM GAS  C:\Users\Stephen\AppData\Local\Temp\ccDismii.s 			page 8


 119 005e 1A60     		str	r2, [r3]
 191:Generated_Source\PSoC4/cyfitter_cfg.c **** }
 120              		.loc 1 191 0
 121 0060 1123     		movs	r3, #17
 122 0062 2360     		str	r3, [r4]
 123              	.LBE9:
 124              	.LBE11:
 125              		.loc 1 272 0
 126 0064 10BD     		pop	{r4, pc}
 127              	.L3:
 128 0066 C046     		.align	2
 129              	.L2:
 130 0068 EEEE0000 		.word	61166
 131 006c 00030240 		.word	1073873664
 132 0070 30001040 		.word	1074790448
 133 0074 08000440 		.word	1074003976
 134 0078 00010440 		.word	1074004224
 135 007c 08010440 		.word	1074004232
 136 0080 00020440 		.word	1074004480
 137 0084 08020440 		.word	1074004488
 138 0088 00030440 		.word	1074004736
 139 008c A40D0000 		.word	3492
 140 0090 08030440 		.word	1074004744
 141 0094 00030140 		.word	1073808128
 142 0098 40FF0080 		.word	-2147418304
 143 009c 00000140 		.word	1073807360
 144 00a0 28000340 		.word	1073938472
 145 00a4 04010140 		.word	1073807620
 146              		.cfi_endproc
 147              	.LFE6:
 148              		.size	cyfitter_cfg, .-cyfitter_cfg
 149              		.text
 150              	.Letext0:
 151              		.file 2 "Generated_Source\\PSoC4\\cytypes.h"
 152              		.file 3 "Generated_Source\\PSoC4\\CyLib.h"
 153              		.section	.debug_info,"",%progbits
 154              	.Ldebug_info0:
 155 0000 F9000000 		.4byte	0xf9
 156 0004 0400     		.2byte	0x4
 157 0006 00000000 		.4byte	.Ldebug_abbrev0
 158 000a 04       		.byte	0x4
 159 000b 01       		.uleb128 0x1
 160 000c 58010000 		.4byte	.LASF18
 161 0010 0C       		.byte	0xc
 162 0011 15000000 		.4byte	.LASF19
 163 0015 B5000000 		.4byte	.LASF20
 164 0019 20000000 		.4byte	.Ldebug_ranges0+0x20
 165 001d 00000000 		.4byte	0
 166 0021 00000000 		.4byte	.Ldebug_line0
 167 0025 02       		.uleb128 0x2
 168 0026 04       		.byte	0x4
 169 0027 05       		.byte	0x5
 170 0028 696E7400 		.ascii	"int\000"
 171 002c 03       		.uleb128 0x3
 172 002d 04       		.byte	0x4
 173 002e 07       		.byte	0x7
 174 002f 3B000000 		.4byte	.LASF0
ARM GAS  C:\Users\Stephen\AppData\Local\Temp\ccDismii.s 			page 9


 175 0033 03       		.uleb128 0x3
 176 0034 08       		.byte	0x8
 177 0035 05       		.byte	0x5
 178 0036 00000000 		.4byte	.LASF1
 179 003a 03       		.uleb128 0x3
 180 003b 08       		.byte	0x8
 181 003c 04       		.byte	0x4
 182 003d 42010000 		.4byte	.LASF2
 183 0041 03       		.uleb128 0x3
 184 0042 01       		.byte	0x1
 185 0043 06       		.byte	0x6
 186 0044 36010000 		.4byte	.LASF3
 187 0048 03       		.uleb128 0x3
 188 0049 01       		.byte	0x1
 189 004a 08       		.byte	0x8
 190 004b 99000000 		.4byte	.LASF4
 191 004f 03       		.uleb128 0x3
 192 0050 02       		.byte	0x2
 193 0051 05       		.byte	0x5
 194 0052 4E010000 		.4byte	.LASF5
 195 0056 03       		.uleb128 0x3
 196 0057 02       		.byte	0x2
 197 0058 07       		.byte	0x7
 198 0059 23010000 		.4byte	.LASF6
 199 005d 03       		.uleb128 0x3
 200 005e 04       		.byte	0x4
 201 005f 05       		.byte	0x5
 202 0060 AC000000 		.4byte	.LASF7
 203 0064 03       		.uleb128 0x3
 204 0065 04       		.byte	0x4
 205 0066 07       		.byte	0x7
 206 0067 5D000000 		.4byte	.LASF8
 207 006b 03       		.uleb128 0x3
 208 006c 08       		.byte	0x8
 209 006d 07       		.byte	0x7
 210 006e 7C000000 		.4byte	.LASF9
 211 0072 03       		.uleb128 0x3
 212 0073 04       		.byte	0x4
 213 0074 07       		.byte	0x7
 214 0075 EA010000 		.4byte	.LASF10
 215 0079 03       		.uleb128 0x3
 216 007a 01       		.byte	0x1
 217 007b 08       		.byte	0x8
 218 007c A7000000 		.4byte	.LASF11
 219 0080 04       		.uleb128 0x4
 220 0081 0E000000 		.4byte	.LASF14
 221 0085 02       		.byte	0x2
 222 0086 D401     		.2byte	0x1d4
 223 0088 64000000 		.4byte	0x64
 224 008c 03       		.uleb128 0x3
 225 008d 04       		.byte	0x4
 226 008e 04       		.byte	0x4
 227 008f 93000000 		.4byte	.LASF12
 228 0093 03       		.uleb128 0x3
 229 0094 08       		.byte	0x8
 230 0095 04       		.byte	0x4
 231 0096 16010000 		.4byte	.LASF13
ARM GAS  C:\Users\Stephen\AppData\Local\Temp\ccDismii.s 			page 10


 232 009a 04       		.uleb128 0x4
 233 009b 1D010000 		.4byte	.LASF15
 234 009f 02       		.byte	0x2
 235 00a0 7E02     		.2byte	0x27e
 236 00a2 A6000000 		.4byte	0xa6
 237 00a6 05       		.uleb128 0x5
 238 00a7 80000000 		.4byte	0x80
 239 00ab 06       		.uleb128 0x6
 240 00ac FA000000 		.4byte	.LASF16
 241 00b0 01       		.byte	0x1
 242 00b1 D6       		.byte	0xd6
 243 00b2 01       		.byte	0x1
 244 00b3 06       		.uleb128 0x6
 245 00b4 0B010000 		.4byte	.LASF17
 246 00b8 01       		.byte	0x1
 247 00b9 AC       		.byte	0xac
 248 00ba 01       		.byte	0x1
 249 00bb 07       		.uleb128 0x7
 250 00bc 6F000000 		.4byte	.LASF21
 251 00c0 01       		.byte	0x1
 252 00c1 EE       		.byte	0xee
 253 00c2 00000000 		.4byte	.LFB6
 254 00c6 A8000000 		.4byte	.LFE6-.LFB6
 255 00ca 01       		.uleb128 0x1
 256 00cb 9C       		.byte	0x9c
 257 00cc F1000000 		.4byte	0xf1
 258 00d0 08       		.uleb128 0x8
 259 00d1 B3000000 		.4byte	0xb3
 260 00d5 08000000 		.4byte	.LBB6
 261 00d9 00000000 		.4byte	.Ldebug_ranges0+0
 262 00dd 01       		.byte	0x1
 263 00de 0B01     		.2byte	0x10b
 264 00e0 09       		.uleb128 0x9
 265 00e1 46000000 		.4byte	.LVL0
 266 00e5 F1000000 		.4byte	0xf1
 267 00e9 0A       		.uleb128 0xa
 268 00ea 01       		.uleb128 0x1
 269 00eb 50       		.byte	0x50
 270 00ec 01       		.uleb128 0x1
 271 00ed 48       		.byte	0x48
 272 00ee 00       		.byte	0
 273 00ef 00       		.byte	0
 274 00f0 00       		.byte	0
 275 00f1 0B       		.uleb128 0xb
 276 00f2 48000000 		.4byte	.LASF22
 277 00f6 48000000 		.4byte	.LASF22
 278 00fa 03       		.byte	0x3
 279 00fb 6C       		.byte	0x6c
 280 00fc 00       		.byte	0
 281              		.section	.debug_abbrev,"",%progbits
 282              	.Ldebug_abbrev0:
 283 0000 01       		.uleb128 0x1
 284 0001 11       		.uleb128 0x11
 285 0002 01       		.byte	0x1
 286 0003 25       		.uleb128 0x25
 287 0004 0E       		.uleb128 0xe
 288 0005 13       		.uleb128 0x13
ARM GAS  C:\Users\Stephen\AppData\Local\Temp\ccDismii.s 			page 11


 289 0006 0B       		.uleb128 0xb
 290 0007 03       		.uleb128 0x3
 291 0008 0E       		.uleb128 0xe
 292 0009 1B       		.uleb128 0x1b
 293 000a 0E       		.uleb128 0xe
 294 000b 55       		.uleb128 0x55
 295 000c 17       		.uleb128 0x17
 296 000d 11       		.uleb128 0x11
 297 000e 01       		.uleb128 0x1
 298 000f 10       		.uleb128 0x10
 299 0010 17       		.uleb128 0x17
 300 0011 00       		.byte	0
 301 0012 00       		.byte	0
 302 0013 02       		.uleb128 0x2
 303 0014 24       		.uleb128 0x24
 304 0015 00       		.byte	0
 305 0016 0B       		.uleb128 0xb
 306 0017 0B       		.uleb128 0xb
 307 0018 3E       		.uleb128 0x3e
 308 0019 0B       		.uleb128 0xb
 309 001a 03       		.uleb128 0x3
 310 001b 08       		.uleb128 0x8
 311 001c 00       		.byte	0
 312 001d 00       		.byte	0
 313 001e 03       		.uleb128 0x3
 314 001f 24       		.uleb128 0x24
 315 0020 00       		.byte	0
 316 0021 0B       		.uleb128 0xb
 317 0022 0B       		.uleb128 0xb
 318 0023 3E       		.uleb128 0x3e
 319 0024 0B       		.uleb128 0xb
 320 0025 03       		.uleb128 0x3
 321 0026 0E       		.uleb128 0xe
 322 0027 00       		.byte	0
 323 0028 00       		.byte	0
 324 0029 04       		.uleb128 0x4
 325 002a 16       		.uleb128 0x16
 326 002b 00       		.byte	0
 327 002c 03       		.uleb128 0x3
 328 002d 0E       		.uleb128 0xe
 329 002e 3A       		.uleb128 0x3a
 330 002f 0B       		.uleb128 0xb
 331 0030 3B       		.uleb128 0x3b
 332 0031 05       		.uleb128 0x5
 333 0032 49       		.uleb128 0x49
 334 0033 13       		.uleb128 0x13
 335 0034 00       		.byte	0
 336 0035 00       		.byte	0
 337 0036 05       		.uleb128 0x5
 338 0037 35       		.uleb128 0x35
 339 0038 00       		.byte	0
 340 0039 49       		.uleb128 0x49
 341 003a 13       		.uleb128 0x13
 342 003b 00       		.byte	0
 343 003c 00       		.byte	0
 344 003d 06       		.uleb128 0x6
 345 003e 2E       		.uleb128 0x2e
ARM GAS  C:\Users\Stephen\AppData\Local\Temp\ccDismii.s 			page 12


 346 003f 00       		.byte	0
 347 0040 03       		.uleb128 0x3
 348 0041 0E       		.uleb128 0xe
 349 0042 3A       		.uleb128 0x3a
 350 0043 0B       		.uleb128 0xb
 351 0044 3B       		.uleb128 0x3b
 352 0045 0B       		.uleb128 0xb
 353 0046 27       		.uleb128 0x27
 354 0047 19       		.uleb128 0x19
 355 0048 20       		.uleb128 0x20
 356 0049 0B       		.uleb128 0xb
 357 004a 00       		.byte	0
 358 004b 00       		.byte	0
 359 004c 07       		.uleb128 0x7
 360 004d 2E       		.uleb128 0x2e
 361 004e 01       		.byte	0x1
 362 004f 3F       		.uleb128 0x3f
 363 0050 19       		.uleb128 0x19
 364 0051 03       		.uleb128 0x3
 365 0052 0E       		.uleb128 0xe
 366 0053 3A       		.uleb128 0x3a
 367 0054 0B       		.uleb128 0xb
 368 0055 3B       		.uleb128 0x3b
 369 0056 0B       		.uleb128 0xb
 370 0057 27       		.uleb128 0x27
 371 0058 19       		.uleb128 0x19
 372 0059 11       		.uleb128 0x11
 373 005a 01       		.uleb128 0x1
 374 005b 12       		.uleb128 0x12
 375 005c 06       		.uleb128 0x6
 376 005d 40       		.uleb128 0x40
 377 005e 18       		.uleb128 0x18
 378 005f 9742     		.uleb128 0x2117
 379 0061 19       		.uleb128 0x19
 380 0062 01       		.uleb128 0x1
 381 0063 13       		.uleb128 0x13
 382 0064 00       		.byte	0
 383 0065 00       		.byte	0
 384 0066 08       		.uleb128 0x8
 385 0067 1D       		.uleb128 0x1d
 386 0068 01       		.byte	0x1
 387 0069 31       		.uleb128 0x31
 388 006a 13       		.uleb128 0x13
 389 006b 52       		.uleb128 0x52
 390 006c 01       		.uleb128 0x1
 391 006d 55       		.uleb128 0x55
 392 006e 17       		.uleb128 0x17
 393 006f 58       		.uleb128 0x58
 394 0070 0B       		.uleb128 0xb
 395 0071 59       		.uleb128 0x59
 396 0072 05       		.uleb128 0x5
 397 0073 00       		.byte	0
 398 0074 00       		.byte	0
 399 0075 09       		.uleb128 0x9
 400 0076 898201   		.uleb128 0x4109
 401 0079 01       		.byte	0x1
 402 007a 11       		.uleb128 0x11
ARM GAS  C:\Users\Stephen\AppData\Local\Temp\ccDismii.s 			page 13


 403 007b 01       		.uleb128 0x1
 404 007c 31       		.uleb128 0x31
 405 007d 13       		.uleb128 0x13
 406 007e 00       		.byte	0
 407 007f 00       		.byte	0
 408 0080 0A       		.uleb128 0xa
 409 0081 8A8201   		.uleb128 0x410a
 410 0084 00       		.byte	0
 411 0085 02       		.uleb128 0x2
 412 0086 18       		.uleb128 0x18
 413 0087 9142     		.uleb128 0x2111
 414 0089 18       		.uleb128 0x18
 415 008a 00       		.byte	0
 416 008b 00       		.byte	0
 417 008c 0B       		.uleb128 0xb
 418 008d 2E       		.uleb128 0x2e
 419 008e 00       		.byte	0
 420 008f 3F       		.uleb128 0x3f
 421 0090 19       		.uleb128 0x19
 422 0091 3C       		.uleb128 0x3c
 423 0092 19       		.uleb128 0x19
 424 0093 6E       		.uleb128 0x6e
 425 0094 0E       		.uleb128 0xe
 426 0095 03       		.uleb128 0x3
 427 0096 0E       		.uleb128 0xe
 428 0097 3A       		.uleb128 0x3a
 429 0098 0B       		.uleb128 0xb
 430 0099 3B       		.uleb128 0x3b
 431 009a 0B       		.uleb128 0xb
 432 009b 00       		.byte	0
 433 009c 00       		.byte	0
 434 009d 00       		.byte	0
 435              		.section	.debug_aranges,"",%progbits
 436 0000 1C000000 		.4byte	0x1c
 437 0004 0200     		.2byte	0x2
 438 0006 00000000 		.4byte	.Ldebug_info0
 439 000a 04       		.byte	0x4
 440 000b 00       		.byte	0
 441 000c 0000     		.2byte	0
 442 000e 0000     		.2byte	0
 443 0010 00000000 		.4byte	.LFB6
 444 0014 A8000000 		.4byte	.LFE6-.LFB6
 445 0018 00000000 		.4byte	0
 446 001c 00000000 		.4byte	0
 447              		.section	.debug_ranges,"",%progbits
 448              	.Ldebug_ranges0:
 449 0000 08000000 		.4byte	.LBB6
 450 0004 0A000000 		.4byte	.LBE6
 451 0008 18000000 		.4byte	.LBB10
 452 000c 1A000000 		.4byte	.LBE10
 453 0010 3E000000 		.4byte	.LBB11
 454 0014 64000000 		.4byte	.LBE11
 455 0018 00000000 		.4byte	0
 456 001c 00000000 		.4byte	0
 457 0020 00000000 		.4byte	.LFB6
 458 0024 A8000000 		.4byte	.LFE6
 459 0028 00000000 		.4byte	0
ARM GAS  C:\Users\Stephen\AppData\Local\Temp\ccDismii.s 			page 14


 460 002c 00000000 		.4byte	0
 461              		.section	.debug_line,"",%progbits
 462              	.Ldebug_line0:
 463 0000 97000000 		.section	.debug_str,"MS",%progbits,1
 463      02005400 
 463      00000201 
 463      FB0E0D00 
 463      01010101 
 464              	.LASF1:
 465 0000 6C6F6E67 		.ascii	"long long int\000"
 465      206C6F6E 
 465      6720696E 
 465      7400
 466              	.LASF14:
 467 000e 75696E74 		.ascii	"uint32\000"
 467      333200
 468              	.LASF19:
 469 0015 47656E65 		.ascii	"Generated_Source\\PSoC4\\cyfitter_cfg.c\000"
 469      72617465 
 469      645F536F 
 469      75726365 
 469      5C50536F 
 470              	.LASF0:
 471 003b 756E7369 		.ascii	"unsigned int\000"
 471      676E6564 
 471      20696E74 
 471      00
 472              	.LASF22:
 473 0048 43795379 		.ascii	"CySysClkWriteImoFreq\000"
 473      73436C6B 
 473      57726974 
 473      65496D6F 
 473      46726571 
 474              	.LASF8:
 475 005d 6C6F6E67 		.ascii	"long unsigned int\000"
 475      20756E73 
 475      69676E65 
 475      6420696E 
 475      7400
 476              	.LASF21:
 477 006f 63796669 		.ascii	"cyfitter_cfg\000"
 477      74746572 
 477      5F636667 
 477      00
 478              	.LASF9:
 479 007c 6C6F6E67 		.ascii	"long long unsigned int\000"
 479      206C6F6E 
 479      6720756E 
 479      7369676E 
 479      65642069 
 480              	.LASF12:
 481 0093 666C6F61 		.ascii	"float\000"
 481      7400
 482              	.LASF4:
 483 0099 756E7369 		.ascii	"unsigned char\000"
 483      676E6564 
 483      20636861 
ARM GAS  C:\Users\Stephen\AppData\Local\Temp\ccDismii.s 			page 15


 483      7200
 484              	.LASF11:
 485 00a7 63686172 		.ascii	"char\000"
 485      00
 486              	.LASF7:
 487 00ac 6C6F6E67 		.ascii	"long int\000"
 487      20696E74 
 487      00
 488              	.LASF20:
 489 00b5 433A5C55 		.ascii	"C:\\Users\\Stephen\\Documents\\Firmware\\PSoC\\Boot"
 489      73657273 
 489      5C537465 
 489      7068656E 
 489      5C446F63 
 490 00e2 6C6F6164 		.ascii	"loader\\Bootloader.cydsn\000"
 490      65725C42 
 490      6F6F746C 
 490      6F616465 
 490      722E6379 
 491              	.LASF16:
 492 00fa 416E616C 		.ascii	"AnalogSetDefault\000"
 492      6F675365 
 492      74446566 
 492      61756C74 
 492      00
 493              	.LASF17:
 494 010b 436C6F63 		.ascii	"ClockSetup\000"
 494      6B536574 
 494      757000
 495              	.LASF13:
 496 0116 646F7562 		.ascii	"double\000"
 496      6C6500
 497              	.LASF15:
 498 011d 72656733 		.ascii	"reg32\000"
 498      3200
 499              	.LASF6:
 500 0123 73686F72 		.ascii	"short unsigned int\000"
 500      7420756E 
 500      7369676E 
 500      65642069 
 500      6E7400
 501              	.LASF3:
 502 0136 7369676E 		.ascii	"signed char\000"
 502      65642063 
 502      68617200 
 503              	.LASF2:
 504 0142 6C6F6E67 		.ascii	"long double\000"
 504      20646F75 
 504      626C6500 
 505              	.LASF5:
 506 014e 73686F72 		.ascii	"short int\000"
 506      7420696E 
 506      7400
 507              	.LASF18:
 508 0158 474E5520 		.ascii	"GNU C11 5.4.1 20160609 (release) [ARM/embedded-5-br"
 508      43313120 
 508      352E342E 
ARM GAS  C:\Users\Stephen\AppData\Local\Temp\ccDismii.s 			page 16


 508      31203230 
 508      31363036 
 509 018b 616E6368 		.ascii	"anch revision 237715] -mcpu=cortex-m0plus -mthumb -"
 509      20726576 
 509      6973696F 
 509      6E203233 
 509      37373135 
 510 01be 67202D4F 		.ascii	"g -Os -ffunction-sections -ffat-lto-objects\000"
 510      73202D66 
 510      66756E63 
 510      74696F6E 
 510      2D736563 
 511              	.LASF10:
 512 01ea 73697A65 		.ascii	"sizetype\000"
 512      74797065 
 512      00
 513              		.ident	"GCC: (GNU Tools for ARM Embedded Processors) 5.4.1 20160609 (release) [ARM/embedded-5-bran
