ARM GAS  C:\Users\Stephen\AppData\Local\Temp\ccL7VdKg.s 			page 1


   1              		.syntax unified
   2              		.cpu cortex-m0plus
   3              		.fpu softvfp
   4              		.eabi_attribute 20, 1
   5              		.eabi_attribute 21, 1
   6              		.eabi_attribute 23, 3
   7              		.eabi_attribute 24, 1
   8              		.eabi_attribute 25, 1
   9              		.eabi_attribute 26, 1
  10              		.eabi_attribute 30, 4
  11              		.eabi_attribute 34, 0
  12              		.eabi_attribute 18, 4
  13              		.thumb
  14              		.syntax unified
  15              		.file	"cyfitter_cfg.c"
  16              		.text
  17              	.Ltext0:
  18              		.cfi_sections	.debug_frame
  19              		.section	.psocinit,"ax",%progbits
  20              		.align	1
  21              		.global	cyfitter_cfg
  22              		.code	16
  23              		.thumb_func
  24              		.type	cyfitter_cfg, %function
  25              	cyfitter_cfg:
  26              	.LFB6:
  27              		.file 1 "Generated_Source\\PSoC4\\cyfitter_cfg.c"
   1:Generated_Source\PSoC4/cyfitter_cfg.c **** 
   2:Generated_Source\PSoC4/cyfitter_cfg.c **** /*******************************************************************************
   3:Generated_Source\PSoC4/cyfitter_cfg.c **** * File Name: cyfitter_cfg.c
   4:Generated_Source\PSoC4/cyfitter_cfg.c **** * 
   5:Generated_Source\PSoC4/cyfitter_cfg.c **** * PSoC Creator  4.1 Update 1
   6:Generated_Source\PSoC4/cyfitter_cfg.c **** *
   7:Generated_Source\PSoC4/cyfitter_cfg.c **** * Description:
   8:Generated_Source\PSoC4/cyfitter_cfg.c **** * This file contains device initialization code.
   9:Generated_Source\PSoC4/cyfitter_cfg.c **** * Except for the user defined sections in CyClockStartupError(), this file should not be modified.
  10:Generated_Source\PSoC4/cyfitter_cfg.c **** * This file is automatically generated by PSoC Creator.
  11:Generated_Source\PSoC4/cyfitter_cfg.c **** *
  12:Generated_Source\PSoC4/cyfitter_cfg.c **** ********************************************************************************
  13:Generated_Source\PSoC4/cyfitter_cfg.c **** * Copyright (c) 2007-2017 Cypress Semiconductor.  All rights reserved.
  14:Generated_Source\PSoC4/cyfitter_cfg.c **** * You may use this file only in accordance with the license, terms, conditions, 
  15:Generated_Source\PSoC4/cyfitter_cfg.c **** * disclaimers, and limitations in the end user license agreement accompanying 
  16:Generated_Source\PSoC4/cyfitter_cfg.c **** * the software package with which this file was provided.
  17:Generated_Source\PSoC4/cyfitter_cfg.c **** ********************************************************************************/
  18:Generated_Source\PSoC4/cyfitter_cfg.c **** 
  19:Generated_Source\PSoC4/cyfitter_cfg.c **** #include <string.h>
  20:Generated_Source\PSoC4/cyfitter_cfg.c **** #include "cytypes.h"
  21:Generated_Source\PSoC4/cyfitter_cfg.c **** #include "cydevice_trm.h"
  22:Generated_Source\PSoC4/cyfitter_cfg.c **** #include "cyfitter.h"
  23:Generated_Source\PSoC4/cyfitter_cfg.c **** #include "CyLib.h"
  24:Generated_Source\PSoC4/cyfitter_cfg.c **** #include "cyfitter_cfg.h"
  25:Generated_Source\PSoC4/cyfitter_cfg.c **** #include "cyapicallbacks.h"
  26:Generated_Source\PSoC4/cyfitter_cfg.c **** 
  27:Generated_Source\PSoC4/cyfitter_cfg.c **** 
  28:Generated_Source\PSoC4/cyfitter_cfg.c **** #if defined(__GNUC__) || defined(__ARMCC_VERSION)
  29:Generated_Source\PSoC4/cyfitter_cfg.c ****     #define CYPACKED 
  30:Generated_Source\PSoC4/cyfitter_cfg.c ****     #define CYPACKED_ATTR __attribute__ ((packed))
ARM GAS  C:\Users\Stephen\AppData\Local\Temp\ccL7VdKg.s 			page 2


  31:Generated_Source\PSoC4/cyfitter_cfg.c ****     #define CYALIGNED __attribute__ ((aligned))
  32:Generated_Source\PSoC4/cyfitter_cfg.c ****     #define CY_CFG_UNUSED __attribute__ ((unused))
  33:Generated_Source\PSoC4/cyfitter_cfg.c ****     #ifndef CY_CFG_SECTION
  34:Generated_Source\PSoC4/cyfitter_cfg.c ****         #define CY_CFG_SECTION __attribute__ ((section(".psocinit")))
  35:Generated_Source\PSoC4/cyfitter_cfg.c ****     #endif
  36:Generated_Source\PSoC4/cyfitter_cfg.c ****     
  37:Generated_Source\PSoC4/cyfitter_cfg.c ****     #if defined(__ARMCC_VERSION)
  38:Generated_Source\PSoC4/cyfitter_cfg.c ****         #define CY_CFG_MEMORY_BARRIER() __memory_changed()
  39:Generated_Source\PSoC4/cyfitter_cfg.c ****     #else
  40:Generated_Source\PSoC4/cyfitter_cfg.c ****         #define CY_CFG_MEMORY_BARRIER() __sync_synchronize()
  41:Generated_Source\PSoC4/cyfitter_cfg.c ****     #endif
  42:Generated_Source\PSoC4/cyfitter_cfg.c ****     
  43:Generated_Source\PSoC4/cyfitter_cfg.c **** #elif defined(__ICCARM__)
  44:Generated_Source\PSoC4/cyfitter_cfg.c ****     #include <intrinsics.h>
  45:Generated_Source\PSoC4/cyfitter_cfg.c **** 
  46:Generated_Source\PSoC4/cyfitter_cfg.c ****     #define CYPACKED __packed
  47:Generated_Source\PSoC4/cyfitter_cfg.c ****     #define CYPACKED_ATTR 
  48:Generated_Source\PSoC4/cyfitter_cfg.c ****     #define CYALIGNED _Pragma("data_alignment=4")
  49:Generated_Source\PSoC4/cyfitter_cfg.c ****     #define CY_CFG_UNUSED _Pragma("diag_suppress=Pe177")
  50:Generated_Source\PSoC4/cyfitter_cfg.c ****     #define CY_CFG_SECTION _Pragma("location=\".psocinit\"")
  51:Generated_Source\PSoC4/cyfitter_cfg.c ****     
  52:Generated_Source\PSoC4/cyfitter_cfg.c ****     #define CY_CFG_MEMORY_BARRIER() __DMB()
  53:Generated_Source\PSoC4/cyfitter_cfg.c ****     
  54:Generated_Source\PSoC4/cyfitter_cfg.c **** #else
  55:Generated_Source\PSoC4/cyfitter_cfg.c ****     #error Unsupported toolchain
  56:Generated_Source\PSoC4/cyfitter_cfg.c **** #endif
  57:Generated_Source\PSoC4/cyfitter_cfg.c **** 
  58:Generated_Source\PSoC4/cyfitter_cfg.c **** #ifndef CYCODE
  59:Generated_Source\PSoC4/cyfitter_cfg.c ****     #define CYCODE
  60:Generated_Source\PSoC4/cyfitter_cfg.c **** #endif
  61:Generated_Source\PSoC4/cyfitter_cfg.c **** #ifndef CYDATA
  62:Generated_Source\PSoC4/cyfitter_cfg.c ****     #define CYDATA
  63:Generated_Source\PSoC4/cyfitter_cfg.c **** #endif
  64:Generated_Source\PSoC4/cyfitter_cfg.c **** #ifndef CYFAR
  65:Generated_Source\PSoC4/cyfitter_cfg.c ****     #define CYFAR
  66:Generated_Source\PSoC4/cyfitter_cfg.c **** #endif
  67:Generated_Source\PSoC4/cyfitter_cfg.c **** #ifndef CYXDATA
  68:Generated_Source\PSoC4/cyfitter_cfg.c ****     #define CYXDATA
  69:Generated_Source\PSoC4/cyfitter_cfg.c **** #endif
  70:Generated_Source\PSoC4/cyfitter_cfg.c **** 
  71:Generated_Source\PSoC4/cyfitter_cfg.c **** 
  72:Generated_Source\PSoC4/cyfitter_cfg.c **** CY_CFG_UNUSED
  73:Generated_Source\PSoC4/cyfitter_cfg.c **** static void CYMEMZERO(void *s, size_t n);
  74:Generated_Source\PSoC4/cyfitter_cfg.c **** CY_CFG_UNUSED
  75:Generated_Source\PSoC4/cyfitter_cfg.c **** static void CYMEMZERO(void *s, size_t n)
  76:Generated_Source\PSoC4/cyfitter_cfg.c **** {
  77:Generated_Source\PSoC4/cyfitter_cfg.c **** 	(void)memset(s, 0, n);
  78:Generated_Source\PSoC4/cyfitter_cfg.c **** }
  79:Generated_Source\PSoC4/cyfitter_cfg.c **** CY_CFG_UNUSED
  80:Generated_Source\PSoC4/cyfitter_cfg.c **** static void CYCONFIGCPY(void *dest, const void *src, size_t n);
  81:Generated_Source\PSoC4/cyfitter_cfg.c **** CY_CFG_UNUSED
  82:Generated_Source\PSoC4/cyfitter_cfg.c **** static void CYCONFIGCPY(void *dest, const void *src, size_t n)
  83:Generated_Source\PSoC4/cyfitter_cfg.c **** {
  84:Generated_Source\PSoC4/cyfitter_cfg.c **** 	(void)memcpy(dest, src, n);
  85:Generated_Source\PSoC4/cyfitter_cfg.c **** }
  86:Generated_Source\PSoC4/cyfitter_cfg.c **** CY_CFG_UNUSED
  87:Generated_Source\PSoC4/cyfitter_cfg.c **** static void CYCONFIGCPYCODE(void *dest, const void *src, size_t n);
ARM GAS  C:\Users\Stephen\AppData\Local\Temp\ccL7VdKg.s 			page 3


  88:Generated_Source\PSoC4/cyfitter_cfg.c **** CY_CFG_UNUSED
  89:Generated_Source\PSoC4/cyfitter_cfg.c **** static void CYCONFIGCPYCODE(void *dest, const void *src, size_t n)
  90:Generated_Source\PSoC4/cyfitter_cfg.c **** {
  91:Generated_Source\PSoC4/cyfitter_cfg.c **** 	(void)memcpy(dest, src, n);
  92:Generated_Source\PSoC4/cyfitter_cfg.c **** }
  93:Generated_Source\PSoC4/cyfitter_cfg.c **** 
  94:Generated_Source\PSoC4/cyfitter_cfg.c **** 
  95:Generated_Source\PSoC4/cyfitter_cfg.c **** 
  96:Generated_Source\PSoC4/cyfitter_cfg.c **** 
  97:Generated_Source\PSoC4/cyfitter_cfg.c **** /* Clock startup error codes                                                   */
  98:Generated_Source\PSoC4/cyfitter_cfg.c **** #define CYCLOCKSTART_NO_ERROR    0u
  99:Generated_Source\PSoC4/cyfitter_cfg.c **** #define CYCLOCKSTART_XTAL_ERROR  1u
 100:Generated_Source\PSoC4/cyfitter_cfg.c **** #define CYCLOCKSTART_32KHZ_ERROR 2u
 101:Generated_Source\PSoC4/cyfitter_cfg.c **** #define CYCLOCKSTART_PLL_ERROR   3u
 102:Generated_Source\PSoC4/cyfitter_cfg.c **** #define CYCLOCKSTART_FLL_ERROR   4u
 103:Generated_Source\PSoC4/cyfitter_cfg.c **** 
 104:Generated_Source\PSoC4/cyfitter_cfg.c **** 
 105:Generated_Source\PSoC4/cyfitter_cfg.c **** #ifdef CY_NEED_CYCLOCKSTARTUPERROR
 106:Generated_Source\PSoC4/cyfitter_cfg.c **** /*******************************************************************************
 107:Generated_Source\PSoC4/cyfitter_cfg.c **** * Function Name: CyClockStartupError
 108:Generated_Source\PSoC4/cyfitter_cfg.c **** ********************************************************************************
 109:Generated_Source\PSoC4/cyfitter_cfg.c **** * Summary:
 110:Generated_Source\PSoC4/cyfitter_cfg.c **** *  If an error is encountered during clock configuration (crystal startup error,
 111:Generated_Source\PSoC4/cyfitter_cfg.c **** *  PLL lock error, etc.), the system will end up here.  Unless reimplemented by
 112:Generated_Source\PSoC4/cyfitter_cfg.c **** *  the customer, this function will stop in an infinite loop.
 113:Generated_Source\PSoC4/cyfitter_cfg.c **** *
 114:Generated_Source\PSoC4/cyfitter_cfg.c **** * Parameters:
 115:Generated_Source\PSoC4/cyfitter_cfg.c **** *   void
 116:Generated_Source\PSoC4/cyfitter_cfg.c **** *
 117:Generated_Source\PSoC4/cyfitter_cfg.c **** * Return:
 118:Generated_Source\PSoC4/cyfitter_cfg.c **** *   void
 119:Generated_Source\PSoC4/cyfitter_cfg.c **** *
 120:Generated_Source\PSoC4/cyfitter_cfg.c **** *******************************************************************************/
 121:Generated_Source\PSoC4/cyfitter_cfg.c **** CY_CFG_UNUSED
 122:Generated_Source\PSoC4/cyfitter_cfg.c **** static void CyClockStartupError(uint8 errorCode);
 123:Generated_Source\PSoC4/cyfitter_cfg.c **** CY_CFG_UNUSED
 124:Generated_Source\PSoC4/cyfitter_cfg.c **** static void CyClockStartupError(uint8 errorCode)
 125:Generated_Source\PSoC4/cyfitter_cfg.c **** {
 126:Generated_Source\PSoC4/cyfitter_cfg.c ****     /* To remove the compiler warning if errorCode not used. */
 127:Generated_Source\PSoC4/cyfitter_cfg.c **** #if defined(CY_PSOC3) && (CY_PSOC3)
 128:Generated_Source\PSoC4/cyfitter_cfg.c ****     errorCode = errorCode;
 129:Generated_Source\PSoC4/cyfitter_cfg.c **** #else
 130:Generated_Source\PSoC4/cyfitter_cfg.c ****     (void)errorCode;
 131:Generated_Source\PSoC4/cyfitter_cfg.c **** #endif /* CY_PSOC3 */
 132:Generated_Source\PSoC4/cyfitter_cfg.c **** 
 133:Generated_Source\PSoC4/cyfitter_cfg.c ****     /* If we have a clock startup error (bad MHz crystal, PLL lock, etc.),  */
 134:Generated_Source\PSoC4/cyfitter_cfg.c ****     /* we will end up here to allow the customer to implement something to  */
 135:Generated_Source\PSoC4/cyfitter_cfg.c ****     /* deal with the clock condition.                                       */
 136:Generated_Source\PSoC4/cyfitter_cfg.c **** 
 137:Generated_Source\PSoC4/cyfitter_cfg.c **** #ifdef CY_CFG_CLOCK_STARTUP_ERROR_CALLBACK
 138:Generated_Source\PSoC4/cyfitter_cfg.c ****     CY_CFG_Clock_Startup_ErrorCallback();
 139:Generated_Source\PSoC4/cyfitter_cfg.c **** #else
 140:Generated_Source\PSoC4/cyfitter_cfg.c ****     /*  If not using CY_CFG_CLOCK_STARTUP_ERROR_CALLBACK, place your clock startup code here. */
 141:Generated_Source\PSoC4/cyfitter_cfg.c ****     /* `#START CyClockStartupError` */
 142:Generated_Source\PSoC4/cyfitter_cfg.c **** 
 143:Generated_Source\PSoC4/cyfitter_cfg.c **** 
 144:Generated_Source\PSoC4/cyfitter_cfg.c **** 
ARM GAS  C:\Users\Stephen\AppData\Local\Temp\ccL7VdKg.s 			page 4


 145:Generated_Source\PSoC4/cyfitter_cfg.c ****     /* `#END` */
 146:Generated_Source\PSoC4/cyfitter_cfg.c **** 
 147:Generated_Source\PSoC4/cyfitter_cfg.c ****     while(1) {}
 148:Generated_Source\PSoC4/cyfitter_cfg.c **** #endif /* CY_CFG_CLOCK_STARTUP_ERROR_CALLBACK */
 149:Generated_Source\PSoC4/cyfitter_cfg.c **** }
 150:Generated_Source\PSoC4/cyfitter_cfg.c **** #endif
 151:Generated_Source\PSoC4/cyfitter_cfg.c **** 
 152:Generated_Source\PSoC4/cyfitter_cfg.c **** 
 153:Generated_Source\PSoC4/cyfitter_cfg.c **** 
 154:Generated_Source\PSoC4/cyfitter_cfg.c **** /*******************************************************************************
 155:Generated_Source\PSoC4/cyfitter_cfg.c **** * Function Name: ClockSetup
 156:Generated_Source\PSoC4/cyfitter_cfg.c **** ********************************************************************************
 157:Generated_Source\PSoC4/cyfitter_cfg.c **** *
 158:Generated_Source\PSoC4/cyfitter_cfg.c **** * Summary:
 159:Generated_Source\PSoC4/cyfitter_cfg.c **** *   Performs the initialization of all of the clocks in the device based on the
 160:Generated_Source\PSoC4/cyfitter_cfg.c **** *   settings in the Clock tab of the DWR.  This includes enabling the requested
 161:Generated_Source\PSoC4/cyfitter_cfg.c **** *   clocks and setting the necessary dividers to produce the desired frequency. 
 162:Generated_Source\PSoC4/cyfitter_cfg.c **** *
 163:Generated_Source\PSoC4/cyfitter_cfg.c **** * Parameters:
 164:Generated_Source\PSoC4/cyfitter_cfg.c **** *   void
 165:Generated_Source\PSoC4/cyfitter_cfg.c **** *
 166:Generated_Source\PSoC4/cyfitter_cfg.c **** * Return:
 167:Generated_Source\PSoC4/cyfitter_cfg.c **** *   void
 168:Generated_Source\PSoC4/cyfitter_cfg.c **** *
 169:Generated_Source\PSoC4/cyfitter_cfg.c **** *******************************************************************************/
 170:Generated_Source\PSoC4/cyfitter_cfg.c **** static void ClockSetup(void);
 171:Generated_Source\PSoC4/cyfitter_cfg.c **** CY_CFG_SECTION
 172:Generated_Source\PSoC4/cyfitter_cfg.c **** static void ClockSetup(void)
 173:Generated_Source\PSoC4/cyfitter_cfg.c **** {
 174:Generated_Source\PSoC4/cyfitter_cfg.c **** 
 175:Generated_Source\PSoC4/cyfitter_cfg.c **** 	/* Set Flash Cycles based on max possible frequency in case a glitch occurs during ClockSetup(). *
 176:Generated_Source\PSoC4/cyfitter_cfg.c **** 	CY_SET_REG32((void CYXDATA *)(CYREG_CPUSS_FLASH_CTL), (0x0012u));
 177:Generated_Source\PSoC4/cyfitter_cfg.c **** 	/* Update IMO to new clock speed. */
 178:Generated_Source\PSoC4/cyfitter_cfg.c **** 	CySysClkWriteImoFreq(24u);
 179:Generated_Source\PSoC4/cyfitter_cfg.c **** 
 180:Generated_Source\PSoC4/cyfitter_cfg.c **** 	/* Setup phase aligned clocks */
 181:Generated_Source\PSoC4/cyfitter_cfg.c **** 	CY_SET_REG32((void *)CYREG_PERI_DIV_16_CTL0, 0x00000E00u);
 182:Generated_Source\PSoC4/cyfitter_cfg.c **** 	CY_SET_REG32((void *)CYREG_PERI_DIV_CMD, 0x8000FF40u);
 183:Generated_Source\PSoC4/cyfitter_cfg.c **** 
 184:Generated_Source\PSoC4/cyfitter_cfg.c **** 	/* CYDEV_CLK_SELECT Starting address: CYDEV_CLK_SELECT */
 185:Generated_Source\PSoC4/cyfitter_cfg.c **** 	CY_SET_REG32((void *)(CYREG_CLK_SELECT), 0x00000000u);
 186:Generated_Source\PSoC4/cyfitter_cfg.c **** 
 187:Generated_Source\PSoC4/cyfitter_cfg.c **** 	/* CYDEV_PERI_PCLK_CTL1 Starting address: CYDEV_PERI_PCLK_CTL1 */
 188:Generated_Source\PSoC4/cyfitter_cfg.c **** 	CY_SET_REG32((void *)(CYREG_PERI_PCLK_CTL1), 0x00000040u);
 189:Generated_Source\PSoC4/cyfitter_cfg.c **** 
 190:Generated_Source\PSoC4/cyfitter_cfg.c **** 	/* Set Flash Cycles based on newly configured 24.00MHz HFCLK. */
 191:Generated_Source\PSoC4/cyfitter_cfg.c **** 	CY_SET_REG32((void CYXDATA *)(CYREG_CPUSS_FLASH_CTL), (0x0011u));
 192:Generated_Source\PSoC4/cyfitter_cfg.c **** }
 193:Generated_Source\PSoC4/cyfitter_cfg.c **** 
 194:Generated_Source\PSoC4/cyfitter_cfg.c **** 
 195:Generated_Source\PSoC4/cyfitter_cfg.c **** /* Analog API Functions */
 196:Generated_Source\PSoC4/cyfitter_cfg.c **** 
 197:Generated_Source\PSoC4/cyfitter_cfg.c **** 
 198:Generated_Source\PSoC4/cyfitter_cfg.c **** /*******************************************************************************
 199:Generated_Source\PSoC4/cyfitter_cfg.c **** * Function Name: AnalogSetDefault
 200:Generated_Source\PSoC4/cyfitter_cfg.c **** ********************************************************************************
 201:Generated_Source\PSoC4/cyfitter_cfg.c **** *
ARM GAS  C:\Users\Stephen\AppData\Local\Temp\ccL7VdKg.s 			page 5


 202:Generated_Source\PSoC4/cyfitter_cfg.c **** * Summary:
 203:Generated_Source\PSoC4/cyfitter_cfg.c **** *  Sets up the analog portions of the chip to default values based on chip
 204:Generated_Source\PSoC4/cyfitter_cfg.c **** *  configuration options from the project.
 205:Generated_Source\PSoC4/cyfitter_cfg.c **** *
 206:Generated_Source\PSoC4/cyfitter_cfg.c **** * Parameters:
 207:Generated_Source\PSoC4/cyfitter_cfg.c **** *  void
 208:Generated_Source\PSoC4/cyfitter_cfg.c **** *
 209:Generated_Source\PSoC4/cyfitter_cfg.c **** * Return:
 210:Generated_Source\PSoC4/cyfitter_cfg.c **** *  void
 211:Generated_Source\PSoC4/cyfitter_cfg.c **** *
 212:Generated_Source\PSoC4/cyfitter_cfg.c **** *******************************************************************************/
 213:Generated_Source\PSoC4/cyfitter_cfg.c **** static void AnalogSetDefault(void);
 214:Generated_Source\PSoC4/cyfitter_cfg.c **** static void AnalogSetDefault(void)
 215:Generated_Source\PSoC4/cyfitter_cfg.c **** {
 216:Generated_Source\PSoC4/cyfitter_cfg.c **** }
 217:Generated_Source\PSoC4/cyfitter_cfg.c **** 
 218:Generated_Source\PSoC4/cyfitter_cfg.c **** 
 219:Generated_Source\PSoC4/cyfitter_cfg.c **** 
 220:Generated_Source\PSoC4/cyfitter_cfg.c **** 
 221:Generated_Source\PSoC4/cyfitter_cfg.c **** /*******************************************************************************
 222:Generated_Source\PSoC4/cyfitter_cfg.c **** * Function Name: cyfitter_cfg
 223:Generated_Source\PSoC4/cyfitter_cfg.c **** ********************************************************************************
 224:Generated_Source\PSoC4/cyfitter_cfg.c **** * Summary:
 225:Generated_Source\PSoC4/cyfitter_cfg.c **** *  This function is called by the start-up code for the selected device. It
 226:Generated_Source\PSoC4/cyfitter_cfg.c **** *  performs all of the necessary device configuration based on the design
 227:Generated_Source\PSoC4/cyfitter_cfg.c **** *  settings.  This includes settings from the Design Wide Resources (DWR) such
 228:Generated_Source\PSoC4/cyfitter_cfg.c **** *  as Clocks and Pins as well as any component configuration that is necessary.
 229:Generated_Source\PSoC4/cyfitter_cfg.c **** *
 230:Generated_Source\PSoC4/cyfitter_cfg.c **** * Parameters:
 231:Generated_Source\PSoC4/cyfitter_cfg.c **** *   void
 232:Generated_Source\PSoC4/cyfitter_cfg.c **** *
 233:Generated_Source\PSoC4/cyfitter_cfg.c **** * Return:
 234:Generated_Source\PSoC4/cyfitter_cfg.c **** *   void
 235:Generated_Source\PSoC4/cyfitter_cfg.c **** *
 236:Generated_Source\PSoC4/cyfitter_cfg.c **** *******************************************************************************/
 237:Generated_Source\PSoC4/cyfitter_cfg.c **** CY_CFG_SECTION
 238:Generated_Source\PSoC4/cyfitter_cfg.c **** void cyfitter_cfg(void)
 239:Generated_Source\PSoC4/cyfitter_cfg.c **** {
  28              		.loc 1 239 0
  29              		.cfi_startproc
  30              		@ args = 0, pretend = 0, frame = 0
  31              		@ frame_needed = 0, uses_anonymous_args = 0
  32 0000 10B5     		push	{r4, lr}
  33              		.cfi_def_cfa_offset 8
  34              		.cfi_offset 4, -8
  35              		.cfi_offset 14, -4
 240:Generated_Source\PSoC4/cyfitter_cfg.c **** 	/* Disable interrupts by default. Let user enable if/when they want. */
 241:Generated_Source\PSoC4/cyfitter_cfg.c **** 	CyGlobalIntDisable;
  36              		.loc 1 241 0
  37              		.syntax divided
  38              	@ 241 "Generated_Source\PSoC4\cyfitter_cfg.c" 1
  39 0002 72B6     		CPSID   i
  40              	@ 0 "" 2
 242:Generated_Source\PSoC4/cyfitter_cfg.c **** 
 243:Generated_Source\PSoC4/cyfitter_cfg.c **** 	{
 244:Generated_Source\PSoC4/cyfitter_cfg.c **** 		/* HSIOM Starting address: CYDEV_HSIOM_BASE */
 245:Generated_Source\PSoC4/cyfitter_cfg.c **** 		CY_SET_REG32((void *)(CYREG_HSIOM_PORT_SEL3), 0x0000EEEEu);
ARM GAS  C:\Users\Stephen\AppData\Local\Temp\ccL7VdKg.s 			page 6


  41              		.loc 1 245 0
  42              		.thumb
  43              		.syntax unified
  44 0004 154A     		ldr	r2, .L2
  45 0006 164B     		ldr	r3, .L2+4
  46              	.LBB6:
  47              	.LBB7:
 176:Generated_Source\PSoC4/cyfitter_cfg.c **** 	/* Update IMO to new clock speed. */
  48              		.loc 1 176 0
  49 0008 164C     		ldr	r4, .L2+8
  50              	.LBE7:
  51              	.LBE6:
  52              		.loc 1 245 0
  53 000a 1A60     		str	r2, [r3]
 246:Generated_Source\PSoC4/cyfitter_cfg.c **** 
 247:Generated_Source\PSoC4/cyfitter_cfg.c **** 	}
 248:Generated_Source\PSoC4/cyfitter_cfg.c **** 
 249:Generated_Source\PSoC4/cyfitter_cfg.c **** 	/* Perform second pass device configuration. These items must be configured in specific order afte
 250:Generated_Source\PSoC4/cyfitter_cfg.c **** 	/* IOPINS0_0 Starting address: CYDEV_GPIO_PRT0_BASE */
 251:Generated_Source\PSoC4/cyfitter_cfg.c **** 	CY_SET_REG32((void *)(CYREG_GPIO_PRT0_PC), 0x00040000u);
  54              		.loc 1 251 0
  55 000c 8022     		movs	r2, #128
  56 000e 164B     		ldr	r3, .L2+12
  57 0010 D202     		lsls	r2, r2, #11
  58 0012 1A60     		str	r2, [r3]
 252:Generated_Source\PSoC4/cyfitter_cfg.c **** 
 253:Generated_Source\PSoC4/cyfitter_cfg.c **** 	/* IOPINS0_1 Starting address: CYDEV_GPIO_PRT1_BASE */
 254:Generated_Source\PSoC4/cyfitter_cfg.c **** 	CY_SET_REG32((void *)(CYDEV_GPIO_PRT1_BASE), 0x00000005u);
  59              		.loc 1 254 0
  60 0014 0522     		movs	r2, #5
  61 0016 154B     		ldr	r3, .L2+16
  62              	.LBB10:
  63              	.LBB8:
 178:Generated_Source\PSoC4/cyfitter_cfg.c **** 
  64              		.loc 1 178 0
  65 0018 1820     		movs	r0, #24
  66              	.LBE8:
  67              	.LBE10:
  68              		.loc 1 254 0
  69 001a 1A60     		str	r2, [r3]
 255:Generated_Source\PSoC4/cyfitter_cfg.c **** 	CY_SET_REG32((void *)(CYREG_GPIO_PRT1_PC), 0x00000186u);
  70              		.loc 1 255 0
  71 001c 144B     		ldr	r3, .L2+20
  72 001e 8232     		adds	r2, r2, #130
  73 0020 FF32     		adds	r2, r2, #255
  74 0022 1A60     		str	r2, [r3]
 256:Generated_Source\PSoC4/cyfitter_cfg.c **** 
 257:Generated_Source\PSoC4/cyfitter_cfg.c **** 	/* IOPINS0_3 Starting address: CYDEV_GPIO_PRT3_BASE */
 258:Generated_Source\PSoC4/cyfitter_cfg.c **** 	CY_SET_REG32((void *)(CYDEV_GPIO_PRT3_BASE), 0x00000003u);
  75              		.loc 1 258 0
  76 0024 134B     		ldr	r3, .L2+24
  77 0026 843A     		subs	r2, r2, #132
  78 0028 FF3A     		subs	r2, r2, #255
  79 002a 1A60     		str	r2, [r3]
 259:Generated_Source\PSoC4/cyfitter_cfg.c **** 	CY_SET_REG32((void *)(CYREG_GPIO_PRT3_PC), 0x00000DA4u);
  80              		.loc 1 259 0
  81 002c 124A     		ldr	r2, .L2+28
ARM GAS  C:\Users\Stephen\AppData\Local\Temp\ccL7VdKg.s 			page 7


  82 002e 134B     		ldr	r3, .L2+32
 260:Generated_Source\PSoC4/cyfitter_cfg.c **** 
 261:Generated_Source\PSoC4/cyfitter_cfg.c **** 
 262:Generated_Source\PSoC4/cyfitter_cfg.c **** 	/* Setup clocks based on selections from Clock DWR */
 263:Generated_Source\PSoC4/cyfitter_cfg.c **** 	ClockSetup();
 264:Generated_Source\PSoC4/cyfitter_cfg.c **** 
 265:Generated_Source\PSoC4/cyfitter_cfg.c **** 	/* Perform basic analog initialization to defaults */
 266:Generated_Source\PSoC4/cyfitter_cfg.c **** 	AnalogSetDefault();
 267:Generated_Source\PSoC4/cyfitter_cfg.c **** 
 268:Generated_Source\PSoC4/cyfitter_cfg.c **** }
  83              		.loc 1 268 0
  84              		@ sp needed
 259:Generated_Source\PSoC4/cyfitter_cfg.c **** 	CY_SET_REG32((void *)(CYREG_GPIO_PRT3_PC), 0x00000DA4u);
  85              		.loc 1 259 0
  86 0030 1A60     		str	r2, [r3]
  87              	.LBB11:
  88              	.LBB9:
 176:Generated_Source\PSoC4/cyfitter_cfg.c **** 	/* Update IMO to new clock speed. */
  89              		.loc 1 176 0
  90 0032 1223     		movs	r3, #18
  91 0034 2360     		str	r3, [r4]
 178:Generated_Source\PSoC4/cyfitter_cfg.c **** 
  92              		.loc 1 178 0
  93 0036 FFF7FEFF 		bl	CySysClkWriteImoFreq
  94              	.LVL0:
 181:Generated_Source\PSoC4/cyfitter_cfg.c **** 	CY_SET_REG32((void *)CYREG_PERI_DIV_CMD, 0x8000FF40u);
  95              		.loc 1 181 0
  96 003a E022     		movs	r2, #224
  97 003c 104B     		ldr	r3, .L2+36
  98 003e 1201     		lsls	r2, r2, #4
  99 0040 1A60     		str	r2, [r3]
 182:Generated_Source\PSoC4/cyfitter_cfg.c **** 
 100              		.loc 1 182 0
 101 0042 104A     		ldr	r2, .L2+40
 102 0044 104B     		ldr	r3, .L2+44
 103 0046 1A60     		str	r2, [r3]
 185:Generated_Source\PSoC4/cyfitter_cfg.c **** 
 104              		.loc 1 185 0
 105 0048 0022     		movs	r2, #0
 106 004a 104B     		ldr	r3, .L2+48
 107 004c 1A60     		str	r2, [r3]
 188:Generated_Source\PSoC4/cyfitter_cfg.c **** 
 108              		.loc 1 188 0
 109 004e 104B     		ldr	r3, .L2+52
 110 0050 4032     		adds	r2, r2, #64
 111 0052 1A60     		str	r2, [r3]
 191:Generated_Source\PSoC4/cyfitter_cfg.c **** }
 112              		.loc 1 191 0
 113 0054 1123     		movs	r3, #17
 114 0056 2360     		str	r3, [r4]
 115              	.LBE9:
 116              	.LBE11:
 117              		.loc 1 268 0
 118 0058 10BD     		pop	{r4, pc}
 119              	.L3:
 120 005a C046     		.align	2
 121              	.L2:
ARM GAS  C:\Users\Stephen\AppData\Local\Temp\ccL7VdKg.s 			page 8


 122 005c EEEE0000 		.word	61166
 123 0060 00030240 		.word	1073873664
 124 0064 30001040 		.word	1074790448
 125 0068 08000440 		.word	1074003976
 126 006c 00010440 		.word	1074004224
 127 0070 08010440 		.word	1074004232
 128 0074 00030440 		.word	1074004736
 129 0078 A40D0000 		.word	3492
 130 007c 08030440 		.word	1074004744
 131 0080 00030140 		.word	1073808128
 132 0084 40FF0080 		.word	-2147418304
 133 0088 00000140 		.word	1073807360
 134 008c 28000340 		.word	1073938472
 135 0090 04010140 		.word	1073807620
 136              		.cfi_endproc
 137              	.LFE6:
 138              		.size	cyfitter_cfg, .-cyfitter_cfg
 139              		.text
 140              	.Letext0:
 141              		.file 2 "Generated_Source\\PSoC4\\cytypes.h"
 142              		.file 3 "Generated_Source\\PSoC4\\CyLib.h"
 143              		.section	.debug_info,"",%progbits
 144              	.Ldebug_info0:
 145 0000 F9000000 		.4byte	0xf9
 146 0004 0400     		.2byte	0x4
 147 0006 00000000 		.4byte	.Ldebug_abbrev0
 148 000a 04       		.byte	0x4
 149 000b 01       		.uleb128 0x1
 150 000c 58010000 		.4byte	.LASF18
 151 0010 0C       		.byte	0xc
 152 0011 15000000 		.4byte	.LASF19
 153 0015 B5000000 		.4byte	.LASF20
 154 0019 20000000 		.4byte	.Ldebug_ranges0+0x20
 155 001d 00000000 		.4byte	0
 156 0021 00000000 		.4byte	.Ldebug_line0
 157 0025 02       		.uleb128 0x2
 158 0026 04       		.byte	0x4
 159 0027 05       		.byte	0x5
 160 0028 696E7400 		.ascii	"int\000"
 161 002c 03       		.uleb128 0x3
 162 002d 04       		.byte	0x4
 163 002e 07       		.byte	0x7
 164 002f 3B000000 		.4byte	.LASF0
 165 0033 03       		.uleb128 0x3
 166 0034 08       		.byte	0x8
 167 0035 05       		.byte	0x5
 168 0036 00000000 		.4byte	.LASF1
 169 003a 03       		.uleb128 0x3
 170 003b 08       		.byte	0x8
 171 003c 04       		.byte	0x4
 172 003d 42010000 		.4byte	.LASF2
 173 0041 03       		.uleb128 0x3
 174 0042 01       		.byte	0x1
 175 0043 06       		.byte	0x6
 176 0044 36010000 		.4byte	.LASF3
 177 0048 03       		.uleb128 0x3
 178 0049 01       		.byte	0x1
ARM GAS  C:\Users\Stephen\AppData\Local\Temp\ccL7VdKg.s 			page 9


 179 004a 08       		.byte	0x8
 180 004b 99000000 		.4byte	.LASF4
 181 004f 03       		.uleb128 0x3
 182 0050 02       		.byte	0x2
 183 0051 05       		.byte	0x5
 184 0052 4E010000 		.4byte	.LASF5
 185 0056 03       		.uleb128 0x3
 186 0057 02       		.byte	0x2
 187 0058 07       		.byte	0x7
 188 0059 23010000 		.4byte	.LASF6
 189 005d 03       		.uleb128 0x3
 190 005e 04       		.byte	0x4
 191 005f 05       		.byte	0x5
 192 0060 AC000000 		.4byte	.LASF7
 193 0064 03       		.uleb128 0x3
 194 0065 04       		.byte	0x4
 195 0066 07       		.byte	0x7
 196 0067 5D000000 		.4byte	.LASF8
 197 006b 03       		.uleb128 0x3
 198 006c 08       		.byte	0x8
 199 006d 07       		.byte	0x7
 200 006e 7C000000 		.4byte	.LASF9
 201 0072 03       		.uleb128 0x3
 202 0073 04       		.byte	0x4
 203 0074 07       		.byte	0x7
 204 0075 EA010000 		.4byte	.LASF10
 205 0079 03       		.uleb128 0x3
 206 007a 01       		.byte	0x1
 207 007b 08       		.byte	0x8
 208 007c A7000000 		.4byte	.LASF11
 209 0080 04       		.uleb128 0x4
 210 0081 0E000000 		.4byte	.LASF14
 211 0085 02       		.byte	0x2
 212 0086 D401     		.2byte	0x1d4
 213 0088 64000000 		.4byte	0x64
 214 008c 03       		.uleb128 0x3
 215 008d 04       		.byte	0x4
 216 008e 04       		.byte	0x4
 217 008f 93000000 		.4byte	.LASF12
 218 0093 03       		.uleb128 0x3
 219 0094 08       		.byte	0x8
 220 0095 04       		.byte	0x4
 221 0096 16010000 		.4byte	.LASF13
 222 009a 04       		.uleb128 0x4
 223 009b 1D010000 		.4byte	.LASF15
 224 009f 02       		.byte	0x2
 225 00a0 7E02     		.2byte	0x27e
 226 00a2 A6000000 		.4byte	0xa6
 227 00a6 05       		.uleb128 0x5
 228 00a7 80000000 		.4byte	0x80
 229 00ab 06       		.uleb128 0x6
 230 00ac FA000000 		.4byte	.LASF16
 231 00b0 01       		.byte	0x1
 232 00b1 D6       		.byte	0xd6
 233 00b2 01       		.byte	0x1
 234 00b3 06       		.uleb128 0x6
 235 00b4 0B010000 		.4byte	.LASF17
ARM GAS  C:\Users\Stephen\AppData\Local\Temp\ccL7VdKg.s 			page 10


 236 00b8 01       		.byte	0x1
 237 00b9 AC       		.byte	0xac
 238 00ba 01       		.byte	0x1
 239 00bb 07       		.uleb128 0x7
 240 00bc 6F000000 		.4byte	.LASF21
 241 00c0 01       		.byte	0x1
 242 00c1 EE       		.byte	0xee
 243 00c2 00000000 		.4byte	.LFB6
 244 00c6 94000000 		.4byte	.LFE6-.LFB6
 245 00ca 01       		.uleb128 0x1
 246 00cb 9C       		.byte	0x9c
 247 00cc F1000000 		.4byte	0xf1
 248 00d0 08       		.uleb128 0x8
 249 00d1 B3000000 		.4byte	0xb3
 250 00d5 08000000 		.4byte	.LBB6
 251 00d9 00000000 		.4byte	.Ldebug_ranges0+0
 252 00dd 01       		.byte	0x1
 253 00de 0701     		.2byte	0x107
 254 00e0 09       		.uleb128 0x9
 255 00e1 3A000000 		.4byte	.LVL0
 256 00e5 F1000000 		.4byte	0xf1
 257 00e9 0A       		.uleb128 0xa
 258 00ea 01       		.uleb128 0x1
 259 00eb 50       		.byte	0x50
 260 00ec 01       		.uleb128 0x1
 261 00ed 48       		.byte	0x48
 262 00ee 00       		.byte	0
 263 00ef 00       		.byte	0
 264 00f0 00       		.byte	0
 265 00f1 0B       		.uleb128 0xb
 266 00f2 48000000 		.4byte	.LASF22
 267 00f6 48000000 		.4byte	.LASF22
 268 00fa 03       		.byte	0x3
 269 00fb 6C       		.byte	0x6c
 270 00fc 00       		.byte	0
 271              		.section	.debug_abbrev,"",%progbits
 272              	.Ldebug_abbrev0:
 273 0000 01       		.uleb128 0x1
 274 0001 11       		.uleb128 0x11
 275 0002 01       		.byte	0x1
 276 0003 25       		.uleb128 0x25
 277 0004 0E       		.uleb128 0xe
 278 0005 13       		.uleb128 0x13
 279 0006 0B       		.uleb128 0xb
 280 0007 03       		.uleb128 0x3
 281 0008 0E       		.uleb128 0xe
 282 0009 1B       		.uleb128 0x1b
 283 000a 0E       		.uleb128 0xe
 284 000b 55       		.uleb128 0x55
 285 000c 17       		.uleb128 0x17
 286 000d 11       		.uleb128 0x11
 287 000e 01       		.uleb128 0x1
 288 000f 10       		.uleb128 0x10
 289 0010 17       		.uleb128 0x17
 290 0011 00       		.byte	0
 291 0012 00       		.byte	0
 292 0013 02       		.uleb128 0x2
ARM GAS  C:\Users\Stephen\AppData\Local\Temp\ccL7VdKg.s 			page 11


 293 0014 24       		.uleb128 0x24
 294 0015 00       		.byte	0
 295 0016 0B       		.uleb128 0xb
 296 0017 0B       		.uleb128 0xb
 297 0018 3E       		.uleb128 0x3e
 298 0019 0B       		.uleb128 0xb
 299 001a 03       		.uleb128 0x3
 300 001b 08       		.uleb128 0x8
 301 001c 00       		.byte	0
 302 001d 00       		.byte	0
 303 001e 03       		.uleb128 0x3
 304 001f 24       		.uleb128 0x24
 305 0020 00       		.byte	0
 306 0021 0B       		.uleb128 0xb
 307 0022 0B       		.uleb128 0xb
 308 0023 3E       		.uleb128 0x3e
 309 0024 0B       		.uleb128 0xb
 310 0025 03       		.uleb128 0x3
 311 0026 0E       		.uleb128 0xe
 312 0027 00       		.byte	0
 313 0028 00       		.byte	0
 314 0029 04       		.uleb128 0x4
 315 002a 16       		.uleb128 0x16
 316 002b 00       		.byte	0
 317 002c 03       		.uleb128 0x3
 318 002d 0E       		.uleb128 0xe
 319 002e 3A       		.uleb128 0x3a
 320 002f 0B       		.uleb128 0xb
 321 0030 3B       		.uleb128 0x3b
 322 0031 05       		.uleb128 0x5
 323 0032 49       		.uleb128 0x49
 324 0033 13       		.uleb128 0x13
 325 0034 00       		.byte	0
 326 0035 00       		.byte	0
 327 0036 05       		.uleb128 0x5
 328 0037 35       		.uleb128 0x35
 329 0038 00       		.byte	0
 330 0039 49       		.uleb128 0x49
 331 003a 13       		.uleb128 0x13
 332 003b 00       		.byte	0
 333 003c 00       		.byte	0
 334 003d 06       		.uleb128 0x6
 335 003e 2E       		.uleb128 0x2e
 336 003f 00       		.byte	0
 337 0040 03       		.uleb128 0x3
 338 0041 0E       		.uleb128 0xe
 339 0042 3A       		.uleb128 0x3a
 340 0043 0B       		.uleb128 0xb
 341 0044 3B       		.uleb128 0x3b
 342 0045 0B       		.uleb128 0xb
 343 0046 27       		.uleb128 0x27
 344 0047 19       		.uleb128 0x19
 345 0048 20       		.uleb128 0x20
 346 0049 0B       		.uleb128 0xb
 347 004a 00       		.byte	0
 348 004b 00       		.byte	0
 349 004c 07       		.uleb128 0x7
ARM GAS  C:\Users\Stephen\AppData\Local\Temp\ccL7VdKg.s 			page 12


 350 004d 2E       		.uleb128 0x2e
 351 004e 01       		.byte	0x1
 352 004f 3F       		.uleb128 0x3f
 353 0050 19       		.uleb128 0x19
 354 0051 03       		.uleb128 0x3
 355 0052 0E       		.uleb128 0xe
 356 0053 3A       		.uleb128 0x3a
 357 0054 0B       		.uleb128 0xb
 358 0055 3B       		.uleb128 0x3b
 359 0056 0B       		.uleb128 0xb
 360 0057 27       		.uleb128 0x27
 361 0058 19       		.uleb128 0x19
 362 0059 11       		.uleb128 0x11
 363 005a 01       		.uleb128 0x1
 364 005b 12       		.uleb128 0x12
 365 005c 06       		.uleb128 0x6
 366 005d 40       		.uleb128 0x40
 367 005e 18       		.uleb128 0x18
 368 005f 9742     		.uleb128 0x2117
 369 0061 19       		.uleb128 0x19
 370 0062 01       		.uleb128 0x1
 371 0063 13       		.uleb128 0x13
 372 0064 00       		.byte	0
 373 0065 00       		.byte	0
 374 0066 08       		.uleb128 0x8
 375 0067 1D       		.uleb128 0x1d
 376 0068 01       		.byte	0x1
 377 0069 31       		.uleb128 0x31
 378 006a 13       		.uleb128 0x13
 379 006b 52       		.uleb128 0x52
 380 006c 01       		.uleb128 0x1
 381 006d 55       		.uleb128 0x55
 382 006e 17       		.uleb128 0x17
 383 006f 58       		.uleb128 0x58
 384 0070 0B       		.uleb128 0xb
 385 0071 59       		.uleb128 0x59
 386 0072 05       		.uleb128 0x5
 387 0073 00       		.byte	0
 388 0074 00       		.byte	0
 389 0075 09       		.uleb128 0x9
 390 0076 898201   		.uleb128 0x4109
 391 0079 01       		.byte	0x1
 392 007a 11       		.uleb128 0x11
 393 007b 01       		.uleb128 0x1
 394 007c 31       		.uleb128 0x31
 395 007d 13       		.uleb128 0x13
 396 007e 00       		.byte	0
 397 007f 00       		.byte	0
 398 0080 0A       		.uleb128 0xa
 399 0081 8A8201   		.uleb128 0x410a
 400 0084 00       		.byte	0
 401 0085 02       		.uleb128 0x2
 402 0086 18       		.uleb128 0x18
 403 0087 9142     		.uleb128 0x2111
 404 0089 18       		.uleb128 0x18
 405 008a 00       		.byte	0
 406 008b 00       		.byte	0
ARM GAS  C:\Users\Stephen\AppData\Local\Temp\ccL7VdKg.s 			page 13


 407 008c 0B       		.uleb128 0xb
 408 008d 2E       		.uleb128 0x2e
 409 008e 00       		.byte	0
 410 008f 3F       		.uleb128 0x3f
 411 0090 19       		.uleb128 0x19
 412 0091 3C       		.uleb128 0x3c
 413 0092 19       		.uleb128 0x19
 414 0093 6E       		.uleb128 0x6e
 415 0094 0E       		.uleb128 0xe
 416 0095 03       		.uleb128 0x3
 417 0096 0E       		.uleb128 0xe
 418 0097 3A       		.uleb128 0x3a
 419 0098 0B       		.uleb128 0xb
 420 0099 3B       		.uleb128 0x3b
 421 009a 0B       		.uleb128 0xb
 422 009b 00       		.byte	0
 423 009c 00       		.byte	0
 424 009d 00       		.byte	0
 425              		.section	.debug_aranges,"",%progbits
 426 0000 1C000000 		.4byte	0x1c
 427 0004 0200     		.2byte	0x2
 428 0006 00000000 		.4byte	.Ldebug_info0
 429 000a 04       		.byte	0x4
 430 000b 00       		.byte	0
 431 000c 0000     		.2byte	0
 432 000e 0000     		.2byte	0
 433 0010 00000000 		.4byte	.LFB6
 434 0014 94000000 		.4byte	.LFE6-.LFB6
 435 0018 00000000 		.4byte	0
 436 001c 00000000 		.4byte	0
 437              		.section	.debug_ranges,"",%progbits
 438              	.Ldebug_ranges0:
 439 0000 08000000 		.4byte	.LBB6
 440 0004 0A000000 		.4byte	.LBE6
 441 0008 18000000 		.4byte	.LBB10
 442 000c 1A000000 		.4byte	.LBE10
 443 0010 32000000 		.4byte	.LBB11
 444 0014 58000000 		.4byte	.LBE11
 445 0018 00000000 		.4byte	0
 446 001c 00000000 		.4byte	0
 447 0020 00000000 		.4byte	.LFB6
 448 0024 94000000 		.4byte	.LFE6
 449 0028 00000000 		.4byte	0
 450 002c 00000000 		.4byte	0
 451              		.section	.debug_line,"",%progbits
 452              	.Ldebug_line0:
 453 0000 95000000 		.section	.debug_str,"MS",%progbits,1
 453      02005400 
 453      00000201 
 453      FB0E0D00 
 453      01010101 
 454              	.LASF1:
 455 0000 6C6F6E67 		.ascii	"long long int\000"
 455      206C6F6E 
 455      6720696E 
 455      7400
 456              	.LASF14:
ARM GAS  C:\Users\Stephen\AppData\Local\Temp\ccL7VdKg.s 			page 14


 457 000e 75696E74 		.ascii	"uint32\000"
 457      333200
 458              	.LASF19:
 459 0015 47656E65 		.ascii	"Generated_Source\\PSoC4\\cyfitter_cfg.c\000"
 459      72617465 
 459      645F536F 
 459      75726365 
 459      5C50536F 
 460              	.LASF0:
 461 003b 756E7369 		.ascii	"unsigned int\000"
 461      676E6564 
 461      20696E74 
 461      00
 462              	.LASF22:
 463 0048 43795379 		.ascii	"CySysClkWriteImoFreq\000"
 463      73436C6B 
 463      57726974 
 463      65496D6F 
 463      46726571 
 464              	.LASF8:
 465 005d 6C6F6E67 		.ascii	"long unsigned int\000"
 465      20756E73 
 465      69676E65 
 465      6420696E 
 465      7400
 466              	.LASF21:
 467 006f 63796669 		.ascii	"cyfitter_cfg\000"
 467      74746572 
 467      5F636667 
 467      00
 468              	.LASF9:
 469 007c 6C6F6E67 		.ascii	"long long unsigned int\000"
 469      206C6F6E 
 469      6720756E 
 469      7369676E 
 469      65642069 
 470              	.LASF12:
 471 0093 666C6F61 		.ascii	"float\000"
 471      7400
 472              	.LASF4:
 473 0099 756E7369 		.ascii	"unsigned char\000"
 473      676E6564 
 473      20636861 
 473      7200
 474              	.LASF11:
 475 00a7 63686172 		.ascii	"char\000"
 475      00
 476              	.LASF7:
 477 00ac 6C6F6E67 		.ascii	"long int\000"
 477      20696E74 
 477      00
 478              	.LASF20:
 479 00b5 433A5C55 		.ascii	"C:\\Users\\Stephen\\Documents\\Firmware\\PSoC\\Boot"
 479      73657273 
 479      5C537465 
 479      7068656E 
 479      5C446F63 
ARM GAS  C:\Users\Stephen\AppData\Local\Temp\ccL7VdKg.s 			page 15


 480 00e2 6C6F6164 		.ascii	"loader\\Bootloader.cydsn\000"
 480      65725C42 
 480      6F6F746C 
 480      6F616465 
 480      722E6379 
 481              	.LASF16:
 482 00fa 416E616C 		.ascii	"AnalogSetDefault\000"
 482      6F675365 
 482      74446566 
 482      61756C74 
 482      00
 483              	.LASF17:
 484 010b 436C6F63 		.ascii	"ClockSetup\000"
 484      6B536574 
 484      757000
 485              	.LASF13:
 486 0116 646F7562 		.ascii	"double\000"
 486      6C6500
 487              	.LASF15:
 488 011d 72656733 		.ascii	"reg32\000"
 488      3200
 489              	.LASF6:
 490 0123 73686F72 		.ascii	"short unsigned int\000"
 490      7420756E 
 490      7369676E 
 490      65642069 
 490      6E7400
 491              	.LASF3:
 492 0136 7369676E 		.ascii	"signed char\000"
 492      65642063 
 492      68617200 
 493              	.LASF2:
 494 0142 6C6F6E67 		.ascii	"long double\000"
 494      20646F75 
 494      626C6500 
 495              	.LASF5:
 496 014e 73686F72 		.ascii	"short int\000"
 496      7420696E 
 496      7400
 497              	.LASF18:
 498 0158 474E5520 		.ascii	"GNU C11 5.4.1 20160609 (release) [ARM/embedded-5-br"
 498      43313120 
 498      352E342E 
 498      31203230 
 498      31363036 
 499 018b 616E6368 		.ascii	"anch revision 237715] -mcpu=cortex-m0plus -mthumb -"
 499      20726576 
 499      6973696F 
 499      6E203233 
 499      37373135 
 500 01be 67202D4F 		.ascii	"g -Os -ffunction-sections -ffat-lto-objects\000"
 500      73202D66 
 500      66756E63 
 500      74696F6E 
 500      2D736563 
 501              	.LASF10:
 502 01ea 73697A65 		.ascii	"sizetype\000"
ARM GAS  C:\Users\Stephen\AppData\Local\Temp\ccL7VdKg.s 			page 16


 502      74797065 
 502      00
 503              		.ident	"GCC: (GNU Tools for ARM Embedded Processors) 5.4.1 20160609 (release) [ARM/embedded-5-bran
